Component: Arm Compiler for Embedded 6.19 Tool: armlink [5e73cb00]

==============================================================================

Section Cross References

    startup_stm32wb55xx_cm4.o(STACK) refers (Special) to heapauxi.o(.text) for __use_two_region_memory
    startup_stm32wb55xx_cm4.o(HEAP) refers (Special) to heapauxi.o(.text) for __use_two_region_memory
    startup_stm32wb55xx_cm4.o(RESET) refers (Special) to heapauxi.o(.text) for __use_two_region_memory
    startup_stm32wb55xx_cm4.o(RESET) refers to startup_stm32wb55xx_cm4.o(STACK) for __initial_sp
    startup_stm32wb55xx_cm4.o(RESET) refers to startup_stm32wb55xx_cm4.o(.text) for Reset_Handler
    startup_stm32wb55xx_cm4.o(RESET) refers to stm32wbxx_it.o(.text.NMI_Handler) for NMI_Handler
    startup_stm32wb55xx_cm4.o(RESET) refers to stm32wbxx_it.o(.text.HardFault_Handler) for HardFault_Handler
    startup_stm32wb55xx_cm4.o(RESET) refers to stm32wbxx_it.o(.text.MemManage_Handler) for MemManage_Handler
    startup_stm32wb55xx_cm4.o(RESET) refers to stm32wbxx_it.o(.text.BusFault_Handler) for BusFault_Handler
    startup_stm32wb55xx_cm4.o(RESET) refers to stm32wbxx_it.o(.text.UsageFault_Handler) for UsageFault_Handler
    startup_stm32wb55xx_cm4.o(RESET) refers to stm32wbxx_it.o(.text.SVC_Handler) for SVC_Handler
    startup_stm32wb55xx_cm4.o(RESET) refers to stm32wbxx_it.o(.text.DebugMon_Handler) for DebugMon_Handler
    startup_stm32wb55xx_cm4.o(RESET) refers to stm32wbxx_it.o(.text.PendSV_Handler) for PendSV_Handler
    startup_stm32wb55xx_cm4.o(RESET) refers to stm32wbxx_it.o(.text.SysTick_Handler) for SysTick_Handler
    startup_stm32wb55xx_cm4.o(.text) refers (Special) to heapauxi.o(.text) for __use_two_region_memory
    startup_stm32wb55xx_cm4.o(.text) refers to system_stm32wbxx.o(.text.SystemInit) for SystemInit
    startup_stm32wb55xx_cm4.o(.text) refers to __main.o(!!!main) for __main
    startup_stm32wb55xx_cm4.o(.text) refers to startup_stm32wb55xx_cm4.o(HEAP) for Heap_Mem
    startup_stm32wb55xx_cm4.o(.text) refers to startup_stm32wb55xx_cm4.o(STACK) for Stack_Mem
    main.o(.text.main) refers to stm32wbxx_hal.o(.text.HAL_Init) for HAL_Init
    main.o(.text.main) refers to main.o(.text.SystemClock_Config) for SystemClock_Config
    main.o(.text.main) refers to rt_memclr_w.o(.text) for __aeabi_memclr4
    main.o(.text.main) refers to stm32wbxx_hal_rcc_ex.o(.text.HAL_RCCEx_PeriphCLKConfig) for HAL_RCCEx_PeriphCLKConfig
    main.o(.text.main) refers to stm32wbxx_hal_gpio.o(.text.HAL_GPIO_WritePin) for HAL_GPIO_WritePin
    main.o(.text.main) refers to stm32wbxx_hal_gpio.o(.text.HAL_GPIO_Init) for HAL_GPIO_Init
    main.o(.text.main) refers to main.o(.bss.hspi1) for hspi1
    main.o(.text.main) refers to stm32wbxx_hal_spi.o(.text.HAL_SPI_Init) for HAL_SPI_Init
    main.o(.text.main) refers to main.o(.bss.hpcd_USB_FS) for hpcd_USB_FS
    main.o(.text.main) refers to stm32wbxx_hal_pcd.o(.text.HAL_PCD_Init) for HAL_PCD_Init
    main.o(.text.main) refers to main.o(.bss.hspi2) for hspi2
    main.o(.text.main) refers to app_fatfs.o(.text.MX_FATFS_Init) for MX_FATFS_Init
    main.o(.text.main) refers to ads1299.o(.text.ADS1299_Init) for ADS1299_Init
    main.o(.text.main) refers to stm32wbxx_hal_gpio.o(.text.HAL_GPIO_TogglePin) for HAL_GPIO_TogglePin
    main.o(.text.main) refers to ads1299.o(.text.ADS1299_WriteRegister) for ADS1299_WriteRegister
    main.o(.text.main) refers to stm32wbxx_hal.o(.text.HAL_Delay) for HAL_Delay
    main.o(.ARM.exidx.text.main) refers to main.o(.text.main) for [Anonymous Symbol]
    main.o(.text.SystemClock_Config) refers to stm32wbxx_hal_pwr.o(.text.HAL_PWR_EnableBkUpAccess) for HAL_PWR_EnableBkUpAccess
    main.o(.text.SystemClock_Config) refers to stm32wbxx_hal_rcc.o(.text.HAL_RCC_OscConfig) for HAL_RCC_OscConfig
    main.o(.text.SystemClock_Config) refers to stm32wbxx_hal_rcc.o(.text.HAL_RCC_ClockConfig) for HAL_RCC_ClockConfig
    main.o(.text.SystemClock_Config) refers to stm32wbxx_hal_rcc_ex.o(.text.HAL_RCCEx_EnableMSIPLLMode) for HAL_RCCEx_EnableMSIPLLMode
    main.o(.ARM.exidx.text.SystemClock_Config) refers to main.o(.text.SystemClock_Config) for [Anonymous Symbol]
    main.o(.text.PeriphCommonClock_Config) refers to rt_memclr_w.o(.text) for __aeabi_memclr4
    main.o(.text.PeriphCommonClock_Config) refers to stm32wbxx_hal_rcc_ex.o(.text.HAL_RCCEx_PeriphCLKConfig) for HAL_RCCEx_PeriphCLKConfig
    main.o(.ARM.exidx.text.PeriphCommonClock_Config) refers to main.o(.text.PeriphCommonClock_Config) for [Anonymous Symbol]
    main.o(.ARM.exidx.text.Error_Handler) refers to main.o(.text.Error_Handler) for [Anonymous Symbol]
    stm32wbxx_it.o(.ARM.exidx.text.NMI_Handler) refers to stm32wbxx_it.o(.text.NMI_Handler) for [Anonymous Symbol]
    stm32wbxx_it.o(.ARM.exidx.text.HardFault_Handler) refers to stm32wbxx_it.o(.text.HardFault_Handler) for [Anonymous Symbol]
    stm32wbxx_it.o(.ARM.exidx.text.MemManage_Handler) refers to stm32wbxx_it.o(.text.MemManage_Handler) for [Anonymous Symbol]
[...]
    Removing stm32wbxx_hal_spi.o(.text.SPI_DMATransmitReceiveCplt), (138 bytes).
    Removing stm32wbxx_hal_spi.o(.ARM.exidx.text.SPI_DMATransmitReceiveCplt), (8 bytes).
    Removing stm32wbxx_hal_spi.o(.text.HAL_SPI_Abort), (554 bytes).
    Removing stm32wbxx_hal_spi.o(.ARM.exidx.text.HAL_SPI_Abort), (8 bytes).
    Removing stm32wbxx_hal_spi.o(.text.SPI_AbortTx_ISR), (366 bytes).
    Removing stm32wbxx_hal_spi.o(.ARM.exidx.text.SPI_AbortTx_ISR), (8 bytes).
    Removing stm32wbxx_hal_spi.o(.text.SPI_AbortRx_ISR), (186 bytes).
    Removing stm32wbxx_hal_spi.o(.ARM.exidx.text.SPI_AbortRx_ISR), (8 bytes).
    Removing stm32wbxx_hal_spi.o(.ARM.exidx.text.SPI_WaitFifoStateUntilTimeout), (8 bytes).
    Removing stm32wbxx_hal_spi.o(.ARM.exidx.text.SPI_WaitFlagStateUntilTimeout), (8 bytes).
    Removing stm32wbxx_hal_spi.o(.text.HAL_SPI_Abort_IT), (450 bytes).
    Removing stm32wbxx_hal_spi.o(.ARM.exidx.text.HAL_SPI_Abort_IT), (8 bytes).
    Removing stm32wbxx_hal_spi.o(.text.SPI_DMATxAbortCallback), (192 bytes).
    Removing stm32wbxx_hal_spi.o(.ARM.exidx.text.SPI_DMATxAbortCallback), (8 bytes).
    Removing stm32wbxx_hal_spi.o(.text.SPI_DMARxAbortCallback), (150 bytes).
    Removing stm32wbxx_hal_spi.o(.ARM.exidx.text.SPI_DMARxAbortCallback), (8 bytes).
    Removing stm32wbxx_hal_spi.o(.text.HAL_SPI_AbortCpltCallback), (2 bytes).
    Removing stm32wbxx_hal_spi.o(.ARM.exidx.text.HAL_SPI_AbortCpltCallback), (8 bytes).
    Removing stm32wbxx_hal_spi.o(.text.HAL_SPI_DMAPause), (32 bytes).
    Removing stm32wbxx_hal_spi.o(.ARM.exidx.text.HAL_SPI_DMAPause), (8 bytes).
    Removing stm32wbxx_hal_spi.o(.text.HAL_SPI_DMAResume), (32 bytes).
    Removing stm32wbxx_hal_spi.o(.ARM.exidx.text.HAL_SPI_DMAResume), (8 bytes).
    Removing stm32wbxx_hal_spi.o(.text.HAL_SPI_DMAStop), (74 bytes).
    Removing stm32wbxx_hal_spi.o(.ARM.exidx.text.HAL_SPI_DMAStop), (8 bytes).
    Removing stm32wbxx_hal_spi.o(.text.HAL_SPI_IRQHandler), (300 bytes).
    Removing stm32wbxx_hal_spi.o(.ARM.exidx.text.HAL_SPI_IRQHandler), (8 bytes).
    Removing stm32wbxx_hal_spi.o(.text.SPI_DMAAbortOnError), (14 bytes).
    Removing stm32wbxx_hal_spi.o(.ARM.exidx.text.SPI_DMAAbortOnError), (8 bytes).
    Removing stm32wbxx_hal_spi.o(.ARM.exidx.text.HAL_SPI_ErrorCallback), (8 bytes).
    Removing stm32wbxx_hal_spi.o(.ARM.exidx.text.HAL_SPI_TxCpltCallback), (8 bytes).
    Removing stm32wbxx_hal_spi.o(.text.HAL_SPI_RxCpltCallback), (2 bytes).
    Removing stm32wbxx_hal_spi.o(.ARM.exidx.text.HAL_SPI_RxCpltCallback), (8 bytes).
    Removing stm32wbxx_hal_spi.o(.text.HAL_SPI_TxRxCpltCallback), (2 bytes).
    Removing stm32wbxx_hal_spi.o(.ARM.exidx.text.HAL_SPI_TxRxCpltCallback), (8 bytes).
    Removing stm32wbxx_hal_spi.o(.ARM.exidx.text.HAL_SPI_TxHalfCpltCallback), (8 bytes).
    Removing stm32wbxx_hal_spi.o(.text.HAL_SPI_RxHalfCpltCallback), (2 bytes).
    Removing stm32wbxx_hal_spi.o(.ARM.exidx.text.HAL_SPI_RxHalfCpltCallback), (8 bytes).
    Removing stm32wbxx_hal_spi.o(.text.HAL_SPI_TxRxHalfCpltCallback), (2 bytes).
    Removing stm32wbxx_hal_spi.o(.ARM.exidx.text.HAL_SPI_TxRxHalfCpltCallback), (8 bytes).
    Removing stm32wbxx_hal_spi.o(.text.HAL_SPI_GetState), (6 bytes).
    Removing stm32wbxx_hal_spi.o(.ARM.exidx.text.HAL_SPI_GetState), (8 bytes).
    Removing stm32wbxx_hal_spi.o(.text.HAL_SPI_GetError), (4 bytes).
    Removing stm32wbxx_hal_spi.o(.ARM.exidx.text.HAL_SPI_GetError), (8 bytes).
    Removing stm32wbxx_hal_spi.o(.text.SPI_CloseRxTx_ISR), (132 bytes).
    Removing stm32wbxx_hal_spi.o(.ARM.exidx.text.SPI_CloseRxTx_ISR), (8 bytes).
    Removing stm32wbxx_hal_spi.o(.text.SPI_CloseRx_ISR), (154 bytes).
    Removing stm32wbxx_hal_spi.o(.ARM.exidx.text.SPI_CloseRx_ISR), (8 bytes).
    Removing stm32wbxx_hal_spi.o(.text.SPI_CloseTx_ISR), (136 bytes).
    Removing stm32wbxx_hal_spi.o(.ARM.exidx.text.SPI_CloseTx_ISR), (8 bytes).
    Removing stm32wbxx_hal_spi_ex.o(.text), (0 bytes).
    Removing stm32wbxx_hal_spi_ex.o(.text.HAL_SPIEx_FlushRxFifo), (74 bytes).
    Removing stm32wbxx_hal_spi_ex.o(.ARM.exidx.text.HAL_SPIEx_FlushRxFifo), (8 bytes).
    Removing stm32wbxx_hal_tim.o(.text), (0 bytes).
    Removing stm32wbxx_hal_tim_ex.o(.text), (0 bytes).
    Removing stm32wbxx_hal_pcd.o(.text), (0 bytes).
    Removing stm32wbxx_hal_pcd.o(.ARM.exidx.text.HAL_PCD_Init), (8 bytes).
    Removing stm32wbxx_hal_pcd.o(.text.HAL_PCD_MspInit), (2 bytes).
    Removing stm32wbxx_hal_pcd.o(.ARM.exidx.text.HAL_PCD_MspInit), (8 bytes).
    Removing stm32wbxx_hal_pcd.o(.text.HAL_PCD_DeInit), (38 bytes).
    Removing stm32wbxx_hal_pcd.o(.ARM.exidx.text.HAL_PCD_DeInit), (8 bytes).
    Removing stm32wbxx_hal_pcd.o(.text.HAL_PCD_MspDeInit), (2 bytes).
    Removing stm32wbxx_hal_pcd.o(.ARM.exidx.text.HAL_PCD_MspDeInit), (8 bytes).
    Removing stm32wbxx_hal_pcd.o(.text.HAL_PCD_Start), (42 bytes).
    Removing stm32wbxx_hal_pcd.o(.ARM.exidx.text.HAL_PCD_Start), (8 bytes).
    Removing stm32wbxx_hal_pcd.o(.text.HAL_PCD_Stop), (42 bytes).
    Removing stm32wbxx_hal_pcd.o(.ARM.exidx.text.HAL_PCD_Stop), (8 bytes).
    Removing stm32wbxx_hal_pcd.o(.text.HAL_PCD_IRQHandler), (2430 bytes).
    Removing stm32wbxx_hal_pcd.o(.ARM.exidx.text.HAL_PCD_IRQHandler), (8 bytes).
    Removing stm32wbxx_hal_pcd.o(.text.HAL_PCD_ResetCallback), (2 bytes).
    Removing stm32wbxx_hal_pcd.o(.ARM.exidx.text.HAL_PCD_ResetCallback), (8 bytes).
    Removing stm32wbxx_hal_pcd.o(.text.HAL_PCD_SetAddress), (40 bytes).
    Removing stm32wbxx_hal_pcd.o(.ARM.exidx.text.HAL_PCD_SetAddress), (8 bytes).
    Removing stm32wbxx_hal_pcd.o(.text.HAL_PCD_ResumeCallback), (2 bytes).
    Removing stm32wbxx_hal_pcd.o(.ARM.exidx.text.HAL_PCD_ResumeCallback), (8 bytes).
    Removing stm32wbxx_hal_pcd.o(.text.HAL_PCD_SuspendCallback), (2 bytes).
    Removing stm32wbxx_hal_pcd.o(.ARM.exidx.text.HAL_PCD_SuspendCallback), (8 bytes).
    Removing stm32wbxx_hal_pcd.o(.text.HAL_PCD_SOFCallback), (2 bytes).
    Removing stm32wbxx_hal_pcd.o(.ARM.exidx.text.HAL_PCD_SOFCallback), (8 bytes).
    Removing stm32wbxx_hal_pcd.o(.text.HAL_PCD_DataOutStageCallback), (2 bytes).
    Removing stm32wbxx_hal_pcd.o(.ARM.exidx.text.HAL_PCD_DataOutStageCallback), (8 bytes).
    Removing stm32wbxx_hal_pcd.o(.text.HAL_PCD_DataInStageCallback), (2 bytes).
    Removing stm32wbxx_hal_pcd.o(.ARM.exidx.text.HAL_PCD_DataInStageCallback), (8 bytes).
    Removing stm32wbxx_hal_pcd.o(.text.HAL_PCD_SetupStageCallback), (2 bytes).
    Removing stm32wbxx_hal_pcd.o(.ARM.exidx.text.HAL_PCD_SetupStageCallback), (8 bytes).
    Removing stm32wbxx_hal_pcd.o(.text.HAL_PCD_ISOOUTIncompleteCallback), (2 bytes).
    Removing stm32wbxx_hal_pcd.o(.ARM.exidx.text.HAL_PCD_ISOOUTIncompleteCallback), (8 bytes).
    Removing stm32wbxx_hal_pcd.o(.text.HAL_PCD_ISOINIncompleteCallback), (2 bytes).
    Removing stm32wbxx_hal_pcd.o(.ARM.exidx.text.HAL_PCD_ISOINIncompleteCallback), (8 bytes).
    Removing stm32wbxx_hal_pcd.o(.text.HAL_PCD_ConnectCallback), (2 bytes).
    Removing stm32wbxx_hal_pcd.o(.ARM.exidx.text.HAL_PCD_ConnectCallback), (8 bytes).
    Removing stm32wbxx_hal_pcd.o(.text.HAL_PCD_DisconnectCallback), (2 bytes).
    Removing stm32wbxx_hal_pcd.o(.ARM.exidx.text.HAL_PCD_DisconnectCallback), (8 bytes).
    Removing stm32wbxx_hal_pcd.o(.text.HAL_PCD_DevConnect), (36 bytes).
    Removing stm32wbxx_hal_pcd.o(.ARM.exidx.text.HAL_PCD_DevConnect), (8 bytes).
    Removing stm32wbxx_hal_pcd.o(.text.HAL_PCD_DevDisconnect), (36 bytes).
    Removing stm32wbxx_hal_pcd.o(.ARM.exidx.text.HAL_PCD_DevDisconnect), (8 bytes).
    Removing stm32wbxx_hal_pcd.o(.text.HAL_PCD_EP_Open), (96 bytes).
    Removing stm32wbxx_hal_pcd.o(.ARM.exidx.text.HAL_PCD_EP_Open), (8 bytes).
    Removing stm32wbxx_hal_pcd.o(.text.HAL_PCD_EP_Close), (80 bytes).
    Removing stm32wbxx_hal_pcd.o(.ARM.exidx.text.HAL_PCD_EP_Close), (8 bytes).
    Removing stm32wbxx_hal_pcd.o(.text.HAL_PCD_EP_Receive), (50 bytes).
    Removing stm32wbxx_hal_pcd.o(.ARM.exidx.text.HAL_PCD_EP_Receive), (8 bytes).
    Removing stm32wbxx_hal_pcd.o(.text.HAL_PCD_EP_GetRxCount), (18 bytes).
    Removing stm32wbxx_hal_pcd.o(.ARM.exidx.text.HAL_PCD_EP_GetRxCount), (8 bytes).
    Removing stm32wbxx_hal_pcd.o(.text.HAL_PCD_EP_Transmit), (54 bytes).
    Removing stm32wbxx_hal_pcd.o(.ARM.exidx.text.HAL_PCD_EP_Transmit), (8 bytes).
    Removing stm32wbxx_hal_pcd.o(.text.HAL_PCD_EP_SetStall), (102 bytes).
    Removing stm32wbxx_hal_pcd.o(.ARM.exidx.text.HAL_PCD_EP_SetStall), (8 bytes).
    Removing stm32wbxx_hal_pcd.o(.text.HAL_PCD_EP_ClrStall), (100 bytes).
    Removing stm32wbxx_hal_pcd.o(.ARM.exidx.text.HAL_PCD_EP_ClrStall), (8 bytes).
    Removing stm32wbxx_hal_pcd.o(.text.HAL_PCD_EP_Abort), (32 bytes).
    Removing stm32wbxx_hal_pcd.o(.ARM.exidx.text.HAL_PCD_EP_Abort), (8 bytes).
    Removing stm32wbxx_hal_pcd.o(.text.HAL_PCD_EP_Flush), (4 bytes).
    Removing stm32wbxx_hal_pcd.o(.ARM.exidx.text.HAL_PCD_EP_Flush), (8 bytes).
    Removing stm32wbxx_hal_pcd.o(.text.HAL_PCD_ActivateRemoteWakeup), (6 bytes).
    Removing stm32wbxx_hal_pcd.o(.ARM.exidx.text.HAL_PCD_ActivateRemoteWakeup), (8 bytes).
    Removing stm32wbxx_hal_pcd.o(.text.HAL_PCD_DeActivateRemoteWakeup), (6 bytes).
    Removing stm32wbxx_hal_pcd.o(.ARM.exidx.text.HAL_PCD_DeActivateRemoteWakeup), (8 bytes).
    Removing stm32wbxx_hal_pcd.o(.text.HAL_PCD_GetState), (6 bytes).
    Removing stm32wbxx_hal_pcd.o(.ARM.exidx.text.HAL_PCD_GetState), (8 bytes).
    Removing stm32wbxx_hal_pcd_ex.o(.text), (0 bytes).
    Removing stm32wbxx_hal_pcd_ex.o(.text.HAL_PCDEx_PMAConfig), (58 bytes).
    Removing stm32wbxx_hal_pcd_ex.o(.ARM.exidx.text.HAL_PCDEx_PMAConfig), (8 bytes).
    Removing stm32wbxx_hal_pcd_ex.o(.text.HAL_PCDEx_ActivateBCD), (60 bytes).
    Removing stm32wbxx_hal_pcd_ex.o(.ARM.exidx.text.HAL_PCDEx_ActivateBCD), (8 bytes).
    Removing stm32wbxx_hal_pcd_ex.o(.text.HAL_PCDEx_DeActivateBCD), (24 bytes).
    Removing stm32wbxx_hal_pcd_ex.o(.ARM.exidx.text.HAL_PCDEx_DeActivateBCD), (8 bytes).
    Removing stm32wbxx_hal_pcd_ex.o(.text.HAL_PCDEx_BCD_VBUSDetect), (190 bytes).
    Removing stm32wbxx_hal_pcd_ex.o(.ARM.exidx.text.HAL_PCDEx_BCD_VBUSDetect), (8 bytes).
    Removing stm32wbxx_hal_pcd_ex.o(.text.HAL_PCDEx_BCD_Callback), (2 bytes).
    Removing stm32wbxx_hal_pcd_ex.o(.ARM.exidx.text.HAL_PCDEx_BCD_Callback), (8 bytes).
    Removing stm32wbxx_hal_pcd_ex.o(.ARM.exidx.text.HAL_PCDEx_ActivateLPM), (8 bytes).
    Removing stm32wbxx_hal_pcd_ex.o(.text.HAL_PCDEx_DeActivateLPM), (36 bytes).
    Removing stm32wbxx_hal_pcd_ex.o(.ARM.exidx.text.HAL_PCDEx_DeActivateLPM), (8 bytes).
    Removing stm32wbxx_hal_pcd_ex.o(.text.HAL_PCDEx_LPM_Callback), (2 bytes).
    Removing stm32wbxx_hal_pcd_ex.o(.ARM.exidx.text.HAL_PCDEx_LPM_Callback), (8 bytes).
    Removing stm32wbxx_ll_usb.o(.text), (0 bytes).
    Removing stm32wbxx_ll_usb.o(.text.USB_CoreInit), (4 bytes).
    Removing stm32wbxx_ll_usb.o(.ARM.exidx.text.USB_CoreInit), (8 bytes).
    Removing stm32wbxx_ll_usb.o(.text.USB_EnableGlobalInt), (20 bytes).
    Removing stm32wbxx_ll_usb.o(.ARM.exidx.text.USB_EnableGlobalInt), (8 bytes).
    Removing stm32wbxx_ll_usb.o(.ARM.exidx.text.USB_DisableGlobalInt), (8 bytes).
    Removing stm32wbxx_ll_usb.o(.text.USB_SetCurrentMode), (4 bytes).
    Removing stm32wbxx_ll_usb.o(.ARM.exidx.text.USB_SetCurrentMode), (8 bytes).
    Removing stm32wbxx_ll_usb.o(.ARM.exidx.text.USB_DevInit), (8 bytes).
    Removing stm32wbxx_ll_usb.o(.text.USB_ActivateEndpoint), (588 bytes).
    Removing stm32wbxx_ll_usb.o(.ARM.exidx.text.USB_ActivateEndpoint), (8 bytes).
    Removing stm32wbxx_ll_usb.o(.text.USB_DeactivateEndpoint), (226 bytes).
    Removing stm32wbxx_ll_usb.o(.ARM.exidx.text.USB_DeactivateEndpoint), (8 bytes).
    Removing stm32wbxx_ll_usb.o(.text.USB_EPStartXfer), (2142 bytes).
    Removing stm32wbxx_ll_usb.o(.ARM.exidx.text.USB_EPStartXfer), (8 bytes).
    Removing stm32wbxx_ll_usb.o(.text.USB_WritePMA), (130 bytes).
    Removing stm32wbxx_ll_usb.o(.ARM.exidx.text.USB_WritePMA), (8 bytes).
    Removing stm32wbxx_ll_usb.o(.text.USB_EPSetStall), (50 bytes).
    Removing stm32wbxx_ll_usb.o(.ARM.exidx.text.USB_EPSetStall), (8 bytes).
    Removing stm32wbxx_ll_usb.o(.text.USB_EPClearStall), (124 bytes).
    Removing stm32wbxx_ll_usb.o(.ARM.exidx.text.USB_EPClearStall), (8 bytes).
    Removing stm32wbxx_ll_usb.o(.text.USB_EPStopXfer), (130 bytes).
    Removing stm32wbxx_ll_usb.o(.ARM.exidx.text.USB_EPStopXfer), (8 bytes).
    Removing stm32wbxx_ll_usb.o(.text.USB_StopDevice), (24 bytes).
    Removing stm32wbxx_ll_usb.o(.ARM.exidx.text.USB_StopDevice), (8 bytes).
    Removing stm32wbxx_ll_usb.o(.text.USB_SetDevAddress), (14 bytes).
    Removing stm32wbxx_ll_usb.o(.ARM.exidx.text.USB_SetDevAddress), (8 bytes).
    Removing stm32wbxx_ll_usb.o(.text.USB_DevConnect), (18 bytes).
    Removing stm32wbxx_ll_usb.o(.ARM.exidx.text.USB_DevConnect), (8 bytes).
    Removing stm32wbxx_ll_usb.o(.text.USB_DevDisconnect), (18 bytes).
    Removing stm32wbxx_ll_usb.o(.ARM.exidx.text.USB_DevDisconnect), (8 bytes).
    Removing stm32wbxx_ll_usb.o(.text.USB_ReadInterrupts), (6 bytes).
    Removing stm32wbxx_ll_usb.o(.ARM.exidx.text.USB_ReadInterrupts), (8 bytes).
    Removing stm32wbxx_ll_usb.o(.text.USB_ActivateRemoteWakeup), (18 bytes).
    Removing stm32wbxx_ll_usb.o(.ARM.exidx.text.USB_ActivateRemoteWakeup), (8 bytes).
    Removing stm32wbxx_ll_usb.o(.text.USB_DeActivateRemoteWakeup), (18 bytes).
    Removing stm32wbxx_ll_usb.o(.ARM.exidx.text.USB_DeActivateRemoteWakeup), (8 bytes).
    Removing stm32wbxx_ll_usb.o(.text.USB_ReadPMA), (156 bytes).
    Removing stm32wbxx_ll_usb.o(.ARM.exidx.text.USB_ReadPMA), (8 bytes).
    Removing system_stm32wbxx.o(.text), (0 bytes).
    Removing system_stm32wbxx.o(.ARM.exidx.text.SystemInit), (8 bytes).
    Removing system_stm32wbxx.o(.text.SystemCoreClockUpdate), (174 bytes).
    Removing system_stm32wbxx.o(.ARM.exidx.text.SystemCoreClockUpdate), (8 bytes).
    Removing system_stm32wbxx.o(.rodata.APBPrescTable), (32 bytes).
    Removing system_stm32wbxx.o(.rodata.SmpsPrescalerTable), (96 bytes).
    Removing diskio.o(.text), (0 bytes).
    Removing diskio.o(.text.disk_status), (22 bytes).
    Removing diskio.o(.ARM.exidx.text.disk_status), (8 bytes).
    Removing diskio.o(.text.disk_initialize), (36 bytes).
    Removing diskio.o(.ARM.exidx.text.disk_initialize), (8 bytes).
    Removing diskio.o(.text.disk_read), (32 bytes).
    Removing diskio.o(.ARM.exidx.text.disk_read), (8 bytes).
    Removing diskio.o(.text.disk_write), (32 bytes).
    Removing diskio.o(.ARM.exidx.text.disk_write), (8 bytes).
    Removing diskio.o(.text.disk_ioctl), (22 bytes).
    Removing diskio.o(.ARM.exidx.text.disk_ioctl), (8 bytes).
    Removing diskio.o(.text.get_fattime), (4 bytes).
    Removing diskio.o(.ARM.exidx.text.get_fattime), (8 bytes).
    Removing ff.o(.text), (0 bytes).
    Removing ff.o(.text.f_mount), (268 bytes).
    Removing ff.o(.ARM.exidx.text.f_mount), (8 bytes).
    Removing ff.o(.text.find_volume), (1306 bytes).
    Removing ff.o(.ARM.exidx.text.find_volume), (8 bytes).
    Removing ff.o(.text.f_open), (1000 bytes).
    Removing ff.o(.ARM.exidx.text.f_open), (8 bytes).
    Removing ff.o(.text.follow_path), (1644 bytes).
    Removing ff.o(.ARM.exidx.text.follow_path), (8 bytes).
    Removing ff.o(.text.dir_register), (276 bytes).
    Removing ff.o(.ARM.exidx.text.dir_register), (8 bytes).
    Removing ff.o(.text.remove_chain), (126 bytes).
    Removing ff.o(.ARM.exidx.text.remove_chain), (8 bytes).
    Removing ff.o(.text.move_window), (128 bytes).
    Removing ff.o(.ARM.exidx.text.move_window), (8 bytes).
    Removing ff.o(.text.inc_lock), (158 bytes).
    Removing ff.o(.ARM.exidx.text.inc_lock), (8 bytes).
    Removing ff.o(.text.get_fat), (208 bytes).
    Removing ff.o(.ARM.exidx.text.get_fat), (8 bytes).
    Removing ff.o(.text.f_read), (760 bytes).
    Removing ff.o(.ARM.exidx.text.f_read), (8 bytes).
    Removing ff.o(.text.f_write), (778 bytes).
    Removing ff.o(.ARM.exidx.text.f_write), (8 bytes).
    Removing ff.o(.text.create_chain), (300 bytes).
    Removing ff.o(.ARM.exidx.text.create_chain), (8 bytes).
    Removing ff.o(.text.f_sync), (190 bytes).
    Removing ff.o(.ARM.exidx.text.f_sync), (8 bytes).
    Removing ff.o(.text.sync_fs), (204 bytes).
    Removing ff.o(.ARM.exidx.text.sync_fs), (8 bytes).
    Removing ff.o(.text.f_close), (104 bytes).
    Removing ff.o(.ARM.exidx.text.f_close), (8 bytes).
    Removing ff.o(.text.f_lseek), (794 bytes).
    Removing ff.o(.ARM.exidx.text.f_lseek), (8 bytes).
    Removing ff.o(.text.f_opendir), (272 bytes).
    Removing ff.o(.ARM.exidx.text.f_opendir), (8 bytes).
    Removing ff.o(.text.f_closedir), (96 bytes).
    Removing ff.o(.ARM.exidx.text.f_closedir), (8 bytes).
    Removing ff.o(.text.f_readdir), (526 bytes).
    Removing ff.o(.ARM.exidx.text.f_readdir), (8 bytes).
    Removing ff.o(.text.dir_read), (262 bytes).
    Removing ff.o(.ARM.exidx.text.dir_read), (8 bytes).
    Removing ff.o(.text.dir_next), (372 bytes).
    Removing ff.o(.ARM.exidx.text.dir_next), (8 bytes).
    Removing ff.o(.text.f_stat), (224 bytes).
    Removing ff.o(.ARM.exidx.text.f_stat), (8 bytes).
    Removing ff.o(.text.f_getfree), (264 bytes).
    Removing ff.o(.ARM.exidx.text.f_getfree), (8 bytes).
    Removing ff.o(.text.f_truncate), (224 bytes).
    Removing ff.o(.ARM.exidx.text.f_truncate), (8 bytes).
    Removing ff.o(.text.f_unlink), (412 bytes).
    Removing ff.o(.ARM.exidx.text.f_unlink), (8 bytes).
    Removing ff.o(.text.f_mkdir), (682 bytes).
    Removing ff.o(.ARM.exidx.text.f_mkdir), (8 bytes).
    Removing ff.o(.text.sync_window), (90 bytes).
    Removing ff.o(.ARM.exidx.text.sync_window), (8 bytes).
    Removing ff.o(.text.f_rename), (556 bytes).
    Removing ff.o(.ARM.exidx.text.f_rename), (8 bytes).
    Removing ff.o(.text.f_mkfs), (2126 bytes).
    Removing ff.o(.ARM.exidx.text.f_mkfs), (8 bytes).
    Removing ff.o(.text.f_gets), (112 bytes).
    Removing ff.o(.ARM.exidx.text.f_gets), (8 bytes).
    Removing ff.o(.text.f_putc), (72 bytes).
    Removing ff.o(.ARM.exidx.text.f_putc), (8 bytes).
    Removing ff.o(.text.f_puts), (210 bytes).
    Removing ff.o(.ARM.exidx.text.f_puts), (8 bytes).
    Removing ff.o(.text.f_printf), (1618 bytes).
    Removing ff.o(.ARM.exidx.text.f_printf), (8 bytes).
    Removing ff.o(.text.put_fat), (270 bytes).
    Removing ff.o(.ARM.exidx.text.put_fat), (8 bytes).
    Removing ff.o(.rodata.ExCvt), (128 bytes).
    Removing ff.o(.bss..L_MergedGlobals), (40 bytes).
    Removing ff_gen_drv.o(.text), (0 bytes).
    Removing ff_gen_drv.o(.text.FATFS_LinkDriverEx), (80 bytes).
    Removing ff_gen_drv.o(.ARM.exidx.text.FATFS_LinkDriverEx), (8 bytes).
    Removing ff_gen_drv.o(.ARM.exidx.text.FATFS_LinkDriver), (8 bytes).
    Removing ff_gen_drv.o(.text.FATFS_UnLinkDriverEx), (48 bytes).
    Removing ff_gen_drv.o(.ARM.exidx.text.FATFS_UnLinkDriverEx), (8 bytes).
    Removing ff_gen_drv.o(.text.FATFS_UnLinkDriver), (48 bytes).
    Removing ff_gen_drv.o(.ARM.exidx.text.FATFS_UnLinkDriver), (8 bytes).
    Removing ff_gen_drv.o(.text.FATFS_GetAttachedDriversNbr), (12 bytes).
    Removing ff_gen_drv.o(.ARM.exidx.text.FATFS_GetAttachedDriversNbr), (8 bytes).
    Removing syscall.o(.text), (0 bytes).

832 unused section(s) (total 51514 bytes) removed from the image.

==============================================================================

Image Symbol Table

    Local Symbols

    Symbol Name                              Value     Ov Type        Size  Object(Section)

    ../clib/angel/boardlib.s                 0x00000000   Number         0  boardinit1.o ABSOLUTE
    ../clib/angel/boardlib.s                 0x00000000   Number         0  boardinit2.o ABSOLUTE
    ../clib/angel/boardlib.s                 0x00000000   Number         0  boardinit3.o ABSOLUTE
    ../clib/angel/boardlib.s                 0x00000000   Number         0  boardshut.o ABSOLUTE
    ../clib/angel/handlers.s                 0x00000000   Number         0  __scatter_copy.o ABSOLUTE
    ../clib/angel/handlers.s                 0x00000000   Number         0  __scatter_zi.o ABSOLUTE
    ../clib/angel/kernel.s                   0x00000000   Number         0  __rtentry.o ABSOLUTE
    ../clib/angel/kernel.s                   0x00000000   Number         0  __rtentry2.o ABSOLUTE
    ../clib/angel/kernel.s                   0x00000000   Number         0  __rtentry4.o ABSOLUTE
    ../clib/angel/kernel.s                   0x00000000   Number         0  rtexit.o ABSOLUTE
    ../clib/angel/kernel.s                   0x00000000   Number         0  rtexit2.o ABSOLUTE
    ../clib/angel/rt.s                       0x00000000   Number         0  rt_raise.o ABSOLUTE
    ../clib/angel/scatter.s                  0x00000000   Number         0  __scatter.o ABSOLUTE
    ../clib/angel/startup.s                  0x00000000   Number         0  __main.o ABSOLUTE
    ../clib/angel/sys.s                      0x00000000   Number         0  sys_stackheap_outer.o ABSOLUTE
    ../clib/angel/sys.s                      0x00000000   Number         0  libspace.o ABSOLUTE
    ../clib/angel/sys.s                      0x00000000   Number         0  use_no_semi.o ABSOLUTE
    ../clib/angel/sys.s                      0x00000000   Number         0  indicate_semi.o ABSOLUTE
    ../clib/angel/sysapp.c                   0x00000000   Number         0  sys_exit.o ABSOLUTE
    ../clib/angel/sysapp.c                   0x00000000   Number         0  sys_exit_hlt.o ABSOLUTE
    ../clib/angel/sysapp.c                   0x00000000   Number         0  sys_command.o ABSOLUTE
    ../clib/angel/sysapp.c                   0x00000000   Number         0  sys_command_hlt.o ABSOLUTE
    ../clib/angel/sysapp.c                   0x00000000   Number         0  sys_wrch.o ABSOLUTE
    ../clib/angel/sysapp.c                   0x00000000   Number         0  sys_wrch_hlt.o ABSOLUTE
    ../clib/armsys.c                         0x00000000   Number         0  argv_veneer.o ABSOLUTE
    ../clib/armsys.c                         0x00000000   Number         0  argv_veneer.o ABSOLUTE
    ../clib/armsys.c                         0x00000000   Number         0  _get_argv_nomalloc.o ABSOLUTE
    ../clib/armsys.c                         0x00000000   Number         0  no_argv.o ABSOLUTE
    ../clib/heapalloc.c                      0x00000000   Number         0  hrguard.o ABSOLUTE
    ../clib/heapaux.c                        0x00000000   Number         0  heapauxi.o ABSOLUTE
    ../clib/libinit.s                        0x00000000   Number         0  libinit.o ABSOLUTE
    ../clib/libinit.s                        0x00000000   Number         0  libinit2.o ABSOLUTE
    ../clib/libinit.s                        0x00000000   Number         0  libshutdown.o ABSOLUTE
    ../clib/libinit.s                        0x00000000   Number         0  libshutdown2.o ABSOLUTE
    ../clib/memcpset.s                       0x00000000   Number         0  rt_memcpy_v6.o ABSOLUTE
    ../clib/memcpset.s                       0x00000000   Number         0  rt_memcpy_w.o ABSOLUTE
    ../clib/memcpset.s                       0x00000000   Number         0  rt_memclr.o ABSOLUTE
    ../clib/memcpset.s                       0x00000000   Number         0  rt_memclr_w.o ABSOLUTE
    ../clib/signal.c                         0x00000000   Number         0  defsig_rtmem_outer.o ABSOLUTE
    ../clib/signal.c                         0x00000000   Number         0  defsig_rtmem_formal.o ABSOLUTE
    ../clib/signal.c                         0x00000000   Number         0  defsig_exit.o ABSOLUTE
    ../clib/signal.c                         0x00000000   Number         0  defsig_rtmem_inner.o ABSOLUTE
    ../clib/signal.c                         0x00000000   Number         0  __raise.o ABSOLUTE
    ../clib/signal.c                         0x00000000   Number         0  defsig_general.o ABSOLUTE
    ../clib/signal.c                         0x00000000   Number         0  defsig_abrt_inner.o ABSOLUTE
    ../clib/signal.c                         0x00000000   Number         0  defsig_fpe_inner.o ABSOLUTE
    ../clib/signal.c                         0x00000000   Number         0  defsig_rtred_inner.o ABSOLUTE
    ../clib/signal.c                         0x00000000   Number         0  defsig_stak_inner.o ABSOLUTE
    ../clib/signal.c                         0x00000000   Number         0  defsig_pvfn_inner.o ABSOLUTE
    ../clib/signal.c                         0x00000000   Number         0  defsig_cppl_inner.o ABSOLUTE
    ../clib/signal.c                         0x00000000   Number         0  defsig_segv_inner.o ABSOLUTE
    ../clib/signal.c                         0x00000000   Number         0  defsig_other.o ABSOLUTE
    ../clib/signal.s                         0x00000000   Number         0  defsig.o ABSOLUTE
    ../clib/stdlib.c                         0x00000000   Number         0  exit.o ABSOLUTE
    ../fplib/fpinit.s                        0x00000000   Number         0  fpinit.o ABSOLUTE
    ads1299.c                                0x00000000   Number         0  ads1299.o ABSOLUTE
    app_fatfs.c                              0x00000000   Number         0  app_fatfs.o ABSOLUTE
    dc.s                                     0x00000000   Number         0  dc.o ABSOLUTE
    diskio.c                                 0x00000000   Number         0  diskio.o ABSOLUTE
    ff.c                                     0x00000000   Number         0  ff.o ABSOLUTE
    ff_gen_drv.c                             0x00000000   Number         0  ff_gen_drv.o ABSOLUTE
    main.c                                   0x00000000   Number         0  main.o ABSOLUTE
    startup_stm32wb55xx_cm4.s                0x00000000   Number         0  startup_stm32wb55xx_cm4.o ABSOLUTE
    stm32wbxx_hal.c                          0x00000000   Number         0  stm32wbxx_hal.o ABSOLUTE
    stm32wbxx_hal_cortex.c                   0x00000000   Number         0  stm32wbxx_hal_cortex.o ABSOLUTE
    stm32wbxx_hal_dma.c                      0x00000000   Number         0  stm32wbxx_hal_dma.o ABSOLUTE
    stm32wbxx_hal_dma_ex.c                   0x00000000   Number         0  stm32wbxx_hal_dma_ex.o ABSOLUTE
    stm32wbxx_hal_exti.c                     0x00000000   Number         0  stm32wbxx_hal_exti.o ABSOLUTE
    stm32wbxx_hal_flash.c                    0x00000000   Number         0  stm32wbxx_hal_flash.o ABSOLUTE
    stm32wbxx_hal_flash_ex.c                 0x00000000   Number         0  stm32wbxx_hal_flash_ex.o ABSOLUTE
    stm32wbxx_hal_gpio.c                     0x00000000   Number         0  stm32wbxx_hal_gpio.o ABSOLUTE
    stm32wbxx_hal_hsem.c                     0x00000000   Number         0  stm32wbxx_hal_hsem.o ABSOLUTE
    stm32wbxx_hal_msp.c                      0x00000000   Number         0  stm32wbxx_hal_msp.o ABSOLUTE
    stm32wbxx_hal_pcd.c                      0x00000000   Number         0  stm32wbxx_hal_pcd.o ABSOLUTE
    stm32wbxx_hal_pcd_ex.c                   0x00000000   Number         0  stm32wbxx_hal_pcd_ex.o ABSOLUTE
    stm32wbxx_hal_pwr.c                      0x00000000   Number         0  stm32wbxx_hal_pwr.o ABSOLUTE
    stm32wbxx_hal_pwr_ex.c                   0x00000000   Number         0  stm32wbxx_hal_pwr_ex.o ABSOLUTE
    stm32wbxx_hal_rcc.c                      0x00000000   Number         0  stm32wbxx_hal_rcc.o ABSOLUTE
    stm32wbxx_hal_rcc_ex.c                   0x00000000   Number         0  stm32wbxx_hal_rcc_ex.o ABSOLUTE
    stm32wbxx_hal_spi.c                      0x00000000   Number         0  stm32wbxx_hal_spi.o ABSOLUTE
    stm32wbxx_hal_spi_ex.c                   0x00000000   Number         0  stm32wbxx_hal_spi_ex.o ABSOLUTE
    stm32wbxx_hal_tim.c                      0x00000000   Number         0  stm32wbxx_hal_tim.o ABSOLUTE
    stm32wbxx_hal_tim_ex.c                   0x00000000   Number         0  stm32wbxx_hal_tim_ex.o ABSOLUTE
    stm32wbxx_it.c                           0x00000000   Number         0  stm32wbxx_it.o ABSOLUTE
    stm32wbxx_ll_rcc.c                       0x00000000   Number         0  stm32wbxx_ll_rcc.o ABSOLUTE
    stm32wbxx_ll_usb.c                       0x00000000   Number         0  stm32wbxx_ll_usb.o ABSOLUTE
    syscall.c                                0x00000000   Number         0  syscall.o ABSOLUTE
    system_stm32wbxx.c                       0x00000000   Number         0  system_stm32wbxx.o ABSOLUTE
    user_diskio.c                            0x00000000   Number         0  user_diskio.o ABSOLUTE
    RESET                                    0x08000000   Section      316  startup_stm32wb55xx_cm4.o(RESET)
    !!!main                                  0x0800013c   Section        8  __main.o(!!!main)
    !!!scatter                               0x08000144   Section       52  __scatter.o(!!!scatter)
    !!handler_copy                           0x08000178   Section       26  __scatter_copy.o(!!handler_copy)
    !!handler_zi                             0x08000194   Section       28  __scatter_zi.o(!!handler_zi)
    .ARM.Collect$$libinit$$00000000          0x080001b0   Section        2  libinit.o(.ARM.Collect$$libinit$$00000000)
    .ARM.Collect$$libinit$$00000001          0x080001b2   Section        4  libinit2.o(.ARM.Collect$$libinit$$00000001)
    .ARM.Collect$$libinit$$00000004          0x080001b6   Section        0  libinit2.o(.ARM.Collect$$libinit$$00000004)
    .ARM.Collect$$libinit$$00000006          0x080001b6   Section        0  libinit2.o(.ARM.Collect$$libinit$$00000006)
    .ARM.Collect$$libinit$$0000000C          0x080001b6   Section        0  libinit2.o(.ARM.Collect$$libinit$$0000000C)
    .ARM.Collect$$libinit$$0000000E          0x080001b6   Section        0  libinit2.o(.ARM.Collect$$libinit$$0000000E)
    .ARM.Collect$$libinit$$00000010          0x080001b6   Section        0  libinit2.o(.ARM.Collect$$libinit$$00000010)
    .ARM.Collect$$libinit$$00000013          0x080001b6   Section        0  libinit2.o(.ARM.Collect$$libinit$$00000013)
    .ARM.Collect$$libinit$$00000015          0x080001b6   Section        0  libinit2.o(.ARM.Collect$$libinit$$00000015)
    .ARM.Collect$$libinit$$00000017          0x080001b6   Section        0  libinit2.o(.ARM.Collect$$libinit$$00000017)
    .ARM.Collect$$libinit$$00000019          0x080001b6   Section        0  libinit2.o(.ARM.Collect$$libinit$$00000019)
    .ARM.Collect$$libinit$$0000001B          0x080001b6   Section        0  libinit2.o(.ARM.Collect$$libinit$$0000001B)
    .ARM.Collect$$libinit$$0000001D          0x080001b6   Section        0  libinit2.o(.ARM.Collect$$libinit$$0000001D)
    .ARM.Collect$$libinit$$0000001F          0x080001b6   Section        0  libinit2.o(.ARM.Collect$$libinit$$0000001F)
    .ARM.Collect$$libinit$$00000021          0x080001b6   Section        0  libinit2.o(.ARM.Collect$$libinit$$00000021)
    .ARM.Collect$$libinit$$00000023          0x080001b6   Section        0  libinit2.o(.ARM.Collect$$libinit$$00000023)
    .ARM.Collect$$libinit$$00000025          0x080001b6   Section        0  libinit2.o(.ARM.Collect$$libinit$$00000025)
    .ARM.Collect$$libinit$$00000027          0x080001b6   Section        0  libinit2.o(.ARM.Collect$$libinit$$00000027)
    .ARM.Collect$$libinit$$0000002E          0x080001b6   Section        0  libinit2.o(.ARM.Collect$$libinit$$0000002E)
    .ARM.Collect$$libinit$$00000030          0x080001b6   Section        0  libinit2.o(.ARM.Collect$$libinit$$00000030)
    .ARM.Collect$$libinit$$00000032          0x080001b6   Section        0  libinit2.o(.ARM.Collect$$libinit$$00000032)
    .ARM.Collect$$libinit$$00000034          0x080001b6   Section        0  libinit2.o(.ARM.Collect$$libinit$$00000034)
    .ARM.Collect$$libinit$$00000035          0x080001b6   Section        2  libinit2.o(.ARM.Collect$$libinit$$00000035)
    .ARM.Collect$$libshutdown$$00000000      0x080001b8   Section        2  libshutdown.o(.ARM.Collect$$libshutdown$$00000000)
    .ARM.Collect$$libshutdown$$00000002      0x080001ba   Section        0  libshutdown2.o(.ARM.Collect$$libshutdown$$00000002)
    .ARM.Collect$$libshutdown$$00000004      0x080001ba   Section        0  libshutdown2.o(.ARM.Collect$$libshutdown$$00000004)
    .ARM.Collect$$libshutdown$$00000007      0x080001ba   Section        0  libshutdown2.o(.ARM.Collect$$libshutdown$$00000007)
    .ARM.Collect$$libshutdown$$0000000A      0x080001ba   Section        0  libshutdown2.o(.ARM.Collect$$libshutdown$$0000000A)
    .ARM.Collect$$libshutdown$$0000000C      0x080001ba   Section        0  libshutdown2.o(.ARM.Collect$$libshutdown$$0000000C)
    .ARM.Collect$$libshutdown$$0000000F      0x080001ba   Section        0  libshutdown2.o(.ARM.Collect$$libshutdown$$0000000F)
    .ARM.Collect$$libshutdown$$00000010      0x080001ba   Section        2  libshutdown2.o(.ARM.Collect$$libshutdown$$00000010)
    .ARM.Collect$$rtentry$$00000000          0x080001bc   Section        0  __rtentry.o(.ARM.Collect$$rtentry$$00000000)
    .ARM.Collect$$rtentry$$00000002          0x080001bc   Section        0  __rtentry2.o(.ARM.Collect$$rtentry$$00000002)
    .ARM.Collect$$rtentry$$00000004          0x080001bc   Section        6  __rtentry4.o(.ARM.Collect$$rtentry$$00000004)
    .ARM.Collect$$rtentry$$00000009          0x080001c2   Section        0  __rtentry2.o(.ARM.Collect$$rtentry$$00000009)
    .ARM.Collect$$rtentry$$0000000A          0x080001c2   Section        4  __rtentry2.o(.ARM.Collect$$rtentry$$0000000A)
    .ARM.Collect$$rtentry$$0000000C          0x080001c6   Section        0  __rtentry2.o(.ARM.Collect$$rtentry$$0000000C)
    .ARM.Collect$$rtentry$$0000000D          0x080001c6   Section        8  __rtentry2.o(.ARM.Collect$$rtentry$$0000000D)
    .ARM.Collect$$rtexit$$00000000           0x080001ce   Section        2  rtexit.o(.ARM.Collect$$rtexit$$00000000)
    .ARM.Collect$$rtexit$$00000002           0x080001d0   Section        0  rtexit2.o(.ARM.Collect$$rtexit$$00000002)
    .ARM.Collect$$rtexit$$00000003           0x080001d0   Section        4  rtexit2.o(.ARM.Collect$$rtexit$$00000003)
    .ARM.Collect$$rtexit$$00000004           0x080001d4   Section        6  rtexit2.o(.ARM.Collect$$rtexit$$00000004)
    $v0                                      0x080001dc   Number         0  startup_stm32wb55xx_cm4.o(.text)
    .text                                    0x080001dc   Section       64  startup_stm32wb55xx_cm4.o(.text)
    .text                                    0x0800021c   Section      100  rt_memcpy_w.o(.text)
    .text                                    0x08000280   Section       78  rt_memclr_w.o(.text)
    .text                                    0x080002ce   Section        0  heapauxi.o(.text)
    .text                                    0x080002d4   Section       74  sys_stackheap_outer.o(.text)
    .text                                    0x0800031e   Section        0  exit.o(.text)
    .text                                    0x08000330   Section        8  libspace.o(.text)
    .text                                    0x08000338   Section        0  sys_exit.o(.text)
    .text                                    0x08000344   Section        2  use_no_semi.o(.text)
    .text                                    0x08000346   Section        0  indicate_semi.o(.text)
    [Anonymous Symbol]                       0x08000348   Section        0  ads1299.o(.text.ADS1299_Init)
    [Anonymous Symbol]                       0x080003bc   Section        0  ads1299.o(.text.ADS1299_WriteRegister)
    [Anonymous Symbol]                       0x080003dc   Section        0  stm32wbxx_it.o(.text.BusFault_Handler)
    [Anonymous Symbol]                       0x080003e0   Section        0  stm32wbxx_it.o(.text.DebugMon_Handler)
    [Anonymous Symbol]                       0x080003e4   Section        0  main.o(.text.Error_Handler)
    [Anonymous Symbol]                       0x080003f0   Section        0  ff_gen_drv.o(.text.FATFS_LinkDriver)
    [Anonymous Symbol]                       0x0800043c   Section        0  stm32wbxx_hal_dma.o(.text.HAL_DMA_Start_IT)
    [Anonymous Symbol]                       0x08000520   Section        0  stm32wbxx_hal.o(.text.HAL_Delay)
    [Anonymous Symbol]                       0x08000548   Section        0  stm32wbxx_hal_gpio.o(.text.HAL_GPIO_Init)
    [Anonymous Symbol]                       0x080006d4   Section        0  stm32wbxx_hal_gpio.o(.text.HAL_GPIO_TogglePin)
    [Anonymous Symbol]                       0x080006e4   Section        0  stm32wbxx_hal_gpio.o(.text.HAL_GPIO_WritePin)
    [Anonymous Symbol]                       0x080006f0   Section        0  stm32wbxx_hal.o(.text.HAL_GetTick)
    [Anonymous Symbol]                       0x080006fc   Section        0  stm32wbxx_hal.o(.text.HAL_GetTickPrio)
    [Anonymous Symbol]                       0x08000708   Section        0  stm32wbxx_hal.o(.text.HAL_IncTick)
    [Anonymous Symbol]                       0x08000724   Section        0  stm32wbxx_hal.o(.text.HAL_Init)
    [Anonymous Symbol]                       0x08000754   Section        0  stm32wbxx_hal.o(.text.HAL_InitTick)
    [Anonymous Symbol]                       0x0800079c   Section        0  stm32wbxx_hal_msp.o(.text.HAL_MspInit)
    [Anonymous Symbol]                       0x080007a0   Section        0  stm32wbxx_hal_cortex.o(.text.HAL_NVIC_SetPriority)
    [Anonymous Symbol]                       0x080007f8   Section        0  stm32wbxx_hal_cortex.o(.text.HAL_NVIC_SetPriorityGrouping)
    [Anonymous Symbol]                       0x08000818   Section        0  stm32wbxx_hal_pcd_ex.o(.text.HAL_PCDEx_ActivateLPM)
    [Anonymous Symbol]                       0x08000844   Section        0  stm32wbxx_hal_pcd.o(.text.HAL_PCD_Init)
    [Anonymous Symbol]                       0x08000908   Section        0  stm32wbxx_hal_msp.o(.text.HAL_PCD_MspInit)
    [Anonymous Symbol]                       0x080009b0   Section        0  stm32wbxx_hal_pwr_ex.o(.text.HAL_PWREx_GetVoltageRange)
    [Anonymous Symbol]                       0x080009c0   Section        0  stm32wbxx_hal_pwr.o(.text.HAL_PWR_EnableBkUpAccess)
    [Anonymous Symbol]                       0x080009d4   Section        0  stm32wbxx_hal_rcc_ex.o(.text.HAL_RCCEx_EnableMSIPLLMode)
    [Anonymous Symbol]                       0x080009e4   Section        0  stm32wbxx_hal_rcc_ex.o(.text.HAL_RCCEx_PeriphCLKConfig)
    [Anonymous Symbol]                       0x08000de0   Section        0  stm32wbxx_hal_rcc.o(.text.HAL_RCC_ClockConfig)
    [Anonymous Symbol]                       0x080010c4   Section        0  stm32wbxx_hal_rcc.o(.text.HAL_RCC_GetHCLKFreq)
    [Anonymous Symbol]                       0x080011a0   Section        0  stm32wbxx_hal_rcc.o(.text.HAL_RCC_OscConfig)
    [Anonymous Symbol]                       0x080018d0   Section        0  stm32wbxx_hal_spi.o(.text.HAL_SPI_ErrorCallback)
    [Anonymous Symbol]                       0x080018d4   Section        0  stm32wbxx_hal_spi.o(.text.HAL_SPI_Init)
    [Anonymous Symbol]                       0x080019b0   Section        0  stm32wbxx_hal_msp.o(.text.HAL_SPI_MspInit)
    [Anonymous Symbol]                       0x08001ab0   Section        0  stm32wbxx_hal_spi.o(.text.HAL_SPI_Transmit_DMA)
    [Anonymous Symbol]                       0x08001bd4   Section        0  stm32wbxx_hal_spi.o(.text.HAL_SPI_TxCpltCallback)
    [Anonymous Symbol]                       0x08001bd8   Section        0  stm32wbxx_hal_spi.o(.text.HAL_SPI_TxHalfCpltCallback)
    [Anonymous Symbol]                       0x08001bdc   Section        0  stm32wbxx_hal_cortex.o(.text.HAL_SYSTICK_Config)
    [Anonymous Symbol]                       0x08001c08   Section        0  stm32wbxx_it.o(.text.HardFault_Handler)
    [Anonymous Symbol]                       0x08001c0c   Section        0  app_fatfs.o(.text.MX_FATFS_Init)
    [Anonymous Symbol]                       0x08001c34   Section        0  stm32wbxx_it.o(.text.MemManage_Handler)
    [Anonymous Symbol]                       0x08001c38   Section        0  stm32wbxx_it.o(.text.NMI_Handler)
    [Anonymous Symbol]                       0x08001c3c   Section        0  stm32wbxx_it.o(.text.PendSV_Handler)
    RCC_SetFlashLatencyFromMSIRange          0x08001c41   Thumb Code   228  stm32wbxx_hal_rcc.o(.text.RCC_SetFlashLatencyFromMSIRange)
    [Anonymous Symbol]                       0x08001c40   Section        0  stm32wbxx_hal_rcc.o(.text.RCC_SetFlashLatencyFromMSIRange)
    SPI_DMAError                             0x08001d35   Thumb Code    30  stm32wbxx_hal_spi.o(.text.SPI_DMAError)
    [Anonymous Symbol]                       0x08001d34   Section        0  stm32wbxx_hal_spi.o(.text.SPI_DMAError)
    SPI_DMAHalfTransmitCplt                  0x08001d55   Thumb Code     6  stm32wbxx_hal_spi.o(.text.SPI_DMAHalfTransmitCplt)
    [Anonymous Symbol]                       0x08001d54   Section        0  stm32wbxx_hal_spi.o(.text.SPI_DMAHalfTransmitCplt)
    SPI_DMATransmitCplt                      0x08001d5d   Thumb Code   160  stm32wbxx_hal_spi.o(.text.SPI_DMATransmitCplt)
    [Anonymous Symbol]                       0x08001d5c   Section        0  stm32wbxx_hal_spi.o(.text.SPI_DMATransmitCplt)
    SPI_WaitFifoStateUntilTimeout            0x08001dfd   Thumb Code   390  stm32wbxx_hal_spi.o(.text.SPI_WaitFifoStateUntilTimeout)
    [Anonymous Symbol]                       0x08001dfc   Section        0  stm32wbxx_hal_spi.o(.text.SPI_WaitFifoStateUntilTimeout)
    SPI_WaitFlagStateUntilTimeout            0x08001f85   Thumb Code   206  stm32wbxx_hal_spi.o(.text.SPI_WaitFlagStateUntilTimeout)
    [Anonymous Symbol]                       0x08001f84   Section        0  stm32wbxx_hal_spi.o(.text.SPI_WaitFlagStateUntilTimeout)
    [Anonymous Symbol]                       0x08002054   Section        0  stm32wbxx_it.o(.text.SVC_Handler)
    [Anonymous Symbol]                       0x08002058   Section        0  stm32wbxx_it.o(.text.SysTick_Handler)
    [Anonymous Symbol]                       0x0800205c   Section        0  main.o(.text.SystemClock_Config)
    [Anonymous Symbol]                       0x0800212c   Section        0  system_stm32wbxx.o(.text.SystemInit)
    [Anonymous Symbol]                       0x08002194   Section        0  stm32wbxx_ll_usb.o(.text.USB_DevInit)
    [Anonymous Symbol]                       0x080021b0   Section        0  stm32wbxx_ll_usb.o(.text.USB_DisableGlobalInt)
    [Anonymous Symbol]                       0x080021c4   Section        0  user_diskio.o(.text.USER_initialize)
    [Anonymous Symbol]                       0x080021d4   Section        0  user_diskio.o(.text.USER_ioctl)
    [Anonymous Symbol]                       0x080021d8   Section        0  user_diskio.o(.text.USER_read)
    [Anonymous Symbol]                       0x080021dc   Section        0  user_diskio.o(.text.USER_status)
    [Anonymous Symbol]                       0x080021ec   Section        0  user_diskio.o(.text.USER_write)
    [Anonymous Symbol]                       0x080021f0   Section        0  stm32wbxx_it.o(.text.UsageFault_Handler)
    [Anonymous Symbol]                       0x080021f4   Section        0  main.o(.text.main)
    $v0                                      0x08002472   Number         0  fpinit.o(x$fpl$fpinit)
    x$fpl$fpinit                             0x08002472   Section       26  fpinit.o(x$fpl$fpinit)
    .L_MergedGlobals                         0x20000008   Data           8  stm32wbxx_hal.o(.data..L_MergedGlobals)
    [Anonymous Symbol]                       0x20000008   Section        0  stm32wbxx_hal.o(.data..L_MergedGlobals)
    Stat                                     0x20000010   Data           1  user_diskio.o(.data.Stat)
    [Anonymous Symbol]                       0x20000010   Section        0  user_diskio.o(.data.Stat)
    .bss                                     0x20000030   Section       96  libspace.o(.bss)
    .L_MergedGlobals                         0x20000090   Data         108  ads1299.o(.bss..L_MergedGlobals)
    [Anonymous Symbol]                       0x20000090   Section        0  ads1299.o(.bss..L_MergedGlobals)
    .L_MergedGlobals                         0x200000fc   Data           5  app_fatfs.o(.bss..L_MergedGlobals)
    [Anonymous Symbol]                       0x200000fc   Section        0  app_fatfs.o(.bss..L_MergedGlobals)
    Heap_Mem                                 0x200004d0   Data         512  startup_stm32wb55xx_cm4.o(HEAP)
    HEAP                                     0x200004d0   Section      512  startup_stm32wb55xx_cm4.o(HEAP)
    Stack_Mem                                0x200006d0   Data        1024  startup_stm32wb55xx_cm4.o(STACK)
    STACK                                    0x200006d0   Section     1024  startup_stm32wb55xx_cm4.o(STACK)
    __initial_sp                             0x20000ad0   Data           0  startup_stm32wb55xx_cm4.o(STACK)

    Global Symbols

    Symbol Name                              Value     Ov Type        Size  Object(Section)

    BuildAttributes$$THM_ISAv4$E$P$D$K$B$S$7EM$VFPi3$EXTD16$VFPS$VFMA$PE$A:L22UL41UL21$X:L11$S22US41US21$IEEE1$IW$~IW$USESV6$~STKCKD$USESV7$~SHL$OTIME$ROPI$EBA8$UX$STANDARDLIB$REQ8$PRES8$EABIv2 0x00000000   Number         0  anon$$obj.o ABSOLUTE
    __ARM_exceptions_init                     - Undefined Weak Reference
    __alloca_initialize                       - Undefined Weak Reference
    __arm_preinit_                            - Undefined Weak Reference
    __arm_relocate_pie_                       - Undefined Weak Reference
    __cpp_initialize__aeabi_                  - Undefined Weak Reference
    __cxa_finalize                            - Undefined Weak Reference
    __rt_locale                               - Undefined Weak Reference
    __sigvec_lookup                           - Undefined Weak Reference
    _atexit_init                              - Undefined Weak Reference
    _call_atexit_fns                          - Undefined Weak Reference
    _clock_init                               - Undefined Weak Reference
    _fp_trap_init                             - Undefined Weak Reference
    _fp_trap_shutdown                         - Undefined Weak Reference
    _get_lc_collate                           - Undefined Weak Reference
    _get_lc_ctype                             - Undefined Weak Reference
    _get_lc_monetary                          - Undefined Weak Reference
    _get_lc_numeric                           - Undefined Weak Reference
    _get_lc_time                              - Undefined Weak Reference
    _getenv_init                              - Undefined Weak Reference
    _handle_redirection                       - Undefined Weak Reference
    _init_alloc                               - Undefined Weak Reference
    _init_user_alloc                          - Undefined Weak Reference
    _initio                                   - Undefined Weak Reference
    _rand_init                                - Undefined Weak Reference
    _signal_finish                            - Undefined Weak Reference
    _signal_init                              - Undefined Weak Reference
    _terminate_alloc                          - Undefined Weak Reference
    _terminate_user_alloc                     - Undefined Weak Reference
    _terminateio                              - Undefined Weak Reference
    __Vectors_Size                           0x0000013c   Number         0  startup_stm32wb55xx_cm4.o ABSOLUTE
    __Vectors                                0x08000000   Data           4  startup_stm32wb55xx_cm4.o(RESET)
    __Vectors_End                            0x0800013c   Data           0  startup_stm32wb55xx_cm4.o(RESET)
    __main                                   0x0800013d   Thumb Code     8  __main.o(!!!main)
    __scatterload                            0x08000145   Thumb Code     0  __scatter.o(!!!scatter)
    __scatterload_rt2                        0x08000145   Thumb Code    44  __scatter.o(!!!scatter)
    __scatterload_rt2_thumb_only             0x08000145   Thumb Code     0  __scatter.o(!!!scatter)
    __scatterload_null                       0x08000153   Thumb Code     0  __scatter.o(!!!scatter)
    __scatterload_copy                       0x08000179   Thumb Code    26  __scatter_copy.o(!!handler_copy)
    __scatterload_zeroinit                   0x08000195   Thumb Code    28  __scatter_zi.o(!!handler_zi)
    __rt_lib_init                            0x080001b1   Thumb Code     0  libinit.o(.ARM.Collect$$libinit$$00000000)
    __rt_lib_init_fp_1                       0x080001b3   Thumb Code     0  libinit2.o(.ARM.Collect$$libinit$$00000001)
    __rt_lib_init_alloca_1                   0x080001b7   Thumb Code     0  libinit2.o(.ARM.Collect$$libinit$$00000030)
    __rt_lib_init_argv_1                     0x080001b7   Thumb Code     0  libinit2.o(.ARM.Collect$$libinit$$0000002E)
    __rt_lib_init_atexit_1                   0x080001b7   Thumb Code     0  libinit2.o(.ARM.Collect$$libinit$$0000001D)
    __rt_lib_init_clock_1                    0x080001b7   Thumb Code     0  libinit2.o(.ARM.Collect$$libinit$$00000023)
    __rt_lib_init_cpp_1                      0x080001b7   Thumb Code     0  libinit2.o(.ARM.Collect$$libinit$$00000034)
    __rt_lib_init_exceptions_1               0x080001b7   Thumb Code     0  libinit2.o(.ARM.Collect$$libinit$$00000032)
    __rt_lib_init_fp_trap_1                  0x080001b7   Thumb Code     0  libinit2.o(.ARM.Collect$$libinit$$00000021)
    __rt_lib_init_getenv_1                   0x080001b7   Thumb Code     0  libinit2.o(.ARM.Collect$$libinit$$00000025)
    __rt_lib_init_heap_1                     0x080001b7   Thumb Code     0  libinit2.o(.ARM.Collect$$libinit$$0000000C)
    __rt_lib_init_lc_collate_1               0x080001b7   Thumb Code     0  libinit2.o(.ARM.Collect$$libinit$$00000013)
    __rt_lib_init_lc_ctype_1                 0x080001b7   Thumb Code     0  libinit2.o(.ARM.Collect$$libinit$$00000015)
    __rt_lib_init_lc_monetary_1              0x080001b7   Thumb Code     0  libinit2.o(.ARM.Collect$$libinit$$00000017)
    __rt_lib_init_lc_numeric_1               0x080001b7   Thumb Code     0  libinit2.o(.ARM.Collect$$libinit$$00000019)
    __rt_lib_init_lc_time_1                  0x080001b7   Thumb Code     0  libinit2.o(.ARM.Collect$$libinit$$0000001B)
    __rt_lib_init_preinit_1                  0x080001b7   Thumb Code     0  libinit2.o(.ARM.Collect$$libinit$$00000006)
    __rt_lib_init_rand_1                     0x080001b7   Thumb Code     0  libinit2.o(.ARM.Collect$$libinit$$00000010)
    __rt_lib_init_relocate_pie_1             0x080001b7   Thumb Code     0  libinit2.o(.ARM.Collect$$libinit$$00000004)
    __rt_lib_init_return                     0x080001b7   Thumb Code     0  libinit2.o(.ARM.Collect$$libinit$$00000035)
    __rt_lib_init_signal_1                   0x080001b7   Thumb Code     0  libinit2.o(.ARM.Collect$$libinit$$0000001F)
    __rt_lib_init_stdio_1                    0x080001b7   Thumb Code     0  libinit2.o(.ARM.Collect$$libinit$$00000027)
    __rt_lib_init_user_alloc_1               0x080001b7   Thumb Code     0  libinit2.o(.ARM.Collect$$libinit$$0000000E)
    __rt_lib_shutdown                        0x080001b9   Thumb Code     0  libshutdown.o(.ARM.Collect$$libshutdown$$00000000)
    __rt_lib_shutdown_cpp_1                  0x080001bb   Thumb Code     0  libshutdown2.o(.ARM.Collect$$libshutdown$$00000002)
    __rt_lib_shutdown_fp_trap_1              0x080001bb   Thumb Code     0  libshutdown2.o(.ARM.Collect$$libshutdown$$00000007)
    __rt_lib_shutdown_heap_1                 0x080001bb   Thumb Code     0  libshutdown2.o(.ARM.Collect$$libshutdown$$0000000F)
    __rt_lib_shutdown_return                 0x080001bb   Thumb Code     0  libshutdown2.o(.ARM.Collect$$libshutdown$$00000010)
    __rt_lib_shutdown_signal_1               0x080001bb   Thumb Code     0  libshutdown2.o(.ARM.Collect$$libshutdown$$0000000A)
    __rt_lib_shutdown_stdio_1                0x080001bb   Thumb Code     0  libshutdown2.o(.ARM.Collect$$libshutdown$$00000004)
    __rt_lib_shutdown_user_alloc_1           0x080001bb   Thumb Code     0  libshutdown2.o(.ARM.Collect$$libshutdown$$0000000C)
    __rt_entry                               0x080001bd   Thumb Code     0  __rtentry.o(.ARM.Collect$$rtentry$$00000000)
    __rt_entry_presh_1                       0x080001bd   Thumb Code     0  __rtentry2.o(.ARM.Collect$$rtentry$$00000002)
    __rt_entry_sh                            0x080001bd   Thumb Code     0  __rtentry4.o(.ARM.Collect$$rtentry$$00000004)
    __rt_entry_li                            0x080001c3   Thumb Code     0  __rtentry2.o(.ARM.Collect$$rtentry$$0000000A)
    __rt_entry_postsh_1                      0x080001c3   Thumb Code     0  __rtentry2.o(.ARM.Collect$$rtentry$$00000009)
    __rt_entry_main                          0x080001c7   Thumb Code     0  __rtentry2.o(.ARM.Collect$$rtentry$$0000000D)
    __rt_entry_postli_1                      0x080001c7   Thumb Code     0  __rtentry2.o(.ARM.Collect$$rtentry$$0000000C)
    __rt_exit                                0x080001cf   Thumb Code     0  rtexit.o(.ARM.Collect$$rtexit$$00000000)
    __rt_exit_ls                             0x080001d1   Thumb Code     0  rtexit2.o(.ARM.Collect$$rtexit$$00000003)
    __rt_exit_prels_1                        0x080001d1   Thumb Code     0  rtexit2.o(.ARM.Collect$$rtexit$$00000002)
    __rt_exit_exit                           0x080001d5   Thumb Code     0  rtexit2.o(.ARM.Collect$$rtexit$$00000004)
    Reset_Handler                            0x080001dd   Thumb Code     8  startup_stm32wb55xx_cm4.o(.text)
    ADC1_IRQHandler                          0x080001f7   Thumb Code     0  startup_stm32wb55xx_cm4.o(.text)
    AES1_IRQHandler                          0x080001f7   Thumb Code     0  startup_stm32wb55xx_cm4.o(.text)
    AES2_IRQHandler                          0x080001f7   Thumb Code     0  startup_stm32wb55xx_cm4.o(.text)
    C2SEV_PWR_C2H_IRQHandler                 0x080001f7   Thumb Code     0  startup_stm32wb55xx_cm4.o(.text)
    COMP_IRQHandler                          0x080001f7   Thumb Code     0  startup_stm32wb55xx_cm4.o(.text)
    CRS_IRQHandler                           0x080001f7   Thumb Code     0  startup_stm32wb55xx_cm4.o(.text)
    DMA1_Channel1_IRQHandler                 0x080001f7   Thumb Code     0  startup_stm32wb55xx_cm4.o(.text)
    DMA1_Channel2_IRQHandler                 0x080001f7   Thumb Code     0  startup_stm32wb55xx_cm4.o(.text)
    DMA1_Channel3_IRQHandler                 0x080001f7   Thumb Code     0  startup_stm32wb55xx_cm4.o(.text)
    DMA1_Channel4_IRQHandler                 0x080001f7   Thumb Code     0  startup_stm32wb55xx_cm4.o(.text)
    DMA1_Channel5_IRQHandler                 0x080001f7   Thumb Code     0  startup_stm32wb55xx_cm4.o(.text)
    DMA1_Channel6_IRQHandler                 0x080001f7   Thumb Code     0  startup_stm32wb55xx_cm4.o(.text)
    DMA1_Channel7_IRQHandler                 0x080001f7   Thumb Code     0  startup_stm32wb55xx_cm4.o(.text)
    DMA2_Channel1_IRQHandler                 0x080001f7   Thumb Code     0  startup_stm32wb55xx_cm4.o(.text)
    DMA2_Channel2_IRQHandler                 0x080001f7   Thumb Code     0  startup_stm32wb55xx_cm4.o(.text)
    DMA2_Channel3_IRQHandler                 0x080001f7   Thumb Code     0  startup_stm32wb55xx_cm4.o(.text)
    DMA2_Channel4_IRQHandler                 0x080001f7   Thumb Code     0  startup_stm32wb55xx_cm4.o(.text)
    DMA2_Channel5_IRQHandler                 0x080001f7   Thumb Code     0  startup_stm32wb55xx_cm4.o(.text)
    DMA2_Channel6_IRQHandler                 0x080001f7   Thumb Code     0  startup_stm32wb55xx_cm4.o(.text)
    DMA2_Channel7_IRQHandler                 0x080001f7   Thumb Code     0  startup_stm32wb55xx_cm4.o(.text)
    DMAMUX1_OVR_IRQHandler                   0x080001f7   Thumb Code     0  startup_stm32wb55xx_cm4.o(.text)
    EXTI0_IRQHandler                         0x080001f7   Thumb Code     0  startup_stm32wb55xx_cm4.o(.text)
    EXTI15_10_IRQHandler                     0x080001f7   Thumb Code     0  startup_stm32wb55xx_cm4.o(.text)
    EXTI1_IRQHandler                         0x080001f7   Thumb Code     0  startup_stm32wb55xx_cm4.o(.text)
    EXTI2_IRQHandler                         0x080001f7   Thumb Code     0  startup_stm32wb55xx_cm4.o(.text)
    EXTI3_IRQHandler                         0x080001f7   Thumb Code     0  startup_stm32wb55xx_cm4.o(.text)
    EXTI4_IRQHandler                         0x080001f7   Thumb Code     0  startup_stm32wb55xx_cm4.o(.text)
    EXTI9_5_IRQHandler                       0x080001f7   Thumb Code     0  startup_stm32wb55xx_cm4.o(.text)
    FLASH_IRQHandler                         0x080001f7   Thumb Code     0  startup_stm32wb55xx_cm4.o(.text)
    FPU_IRQHandler                           0x080001f7   Thumb Code     0  startup_stm32wb55xx_cm4.o(.text)
    HSEM_IRQHandler                          0x080001f7   Thumb Code     0  startup_stm32wb55xx_cm4.o(.text)
    I2C1_ER_IRQHandler                       0x080001f7   Thumb Code     0  startup_stm32wb55xx_cm4.o(.text)
    I2C1_EV_IRQHandler                       0x080001f7   Thumb Code     0  startup_stm32wb55xx_cm4.o(.text)
    I2C3_ER_IRQHandler                       0x080001f7   Thumb Code     0  startup_stm32wb55xx_cm4.o(.text)
    I2C3_EV_IRQHandler                       0x080001f7   Thumb Code     0  startup_stm32wb55xx_cm4.o(.text)
    IPCC_C1_RX_IRQHandler                    0x080001f7   Thumb Code     0  startup_stm32wb55xx_cm4.o(.text)
    IPCC_C1_TX_IRQHandler                    0x080001f7   Thumb Code     0  startup_stm32wb55xx_cm4.o(.text)
    LCD_IRQHandler                           0x080001f7   Thumb Code     0  startup_stm32wb55xx_cm4.o(.text)
    LPTIM1_IRQHandler                        0x080001f7   Thumb Code     0  startup_stm32wb55xx_cm4.o(.text)
    LPTIM2_IRQHandler                        0x080001f7   Thumb Code     0  startup_stm32wb55xx_cm4.o(.text)
    LPUART1_IRQHandler                       0x080001f7   Thumb Code     0  startup_stm32wb55xx_cm4.o(.text)
    PKA_IRQHandler                           0x080001f7   Thumb Code     0  startup_stm32wb55xx_cm4.o(.text)
    PVD_PVM_IRQHandler                       0x080001f7   Thumb Code     0  startup_stm32wb55xx_cm4.o(.text)
    PWR_SOTF_BLEACT_802ACT_RFPHASE_IRQHandler 0x080001f7   Thumb Code     0  startup_stm32wb55xx_cm4.o(.text)
    QUADSPI_IRQHandler                       0x080001f7   Thumb Code     0  startup_stm32wb55xx_cm4.o(.text)
    RCC_IRQHandler                           0x080001f7   Thumb Code     0  startup_stm32wb55xx_cm4.o(.text)
    RNG_IRQHandler                           0x080001f7   Thumb Code     0  startup_stm32wb55xx_cm4.o(.text)
    RTC_Alarm_IRQHandler                     0x080001f7   Thumb Code     0  startup_stm32wb55xx_cm4.o(.text)
    RTC_WKUP_IRQHandler                      0x080001f7   Thumb Code     0  startup_stm32wb55xx_cm4.o(.text)
    SAI1_IRQHandler                          0x080001f7   Thumb Code     0  startup_stm32wb55xx_cm4.o(.text)
    SPI1_IRQHandler                          0x080001f7   Thumb Code     0  startup_stm32wb55xx_cm4.o(.text)
    SPI2_IRQHandler                          0x080001f7   Thumb Code     0  startup_stm32wb55xx_cm4.o(.text)
    TAMP_STAMP_LSECSS_IRQHandler             0x080001f7   Thumb Code     0  startup_stm32wb55xx_cm4.o(.text)
    TIM1_BRK_IRQHandler                      0x080001f7   Thumb Code     0  startup_stm32wb55xx_cm4.o(.text)
    TIM1_CC_IRQHandler                       0x080001f7   Thumb Code     0  startup_stm32wb55xx_cm4.o(.text)
    TIM1_TRG_COM_TIM17_IRQHandler            0x080001f7   Thumb Code     0  startup_stm32wb55xx_cm4.o(.text)
    TIM1_UP_TIM16_IRQHandler                 0x080001f7   Thumb Code     0  startup_stm32wb55xx_cm4.o(.text)
    TIM2_IRQHandler                          0x080001f7   Thumb Code     0  startup_stm32wb55xx_cm4.o(.text)
    TSC_IRQHandler                           0x080001f7   Thumb Code     0  startup_stm32wb55xx_cm4.o(.text)
    USART1_IRQHandler                        0x080001f7   Thumb Code     0  startup_stm32wb55xx_cm4.o(.text)
    USB_HP_IRQHandler                        0x080001f7   Thumb Code     0  startup_stm32wb55xx_cm4.o(.text)
    USB_LP_IRQHandler                        0x080001f7   Thumb Code     0  startup_stm32wb55xx_cm4.o(.text)
    WWDG_IRQHandler                          0x080001f7   Thumb Code     0  startup_stm32wb55xx_cm4.o(.text)
    __user_initial_stackheap                 0x080001f9   Thumb Code     0  startup_stm32wb55xx_cm4.o(.text)
    __aeabi_memcpy4                          0x0800021d   Thumb Code     0  rt_memcpy_w.o(.text)
    __aeabi_memcpy8                          0x0800021d   Thumb Code     0  rt_memcpy_w.o(.text)
    __rt_memcpy_w                            0x0800021d   Thumb Code   100  rt_memcpy_w.o(.text)
    _memcpy_lastbytes_aligned                0x08000265   Thumb Code     0  rt_memcpy_w.o(.text)
    __aeabi_memclr4                          0x08000281   Thumb Code     0  rt_memclr_w.o(.text)
    __aeabi_memclr8                          0x08000281   Thumb Code     0  rt_memclr_w.o(.text)
    __rt_memclr_w                            0x08000281   Thumb Code     0  rt_memclr_w.o(.text)
    _memset_w                                0x08000285   Thumb Code    74  rt_memclr_w.o(.text)
    __use_two_region_memory                  0x080002cf   Thumb Code     2  heapauxi.o(.text)
    __rt_heap_escrow$2region                 0x080002d1   Thumb Code     2  heapauxi.o(.text)
    __rt_heap_expand$2region                 0x080002d3   Thumb Code     2  heapauxi.o(.text)
    __user_setup_stackheap                   0x080002d5   Thumb Code    74  sys_stackheap_outer.o(.text)
    exit                                     0x0800031f   Thumb Code    18  exit.o(.text)
    __user_libspace                          0x08000331   Thumb Code     8  libspace.o(.text)
    __user_perproc_libspace                  0x08000331   Thumb Code     0  libspace.o(.text)
    __user_perthread_libspace                0x08000331   Thumb Code     0  libspace.o(.text)
    _sys_exit                                0x08000339   Thumb Code     8  sys_exit.o(.text)
    __I$use$semihosting                      0x08000345   Thumb Code     0  use_no_semi.o(.text)
    __use_no_semihosting_swi                 0x08000345   Thumb Code     2  use_no_semi.o(.text)
    __semihosting_library_function           0x08000347   Thumb Code     0  indicate_semi.o(.text)
    ADS1299_Init                             0x08000349   Thumb Code   114  ads1299.o(.text.ADS1299_Init)
    ADS1299_WriteRegister                    0x080003bd   Thumb Code    32  ads1299.o(.text.ADS1299_WriteRegister)
    BusFault_Handler                         0x080003dd   Thumb Code     2  stm32wbxx_it.o(.text.BusFault_Handler)
    DebugMon_Handler                         0x080003e1   Thumb Code     2  stm32wbxx_it.o(.text.DebugMon_Handler)
    Error_Handler                            0x080003e5   Thumb Code    10  main.o(.text.Error_Handler)
    FATFS_LinkDriver                         0x080003f1   Thumb Code    76  ff_gen_drv.o(.text.FATFS_LinkDriver)
    HAL_DMA_Start_IT                         0x0800043d   Thumb Code   228  stm32wbxx_hal_dma.o(.text.HAL_DMA_Start_IT)
    HAL_Delay                                0x08000521   Thumb Code    40  stm32wbxx_hal.o(.text.HAL_Delay)
    HAL_GPIO_Init                            0x08000549   Thumb Code   394  stm32wbxx_hal_gpio.o(.text.HAL_GPIO_Init)
    HAL_GPIO_TogglePin                       0x080006d5   Thumb Code    16  stm32wbxx_hal_gpio.o(.text.HAL_GPIO_TogglePin)
    HAL_GPIO_WritePin                        0x080006e5   Thumb Code    12  stm32wbxx_hal_gpio.o(.text.HAL_GPIO_WritePin)
    HAL_GetTick                              0x080006f1   Thumb Code    12  stm32wbxx_hal.o(.text.HAL_GetTick)
    HAL_GetTickPrio                          0x080006fd   Thumb Code    12  stm32wbxx_hal.o(.text.HAL_GetTickPrio)
    HAL_IncTick                              0x08000709   Thumb Code    26  stm32wbxx_hal.o(.text.HAL_IncTick)
    HAL_Init                                 0x08000725   Thumb Code    46  stm32wbxx_hal.o(.text.HAL_Init)
    HAL_InitTick                             0x08000755   Thumb Code    72  stm32wbxx_hal.o(.text.HAL_InitTick)
    HAL_MspInit                              0x0800079d   Thumb Code     2  stm32wbxx_hal_msp.o(.text.HAL_MspInit)
    HAL_NVIC_SetPriority                     0x080007a1   Thumb Code    86  stm32wbxx_hal_cortex.o(.text.HAL_NVIC_SetPriority)
    HAL_NVIC_SetPriorityGrouping             0x080007f9   Thumb Code    32  stm32wbxx_hal_cortex.o(.text.HAL_NVIC_SetPriorityGrouping)
    HAL_PCDEx_ActivateLPM                    0x08000819   Thumb Code    42  stm32wbxx_hal_pcd_ex.o(.text.HAL_PCDEx_ActivateLPM)
    HAL_PCD_Init                             0x08000845   Thumb Code   194  stm32wbxx_hal_pcd.o(.text.HAL_PCD_Init)
    HAL_PCD_MspInit                          0x08000909   Thumb Code   166  stm32wbxx_hal_msp.o(.text.HAL_PCD_MspInit)
    HAL_PWREx_GetVoltageRange                0x080009b1   Thumb Code    16  stm32wbxx_hal_pwr_ex.o(.text.HAL_PWREx_GetVoltageRange)
    HAL_PWR_EnableBkUpAccess                 0x080009c1   Thumb Code    18  stm32wbxx_hal_pwr.o(.text.HAL_PWR_EnableBkUpAccess)
    HAL_RCCEx_EnableMSIPLLMode               0x080009d5   Thumb Code    14  stm32wbxx_hal_rcc_ex.o(.text.HAL_RCCEx_EnableMSIPLLMode)
    HAL_RCCEx_PeriphCLKConfig                0x080009e5   Thumb Code  1020  stm32wbxx_hal_rcc_ex.o(.text.HAL_RCCEx_PeriphCLKConfig)
    HAL_RCC_ClockConfig                      0x08000de1   Thumb Code   738  stm32wbxx_hal_rcc.o(.text.HAL_RCC_ClockConfig)
    HAL_RCC_GetHCLKFreq                      0x080010c5   Thumb Code   218  stm32wbxx_hal_rcc.o(.text.HAL_RCC_GetHCLKFreq)
    HAL_RCC_OscConfig                        0x080011a1   Thumb Code  1838  stm32wbxx_hal_rcc.o(.text.HAL_RCC_OscConfig)
    HAL_SPI_ErrorCallback                    0x080018d1   Thumb Code     2  stm32wbxx_hal_spi.o(.text.HAL_SPI_ErrorCallback)
    HAL_SPI_Init                             0x080018d5   Thumb Code   220  stm32wbxx_hal_spi.o(.text.HAL_SPI_Init)
    HAL_SPI_MspInit                          0x080019b1   Thumb Code   256  stm32wbxx_hal_msp.o(.text.HAL_SPI_MspInit)
    HAL_SPI_Transmit_DMA                     0x08001ab1   Thumb Code   290  stm32wbxx_hal_spi.o(.text.HAL_SPI_Transmit_DMA)
    HAL_SPI_TxCpltCallback                   0x08001bd5   Thumb Code     2  stm32wbxx_hal_spi.o(.text.HAL_SPI_TxCpltCallback)
    HAL_SPI_TxHalfCpltCallback               0x08001bd9   Thumb Code     2  stm32wbxx_hal_spi.o(.text.HAL_SPI_TxHalfCpltCallback)
    HAL_SYSTICK_Config                       0x08001bdd   Thumb Code    44  stm32wbxx_hal_cortex.o(.text.HAL_SYSTICK_Config)
    HardFault_Handler                        0x08001c09   Thumb Code     2  stm32wbxx_it.o(.text.HardFault_Handler)
    MX_FATFS_Init                            0x08001c0d   Thumb Code    40  app_fatfs.o(.text.MX_FATFS_Init)
    MemManage_Handler                        0x08001c35   Thumb Code     2  stm32wbxx_it.o(.text.MemManage_Handler)
    NMI_Handler                              0x08001c39   Thumb Code     2  stm32wbxx_it.o(.text.NMI_Handler)
    PendSV_Handler                           0x08001c3d   Thumb Code     2  stm32wbxx_it.o(.text.PendSV_Handler)
    SVC_Handler                              0x08002055   Thumb Code     2  stm32wbxx_it.o(.text.SVC_Handler)
    SysTick_Handler                          0x08002059   Thumb Code     4  stm32wbxx_it.o(.text.SysTick_Handler)
    SystemClock_Config                       0x0800205d   Thumb Code   208  main.o(.text.SystemClock_Config)
    SystemInit                               0x0800212d   Thumb Code   104  system_stm32wbxx.o(.text.SystemInit)
    USB_DevInit                              0x08002195   Thumb Code    26  stm32wbxx_ll_usb.o(.text.USB_DevInit)
    USB_DisableGlobalInt                     0x080021b1   Thumb Code    20  stm32wbxx_ll_usb.o(.text.USB_DisableGlobalInt)
    USER_initialize                          0x080021c5   Thumb Code    16  user_diskio.o(.text.USER_initialize)
    USER_ioctl                               0x080021d5   Thumb Code     4  user_diskio.o(.text.USER_ioctl)
    USER_read                                0x080021d9   Thumb Code     4  user_diskio.o(.text.USER_read)
    USER_status                              0x080021dd   Thumb Code    16  user_diskio.o(.text.USER_status)
    USER_write                               0x080021ed   Thumb Code     4  user_diskio.o(.text.USER_write)
    UsageFault_Handler                       0x080021f1   Thumb Code     2  stm32wbxx_it.o(.text.UsageFault_Handler)
    main                                     0x080021f5   Thumb Code   638  main.o(.text.main)
    _fp_init                                 0x08002473   Thumb Code    26  fpinit.o(x$fpl$fpinit)
    __fplib_config_fpu_vfp                   0x0800248b   Thumb Code     0  fpinit.o(x$fpl$fpinit)
    __fplib_config_pureend_doubles           0x0800248b   Thumb Code     0  fpinit.o(x$fpl$fpinit)
    AHBPrescTable                            0x0800248c   Data          64  system_stm32wbxx.o(.rodata.AHBPrescTable)
    MSIRangeTable                            0x080024cc   Data          64  system_stm32wbxx.o(.rodata.MSIRangeTable)
    Region$$Table$$Base                      0x0800250c   Number         0  anon$$obj.o(Region$$Table)
    Region$$Table$$Limit                     0x0800252c   Number         0  anon$$obj.o(Region$$Table)
    uwTickFreq                               0x20000008   Data           1  stm32wbxx_hal.o(.data..L_MergedGlobals)
    uwTickPrio                               0x2000000c   Data           4  stm32wbxx_hal.o(.data..L_MergedGlobals)
    SystemCoreClock                          0x20000014   Data           4  system_stm32wbxx.o(.data.SystemCoreClock)
    USER_Driver                              0x20000018   Data          20  user_diskio.o(.data.USER_Driver)
    __libspace_start                         0x20000030   Data          96  libspace.o(.bss)
    __temporary_stack_top$libspace           0x20000090   Data           0  libspace.o(.bss)
    sendDataBuff                             0x20000090   Data           3  ads1299.o(.bss..L_MergedGlobals)
    readDataBuff                             0x20000093   Data           3  ads1299.o(.bss..L_MergedGlobals)
    hspi_ads1299                             0x20000098   Data         100  ads1299.o(.bss..L_MergedGlobals)
    Appli_state                              0x200000fc   Data           1  app_fatfs.o(.bss..L_MergedGlobals)
    USERPath                                 0x200000fd   Data           4  app_fatfs.o(.bss..L_MergedGlobals)
    disk                                     0x20000104   Data          12  ff_gen_drv.o(.bss.disk)
    hpcd_USB_FS                              0x20000110   Data         756  main.o(.bss.hpcd_USB_FS)
    hspi1                                    0x20000404   Data         100  main.o(.bss.hspi1)
    hspi2                                    0x20000468   Data         100  main.o(.bss.hspi2)
    uwTick                                   0x200004cc   Data           4  stm32wbxx_hal.o(.bss.uwTick)



==============================================================================

Memory Map of the image

  Image Entry point : 0x0800013d

  Load Region LR_IROM1 (Base: 0x08000000, Size: 0x00002558, Max: 0x00080000, ABSOLUTE)

    Execution Region ER_IROM1 (Exec base: 0x08000000, Load base: 0x08000000, Size: 0x0000252c, Max: 0x00080000, ABSOLUTE)

    Exec Addr    Load Addr    Size         Type   Attr      Idx    E Section Name        Object

    0x08000000   0x08000000   0x0000013c   Data   RO            3    RESET               startup_stm32wb55xx_cm4.o
    0x0800013c   0x0800013c   0x00000008   Code   RO         1111  * !!!main             c_w.l(__main.o)
    0x08000144   0x08000144   0x00000034   Code   RO         1276    !!!scatter          c_w.l(__scatter.o)
    0x08000178   0x08000178   0x0000001a   Code   RO         1278    !!handler_copy      c_w.l(__scatter_copy.o)
    0x08000192   0x08000192   0x00000002   PAD
    0x08000194   0x08000194   0x0000001c   Code   RO         1280    !!handler_zi        c_w.l(__scatter_zi.o)
    0x080001b0   0x080001b0   0x00000002   Code   RO         1138    .ARM.Collect$$libinit$$00000000  c_w.l(libinit.o)
    0x080001b2   0x080001b2   0x00000004   Code   RO         1144    .ARM.Collect$$libinit$$00000001  c_w.l(libinit2.o)
    0x080001b6   0x080001b6   0x00000000   Code   RO         1147    .ARM.Collect$$libinit$$00000004  c_w.l(libinit2.o)
    0x080001b6   0x080001b6   0x00000000   Code   RO         1149    .ARM.Collect$$libinit$$00000006  c_w.l(libinit2.o)
    0x080001b6   0x080001b6   0x00000000   Code   RO         1152    .ARM.Collect$$libinit$$0000000C  c_w.l(libinit2.o)
    0x080001b6   0x080001b6   0x00000000   Code   RO         1154    .ARM.Collect$$libinit$$0000000E  c_w.l(libinit2.o)
    0x080001b6   0x080001b6   0x00000000   Code   RO         1156    .ARM.Collect$$libinit$$00000010  c_w.l(libinit2.o)
    0x080001b6   0x080001b6   0x00000000   Code   RO         1159    .ARM.Collect$$libinit$$00000013  c_w.l(libinit2.o)
    0x080001b6   0x080001b6   0x00000000   Code   RO         1161    .ARM.Collect$$libinit$$00000015  c_w.l(libinit2.o)
    0x080001b6   0x080001b6   0x00000000   Code   RO         1163    .ARM.Collect$$libinit$$00000017  c_w.l(libinit2.o)
    0x080001b6   0x080001b6   0x00000000   Code   RO         1165    .ARM.Collect$$libinit$$00000019  c_w.l(libinit2.o)
    0x080001b6   0x080001b6   0x00000000   Code   RO         1167    .ARM.Collect$$libinit$$0000001B  c_w.l(libinit2.o)
    0x080001b6   0x080001b6   0x00000000   Code   RO         1169    .ARM.Collect$$libinit$$0000001D  c_w.l(libinit2.o)
    0x080001b6   0x080001b6   0x00000000   Code   RO         1171    .ARM.Collect$$libinit$$0000001F  c_w.l(libinit2.o)
    0x080001b6   0x080001b6   0x00000000   Code   RO         1173    .ARM.Collect$$libinit$$00000021  c_w.l(libinit2.o)
    0x080001b6   0x080001b6   0x00000000   Code   RO         1175    .ARM.Collect$$libinit$$00000023  c_w.l(libinit2.o)
    0x080001b6   0x080001b6   0x00000000   Code   RO         1177    .ARM.Collect$$libinit$$00000025  c_w.l(libinit2.o)
    0x080001b6   0x080001b6   0x00000000   Code   RO         1179    .ARM.Collect$$libinit$$00000027  c_w.l(libinit2.o)
    0x080001b6   0x080001b6   0x00000000   Code   RO         1183    .ARM.Collect$$libinit$$0000002E  c_w.l(libinit2.o)
    0x080001b6   0x080001b6   0x00000000   Code   RO         1185    .ARM.Collect$$libinit$$00000030  c_w.l(libinit2.o)
    0x080001b6   0x080001b6   0x00000000   Code   RO         1187    .ARM.Collect$$libinit$$00000032  c_w.l(libinit2.o)
    0x080001b6   0x080001b6   0x00000000   Code   RO         1189    .ARM.Collect$$libinit$$00000034  c_w.l(libinit2.o)
    0x080001b6   0x080001b6   0x00000002   Code   RO         1190    .ARM.Collect$$libinit$$00000035  c_w.l(libinit2.o)
    0x080001b8   0x080001b8   0x00000002   Code   RO         1212    .ARM.Collect$$libshutdown$$00000000  c_w.l(libshutdown.o)
    0x080001ba   0x080001ba   0x00000000   Code   RO         1227    .ARM.Collect$$libshutdown$$00000002  c_w.l(libshutdown2.o)
    0x080001ba   0x080001ba   0x00000000   Code   RO         1229    .ARM.Collect$$libshutdown$$00000004  c_w.l(libshutdown2.o)
    0x080001ba   0x080001ba   0x00000000   Code   RO         1232    .ARM.Collect$$libshutdown$$00000007  c_w.l(libshutdown2.o)
    0x080001ba   0x080001ba   0x00000000   Code   RO         1235    .ARM.Collect$$libshutdown$$0000000A  c_w.l(libshutdown2.o)
    0x080001ba   0x080001ba   0x00000000   Code   RO         1237    .ARM.Collect$$libshutdown$$0000000C  c_w.l(libshutdown2.o)
    0x080001ba   0x080001ba   0x00000000   Code   RO         1240    .ARM.Collect$$libshutdown$$0000000F  c_w.l(libshutdown2.o)
    0x080001ba   0x080001ba   0x00000002   Code   RO         1241    .ARM.Collect$$libshutdown$$00000010  c_w.l(libshutdown2.o)
    0x080001bc   0x080001bc   0x00000000   Code   RO         1113    .ARM.Collect$$rtentry$$00000000  c_w.l(__rtentry.o)
    0x080001bc   0x080001bc   0x00000000   Code   RO         1115    .ARM.Collect$$rtentry$$00000002  c_w.l(__rtentry2.o)
    0x080001bc   0x080001bc   0x00000006   Code   RO         1127    .ARM.Collect$$rtentry$$00000004  c_w.l(__rtentry4.o)
    0x080001c2   0x080001c2   0x00000000   Code   RO         1117    .ARM.Collect$$rtentry$$00000009  c_w.l(__rtentry2.o)
    0x080001c2   0x080001c2   0x00000004   Code   RO         1118    .ARM.Collect$$rtentry$$0000000A  c_w.l(__rtentry2.o)
    0x080001c6   0x080001c6   0x00000000   Code   RO         1120    .ARM.Collect$$rtentry$$0000000C  c_w.l(__rtentry2.o)
    0x080001c6   0x080001c6   0x00000008   Code   RO         1121    .ARM.Collect$$rtentry$$0000000D  c_w.l(__rtentry2.o)
    0x080001ce   0x080001ce   0x00000002   Code   RO         1142    .ARM.Collect$$rtexit$$00000000  c_w.l(rtexit.o)
    0x080001d0   0x080001d0   0x00000000   Code   RO         1192    .ARM.Collect$$rtexit$$00000002  c_w.l(rtexit2.o)
    0x080001d0   0x080001d0   0x00000004   Code   RO         1193    .ARM.Collect$$rtexit$$00000003  c_w.l(rtexit2.o)
    0x080001d4   0x080001d4   0x00000006   Code   RO         1194    .ARM.Collect$$rtexit$$00000004  c_w.l(rtexit2.o)
    0x080001da   0x080001da   0x00000002   PAD
    0x080001dc   0x080001dc   0x00000040   Code   RO            4    .text               startup_stm32wb55xx_cm4.o
    0x0800021c   0x0800021c   0x00000064   Code   RO         1103    .text               c_w.l(rt_memcpy_w.o)
    0x08000280   0x08000280   0x0000004e   Code   RO         1107    .text               c_w.l(rt_memclr_w.o)
    0x080002ce   0x080002ce   0x00000006   Code   RO         1109    .text               c_w.l(heapauxi.o)
    0x080002d4   0x080002d4   0x0000004a   Code   RO         1129    .text               c_w.l(sys_stackheap_outer.o)
    0x0800031e   0x0800031e   0x00000012   Code   RO         1131    .text               c_w.l(exit.o)
    0x08000330   0x08000330   0x00000008   Code   RO         1139    .text               c_w.l(libspace.o)
    0x08000338   0x08000338   0x0000000c   Code   RO         1202    .text               c_w.l(sys_exit.o)
    0x08000344   0x08000344   0x00000002   Code   RO         1217    .text               c_w.l(use_no_semi.o)
    0x08000346   0x08000346   0x00000000   Code   RO         1219    .text               c_w.l(indicate_semi.o)
    0x08000346   0x08000346   0x00000002   PAD
    0x08000348   0x08000348   0x00000072   Code   RO           73    .text.ADS1299_Init  ads1299.o
    0x080003ba   0x080003ba   0x00000002   PAD
    0x080003bc   0x080003bc   0x00000020   Code   RO           77    .text.ADS1299_WriteRegister  ads1299.o
    0x080003dc   0x080003dc   0x00000002   Code   RO           36    .text.BusFault_Handler  stm32wbxx_it.o
    0x080003de   0x080003de   0x00000002   PAD
    0x080003e0   0x080003e0   0x00000002   Code   RO           42    .text.DebugMon_Handler  stm32wbxx_it.o
    0x080003e2   0x080003e2   0x00000002   PAD
    0x080003e4   0x080003e4   0x0000000a   Code   RO           17    .text.Error_Handler  main.o
    0x080003ee   0x080003ee   0x00000002   PAD
    0x080003f0   0x080003f0   0x0000004c   Code   RO         1082    .text.FATFS_LinkDriver  ff_gen_drv.o
    0x0800043c   0x0800043c   0x000000e4   Code   RO          336    .text.HAL_DMA_Start_IT  stm32wbxx_hal_dma.o
    0x08000520   0x08000520   0x00000028   Code   RO          596    .text.HAL_Delay     stm32wbxx_hal.o
    0x08000548   0x08000548   0x0000018a   Code   RO          303    .text.HAL_GPIO_Init  stm32wbxx_hal_gpio.o
    0x080006d2   0x080006d2   0x00000002   PAD
    0x080006d4   0x080006d4   0x00000010   Code   RO          313    .text.HAL_GPIO_TogglePin  stm32wbxx_hal_gpio.o
    0x080006e4   0x080006e4   0x0000000c   Code   RO          309    .text.HAL_GPIO_WritePin  stm32wbxx_hal_gpio.o
    0x080006f0   0x080006f0   0x0000000c   Code   RO          588    .text.HAL_GetTick   stm32wbxx_hal.o
    0x080006fc   0x080006fc   0x0000000c   Code   RO          590    .text.HAL_GetTickPrio  stm32wbxx_hal.o
    0x08000708   0x08000708   0x0000001a   Code   RO          586    .text.HAL_IncTick   stm32wbxx_hal.o
    0x08000722   0x08000722   0x00000002   PAD
    0x08000724   0x08000724   0x0000002e   Code   RO          576    .text.HAL_Init      stm32wbxx_hal.o
    0x08000752   0x08000752   0x00000002   PAD
    0x08000754   0x08000754   0x00000048   Code   RO          578    .text.HAL_InitTick  stm32wbxx_hal.o
    0x0800079c   0x0800079c   0x00000002   Code   RO           55    .text.HAL_MspInit   stm32wbxx_hal_msp.o
    0x0800079e   0x0800079e   0x00000002   PAD
    0x080007a0   0x080007a0   0x00000056   Code   RO          534    .text.HAL_NVIC_SetPriority  stm32wbxx_hal_cortex.o
    0x080007f6   0x080007f6   0x00000002   PAD
    0x080007f8   0x080007f8   0x00000020   Code   RO          532    .text.HAL_NVIC_SetPriorityGrouping  stm32wbxx_hal_cortex.o
    0x08000818   0x08000818   0x0000002a   Code   RO          903    .text.HAL_PCDEx_ActivateLPM  stm32wbxx_hal_pcd_ex.o
    0x08000842   0x08000842   0x00000002   PAD
    0x08000844   0x08000844   0x000000c2   Code   RO          819    .text.HAL_PCD_Init  stm32wbxx_hal_pcd.o
    0x08000906   0x08000906   0x00000002   PAD
    0x08000908   0x08000908   0x000000a6   Code   RO           61    .text.HAL_PCD_MspInit  stm32wbxx_hal_msp.o
    0x080009ae   0x080009ae   0x00000002   PAD
    0x080009b0   0x080009b0   0x00000010   Code   RO          420    .text.HAL_PWREx_GetVoltageRange  stm32wbxx_hal_pwr_ex.o
    0x080009c0   0x080009c0   0x00000012   Code   RO          382    .text.HAL_PWR_EnableBkUpAccess  stm32wbxx_hal_pwr.o
    0x080009d2   0x080009d2   0x00000002   PAD
    0x080009d4   0x080009d4   0x0000000e   Code   RO          210    .text.HAL_RCCEx_EnableMSIPLLMode  stm32wbxx_hal_rcc_ex.o
    0x080009e2   0x080009e2   0x00000002   PAD
    0x080009e4   0x080009e4   0x000003fc   Code   RO          170    .text.HAL_RCCEx_PeriphCLKConfig  stm32wbxx_hal_rcc_ex.o
    0x08000de0   0x08000de0   0x000002e2   Code   RO          135    .text.HAL_RCC_ClockConfig  stm32wbxx_hal_rcc.o
    0x080010c2   0x080010c2   0x00000002   PAD
    0x080010c4   0x080010c4   0x000000da   Code   RO          133    .text.HAL_RCC_GetHCLKFreq  stm32wbxx_hal_rcc.o
    0x0800119e   0x0800119e   0x00000002   PAD
    0x080011a0   0x080011a0   0x0000072e   Code   RO          129    .text.HAL_RCC_OscConfig  stm32wbxx_hal_rcc.o
    0x080018ce   0x080018ce   0x00000002   PAD
    0x080018d0   0x080018d0   0x00000002   Code   RO          776    .text.HAL_SPI_ErrorCallback  stm32wbxx_hal_spi.o
    0x080018d2   0x080018d2   0x00000002   PAD
    0x080018d4   0x080018d4   0x000000dc   Code   RO          692    .text.HAL_SPI_Init  stm32wbxx_hal_spi.o
    0x080019b0   0x080019b0   0x00000100   Code   RO           57    .text.HAL_SPI_MspInit  stm32wbxx_hal_msp.o
    0x08001ab0   0x08001ab0   0x00000122   Code   RO          728    .text.HAL_SPI_Transmit_DMA  stm32wbxx_hal_spi.o
    0x08001bd2   0x08001bd2   0x00000002   PAD
    0x08001bd4   0x08001bd4   0x00000002   Code   RO          778    .text.HAL_SPI_TxCpltCallback  stm32wbxx_hal_spi.o
    0x08001bd6   0x08001bd6   0x00000002   PAD
    0x08001bd8   0x08001bd8   0x00000002   Code   RO          784    .text.HAL_SPI_TxHalfCpltCallback  stm32wbxx_hal_spi.o
    0x08001bda   0x08001bda   0x00000002   PAD
    0x08001bdc   0x08001bdc   0x0000002c   Code   RO          544    .text.HAL_SYSTICK_Config  stm32wbxx_hal_cortex.o
    0x08001c08   0x08001c08   0x00000002   Code   RO           32    .text.HardFault_Handler  stm32wbxx_it.o
    0x08001c0a   0x08001c0a   0x00000002   PAD
    0x08001c0c   0x08001c0c   0x00000028   Code   RO          111    .text.MX_FATFS_Init  app_fatfs.o
    0x08001c34   0x08001c34   0x00000002   Code   RO           34    .text.MemManage_Handler  stm32wbxx_it.o
    0x08001c36   0x08001c36   0x00000002   PAD
    0x08001c38   0x08001c38   0x00000002   Code   RO           30    .text.NMI_Handler   stm32wbxx_it.o
    0x08001c3a   0x08001c3a   0x00000002   PAD
    0x08001c3c   0x08001c3c   0x00000002   Code   RO           44    .text.PendSV_Handler  stm32wbxx_it.o
    0x08001c3e   0x08001c3e   0x00000002   PAD
    0x08001c40   0x08001c40   0x000000f4   Code   RO          131    .text.RCC_SetFlashLatencyFromMSIRange  stm32wbxx_hal_rcc.o
    0x08001d34   0x08001d34   0x0000001e   Code   RO          734    .text.SPI_DMAError  stm32wbxx_hal_spi.o
    0x08001d52   0x08001d52   0x00000002   PAD
    0x08001d54   0x08001d54   0x00000006   Code   RO          730    .text.SPI_DMAHalfTransmitCplt  stm32wbxx_hal_spi.o
    0x08001d5a   0x08001d5a   0x00000002   PAD
    0x08001d5c   0x08001d5c   0x000000a0   Code   RO          732    .text.SPI_DMATransmitCplt  stm32wbxx_hal_spi.o
    0x08001dfc   0x08001dfc   0x00000186   Code   RO          754    .text.SPI_WaitFifoStateUntilTimeout  stm32wbxx_hal_spi.o
    0x08001f82   0x08001f82   0x00000002   PAD
    0x08001f84   0x08001f84   0x000000ce   Code   RO          756    .text.SPI_WaitFlagStateUntilTimeout  stm32wbxx_hal_spi.o
    0x08002052   0x08002052   0x00000002   PAD
    0x08002054   0x08002054   0x00000002   Code   RO           40    .text.SVC_Handler   stm32wbxx_it.o
    0x08002056   0x08002056   0x00000002   PAD
    0x08002058   0x08002058   0x00000004   Code   RO           46    .text.SysTick_Handler  stm32wbxx_it.o
    0x0800205c   0x0800205c   0x000000d0   Code   RO           13    .text.SystemClock_Config  main.o
    0x0800212c   0x0800212c   0x00000068   Code   RO          965    .text.SystemInit    system_stm32wbxx.o
    0x08002194   0x08002194   0x0000001a   Code   RO          925    .text.USB_DevInit   stm32wbxx_ll_usb.o
    0x080021ae   0x080021ae   0x00000002   PAD
    0x080021b0   0x080021b0   0x00000014   Code   RO          921    .text.USB_DisableGlobalInt  stm32wbxx_ll_usb.o
    0x080021c4   0x080021c4   0x00000010   Code   RO           92    .text.USER_initialize  user_diskio.o
    0x080021d4   0x080021d4   0x00000004   Code   RO          100    .text.USER_ioctl    user_diskio.o
    0x080021d8   0x080021d8   0x00000004   Code   RO           96    .text.USER_read     user_diskio.o
    0x080021dc   0x080021dc   0x00000010   Code   RO           94    .text.USER_status   user_diskio.o
    0x080021ec   0x080021ec   0x00000004   Code   RO           98    .text.USER_write    user_diskio.o
    0x080021f0   0x080021f0   0x00000002   Code   RO           38    .text.UsageFault_Handler  stm32wbxx_it.o
    0x080021f2   0x080021f2   0x00000002   PAD
    0x080021f4   0x080021f4   0x0000027e   Code   RO           11    .text.main          main.o
    0x08002472   0x08002472   0x0000001a   Code   RO         1200    x$fpl$fpinit        fz_wm.l(fpinit.o)
    0x0800248c   0x0800248c   0x00000040   Data   RO          970    .rodata.AHBPrescTable  system_stm32wbxx.o
    0x080024cc   0x080024cc   0x00000040   Data   RO          972    .rodata.MSIRangeTable  system_stm32wbxx.o
    0x0800250c   0x0800250c   0x00000020   Data   RO         1275    Region$$Table       anon$$obj.o


    Execution Region RW_IRAM1 (Exec base: 0x20000008, Load base: 0x08002530, Size: 0x00000ac8, Max: 0x0002fff8, ABSOLUTE)

    Exec Addr    Load Addr    Size         Type   Attr      Idx    E Section Name        Object

    0x20000008   0x08002530   0x00000008   Data   RW          657    .data..L_MergedGlobals  stm32wbxx_hal.o
    0x20000010   0x08002538   0x00000001   Data   RW          103    .data.Stat          user_diskio.o
    0x20000011   0x08002539   0x00000003   PAD
    0x20000014   0x0800253c   0x00000004   Data   RW          969    .data.SystemCoreClock  system_stm32wbxx.o
    0x20000018   0x08002540   0x00000014   Data   RW          102    .data.USER_Driver   user_diskio.o
    0x2000002c   0x08002554   0x00000004   PAD
    0x20000030        -       0x00000060   Zero   RW         1140    .bss                c_w.l(libspace.o)
    0x20000090        -       0x0000006c   Zero   RW           83    .bss..L_MergedGlobals  ads1299.o
    0x200000fc        -       0x00000005   Zero   RW          119    .bss..L_MergedGlobals  app_fatfs.o
    0x20000101   0x08002554   0x00000003   PAD
    0x20000104        -       0x0000000c   Zero   RW         1090    .bss.disk           ff_gen_drv.o
    0x20000110        -       0x000002f4   Zero   RW           21    .bss.hpcd_USB_FS    main.o
    0x20000404        -       0x00000064   Zero   RW           19    .bss.hspi1          main.o
    0x20000468        -       0x00000064   Zero   RW           20    .bss.hspi2          main.o
    0x200004cc        -       0x00000004   Zero   RW          656    .bss.uwTick         stm32wbxx_hal.o
    0x200004d0        -       0x00000200   Zero   RW            2    HEAP                startup_stm32wb55xx_cm4.o
    0x200006d0        -       0x00000400   Zero   RW            1    STACK               startup_stm32wb55xx_cm4.o


    Execution Region RW_RAM_SHARED (Exec base: 0x20030000, Load base: 0x08002558, Size: 0x00000000, Max: 0x00002800, ABSOLUTE)

    **** No section assigned to this execution region ****


==============================================================================

Image component sizes


      Code (inc. data)   RO Data    RW Data    ZI Data      Debug   Object Name

       146          0          0          0        108       5271   ads1299.o
        40          0          0          0          5       2229   app_fatfs.o
        76          0          0          0         12       3247   ff_gen_drv.o
       856          0          0          0        956      11509   main.o
        64         26        316          0       1536        848   startup_stm32wb55xx_cm4.o
       208          0          0          8          4      13688   stm32wbxx_hal.o
       162          0          0          0          0       9788   stm32wbxx_hal_cortex.o
       228          0          0          0          0       9061   stm32wbxx_hal_dma.o
       422          0          0          0          0       4911   stm32wbxx_hal_gpio.o
       424          0          0          0          0      10221   stm32wbxx_hal_msp.o
       194          0          0          0          0      15590   stm32wbxx_hal_pcd.o
        42          0          0          0          0       5587   stm32wbxx_hal_pcd_ex.o
        18          0          0          0          0       5647   stm32wbxx_hal_pwr.o
        16          0          0          0          0      14141   stm32wbxx_hal_pwr_ex.o
      3038         16          0          0          0      22345   stm32wbxx_hal_rcc.o
      1034          0          0          0          0      25743   stm32wbxx_hal_rcc_ex.o
      1308          0          0          0          0      26859   stm32wbxx_hal_spi.o
        20          0          0          0          0       1145   stm32wbxx_it.o
        46          0          0          0          0      20558   stm32wbxx_ll_usb.o
       104          0        128          4          0       3503   system_stm32wbxx.o
        44          0          0         21          0       1739   user_diskio.o

    ----------------------------------------------------------------------
      8554         42        476         36       2628     213630   Object Totals
         0          0         32          0          0          0   (incl. Generated)
        64          0          0          3          7          0   (incl. Padding)

    ----------------------------------------------------------------------

      Code (inc. data)   RO Data    RW Data    ZI Data      Debug   Library Member Name

         8          0          0          0          0         68   __main.o
         0          0          0          0          0          0   __rtentry.o
        12          0          0          0          0          0   __rtentry2.o
         6          0          0          0          0          0   __rtentry4.o
        52          8          0          0          0          0   __scatter.o
        26          0          0          0          0          0   __scatter_copy.o
        28          0          0          0          0          0   __scatter_zi.o
        18          0          0          0          0         80   exit.o
         6          0          0          0          0        152   heapauxi.o
         0          0          0          0          0          0   indicate_semi.o
         2          0          0          0          0          0   libinit.o
         6          0          0          0          0          0   libinit2.o
         2          0          0          0          0          0   libshutdown.o
         2          0          0          0          0          0   libshutdown2.o
         8          4          0          0         96         68   libspace.o
        78          0          0          0          0         80   rt_memclr_w.o
       100          0          0          0          0         80   rt_memcpy_w.o
         2          0          0          0          0          0   rtexit.o
        10          0          0          0          0          0   rtexit2.o
        12          4          0          0          0         68   sys_exit.o
        74          0          0          0          0         80   sys_stackheap_outer.o
         2          0          0          0          0         68   use_no_semi.o
        26          0          0          0          0        116   fpinit.o

    ----------------------------------------------------------------------
       486         16          0          0         96        860   Library Totals
         6          0          0          0          0          0   (incl. Padding)

    ----------------------------------------------------------------------

      Code (inc. data)   RO Data    RW Data    ZI Data      Debug   Library Name

       454         16          0          0         96        744   c_w.l
        26          0          0          0          0        116   fz_wm.l

    ----------------------------------------------------------------------
       486         16          0          0         96        860   Library Totals

    ----------------------------------------------------------------------

==============================================================================


      Code (inc. data)   RO Data    RW Data    ZI Data      Debug   

      9040         58        476         36       2724     213850   Grand Totals
      9040         58        476         36       2724     213850   ELF Image Totals
      9040         58        476         36          0          0   ROM Totals

==============================================================================

    Total RO  Size (Code + RO Data)                 9516 (   9.29kB)
    Total RW  Size (RW Data + ZI Data)              2760 (   2.70kB)
    Total ROM Size (Code + RO Data + RW Data)       9552 (   9.33kB)

==============================================================================

