<!doctype html public "-//w3c//dtd html 4.0 transitional//en">
<html><head>
<title>Static Call Graph - [Software\Software.axf]</title></head>
<body><HR>
<H1>Static Call Graph for image Software\Software.axf</H1><HR>
<BR><P>#&#060CALLGRAPH&#062# ARM Linker, 6190004: Last Updated: Wed May 22 21:52:26 2024
<BR><P>
<H3>Maximum Stack Usage =        740 bytes + Unknown(Functions without stacksize, Cycles, Untraceable Function Pointers)</H3><H3>
Call chain for Maximum Stack Depth:</H3>
USB_LP_IRQHandler &rArr; HAL_PCD_IRQHandler &rArr; PCD_EP_ISR_Handler &rArr; HAL_PCD_EP_DB_Transmit &rArr; HAL_PCD_DataInStageCallback &rArr; USBD_LL_DataInStage &rArr; USBD_CtlContinueSendData &rArr; USBD_LL_Transmit &rArr; HAL_PCD_EP_Transmit &rArr; USB_EPStartXfer &rArr; USB_WritePMA
<P>
<H3>
Functions with no stack information
</H3><UL>
 <LI><a href="#[7f]">__user_initial_stackheap</a>
</UL>
</UL>
<P>
<H3>
Mutually Recursive functions
</H3> <LI><a href="#[1c]">ADC1_IRQHandler</a>&nbsp;&nbsp;&nbsp;&rArr;&nbsp;&nbsp;&nbsp;<a href="#[1c]">ADC1_IRQHandler</a><BR>
</UL>
<P>
<H3>
Function Pointers
</H3><UL>
 <LI><a href="#[1c]">ADC1_IRQHandler</a> from startup_stm32wb55xx_cm4.o(.text) referenced from startup_stm32wb55xx_cm4.o(RESET)
 <LI><a href="#[3d]">AES1_IRQHandler</a> from startup_stm32wb55xx_cm4.o(.text) referenced from startup_stm32wb55xx_cm4.o(RESET)
 <LI><a href="#[3e]">AES2_IRQHandler</a> from startup_stm32wb55xx_cm4.o(.text) referenced from startup_stm32wb55xx_cm4.o(RESET)
 <LI><a href="#[4]">BusFault_Handler</a> from stm32wbxx_it.o(.text.BusFault_Handler) referenced from startup_stm32wb55xx_cm4.o(RESET)
 <LI><a href="#[1f]">C2SEV_PWR_C2H_IRQHandler</a> from startup_stm32wb55xx_cm4.o(.text) referenced from startup_stm32wb55xx_cm4.o(RESET)
 <LI><a href="#[65]">CDC_Control_FS</a> from usbd_cdc_if.o(.text.CDC_Control_FS) referenced from usbd_cdc_if.o(.data.USBD_Interface_fops_FS)
 <LI><a href="#[64]">CDC_DeInit_FS</a> from usbd_cdc_if.o(.text.CDC_DeInit_FS) referenced from usbd_cdc_if.o(.data.USBD_Interface_fops_FS)
 <LI><a href="#[63]">CDC_Init_FS</a> from usbd_cdc_if.o(.text.CDC_Init_FS) referenced from usbd_cdc_if.o(.data.USBD_Interface_fops_FS)
 <LI><a href="#[66]">CDC_Receive_FS</a> from usbd_cdc_if.o(.text.CDC_Receive_FS) referenced from usbd_cdc_if.o(.data.USBD_Interface_fops_FS)
 <LI><a href="#[67]">CDC_TransmitCplt_FS</a> from usbd_cdc_if.o(.text.CDC_TransmitCplt_FS) referenced from usbd_cdc_if.o(.data.USBD_Interface_fops_FS)
 <LI><a href="#[20]">COMP_IRQHandler</a> from startup_stm32wb55xx_cm4.o(.text) referenced from startup_stm32wb55xx_cm4.o(RESET)
 <LI><a href="#[34]">CRS_IRQHandler</a> from startup_stm32wb55xx_cm4.o(.text) referenced from startup_stm32wb55xx_cm4.o(RESET)
 <LI><a href="#[15]">DMA1_Channel1_IRQHandler</a> from stm32wbxx_it.o(.text.DMA1_Channel1_IRQHandler) referenced from startup_stm32wb55xx_cm4.o(RESET)
 <LI><a href="#[16]">DMA1_Channel2_IRQHandler</a> from stm32wbxx_it.o(.text.DMA1_Channel2_IRQHandler) referenced from startup_stm32wb55xx_cm4.o(RESET)
 <LI><a href="#[17]">DMA1_Channel3_IRQHandler</a> from startup_stm32wb55xx_cm4.o(.text) referenced from startup_stm32wb55xx_cm4.o(RESET)
 <LI><a href="#[18]">DMA1_Channel4_IRQHandler</a> from startup_stm32wb55xx_cm4.o(.text) referenced from startup_stm32wb55xx_cm4.o(RESET)
 <LI><a href="#[19]">DMA1_Channel5_IRQHandler</a> from startup_stm32wb55xx_cm4.o(.text) referenced from startup_stm32wb55xx_cm4.o(RESET)
 <LI><a href="#[1a]">DMA1_Channel6_IRQHandler</a> from startup_stm32wb55xx_cm4.o(.text) referenced from startup_stm32wb55xx_cm4.o(RESET)
 <LI><a href="#[1b]">DMA1_Channel7_IRQHandler</a> from startup_stm32wb55xx_cm4.o(.text) referenced from startup_stm32wb55xx_cm4.o(RESET)
 <LI><a href="#[41]">DMA2_Channel1_IRQHandler</a> from startup_stm32wb55xx_cm4.o(.text) referenced from startup_stm32wb55xx_cm4.o(RESET)
 <LI><a href="#[42]">DMA2_Channel2_IRQHandler</a> from startup_stm32wb55xx_cm4.o(.text) referenced from startup_stm32wb55xx_cm4.o(RESET)
 <LI><a href="#[43]">DMA2_Channel3_IRQHandler</a> from startup_stm32wb55xx_cm4.o(.text) referenced from startup_stm32wb55xx_cm4.o(RESET)
 <LI><a href="#[44]">DMA2_Channel4_IRQHandler</a> from startup_stm32wb55xx_cm4.o(.text) referenced from startup_stm32wb55xx_cm4.o(RESET)
 <LI><a href="#[45]">DMA2_Channel5_IRQHandler</a> from startup_stm32wb55xx_cm4.o(.text) referenced from startup_stm32wb55xx_cm4.o(RESET)
 <LI><a href="#[46]">DMA2_Channel6_IRQHandler</a> from startup_stm32wb55xx_cm4.o(.text) referenced from startup_stm32wb55xx_cm4.o(RESET)
 <LI><a href="#[47]">DMA2_Channel7_IRQHandler</a> from startup_stm32wb55xx_cm4.o(.text) referenced from startup_stm32wb55xx_cm4.o(RESET)
 <LI><a href="#[48]">DMAMUX1_OVR_IRQHandler</a> from stm32wbxx_it.o(.text.DMAMUX1_OVR_IRQHandler) referenced from startup_stm32wb55xx_cm4.o(RESET)
 <LI><a href="#[7]">DebugMon_Handler</a> from stm32wbxx_it.o(.text.DebugMon_Handler) referenced from startup_stm32wb55xx_cm4.o(RESET)
 <LI><a href="#[10]">EXTI0_IRQHandler</a> from startup_stm32wb55xx_cm4.o(.text) referenced from startup_stm32wb55xx_cm4.o(RESET)
 <LI><a href="#[32]">EXTI15_10_IRQHandler</a> from stm32wbxx_it.o(.text.EXTI15_10_IRQHandler) referenced from startup_stm32wb55xx_cm4.o(RESET)
 <LI><a href="#[11]">EXTI1_IRQHandler</a> from stm32wbxx_it.o(.text.EXTI1_IRQHandler) referenced from startup_stm32wb55xx_cm4.o(RESET)
 <LI><a href="#[12]">EXTI2_IRQHandler</a> from startup_stm32wb55xx_cm4.o(.text) referenced from startup_stm32wb55xx_cm4.o(RESET)
 <LI><a href="#[13]">EXTI3_IRQHandler</a> from startup_stm32wb55xx_cm4.o(.text) referenced from startup_stm32wb55xx_cm4.o(RESET)
 <LI><a href="#[14]">EXTI4_IRQHandler</a> from startup_stm32wb55xx_cm4.o(.text) referenced from startup_stm32wb55xx_cm4.o(RESET)
 <LI><a href="#[21]">EXTI9_5_IRQHandler</a> from startup_stm32wb55xx_cm4.o(.text) referenced from startup_stm32wb55xx_cm4.o(RESET)
 <LI><a href="#[e]">FLASH_IRQHandler</a> from startup_stm32wb55xx_cm4.o(.text) referenced from startup_stm32wb55xx_cm4.o(RESET)
 <LI><a href="#[40]">FPU_IRQHandler</a> from startup_stm32wb55xx_cm4.o(.text) referenced from startup_stm32wb55xx_cm4.o(RESET)
 <LI><a href="#[38]">HSEM_IRQHandler</a> from startup_stm32wb55xx_cm4.o(.text) referenced from startup_stm32wb55xx_cm4.o(RESET)
 <LI><a href="#[2]">HardFault_Handler</a> from stm32wbxx_it.o(.text.HardFault_Handler) referenced from startup_stm32wb55xx_cm4.o(RESET)
 <LI><a href="#[29]">I2C1_ER_IRQHandler</a> from startup_stm32wb55xx_cm4.o(.text) referenced from startup_stm32wb55xx_cm4.o(RESET)
 <LI><a href="#[28]">I2C1_EV_IRQHandler</a> from startup_stm32wb55xx_cm4.o(.text) referenced from startup_stm32wb55xx_cm4.o(RESET)
 <LI><a href="#[2b]">I2C3_ER_IRQHandler</a> from startup_stm32wb55xx_cm4.o(.text) referenced from startup_stm32wb55xx_cm4.o(RESET)
 <LI><a href="#[2a]">I2C3_EV_IRQHandler</a> from startup_stm32wb55xx_cm4.o(.text) referenced from startup_stm32wb55xx_cm4.o(RESET)
 <LI><a href="#[36]">IPCC_C1_RX_IRQHandler</a> from startup_stm32wb55xx_cm4.o(.text) referenced from startup_stm32wb55xx_cm4.o(RESET)
 <LI><a href="#[37]">IPCC_C1_TX_IRQHandler</a> from startup_stm32wb55xx_cm4.o(.text) referenced from startup_stm32wb55xx_cm4.o(RESET)
 <LI><a href="#[3b]">LCD_IRQHandler</a> from startup_stm32wb55xx_cm4.o(.text) referenced from startup_stm32wb55xx_cm4.o(RESET)
 <LI><a href="#[39]">LPTIM1_IRQHandler</a> from startup_stm32wb55xx_cm4.o(.text) referenced from startup_stm32wb55xx_cm4.o(RESET)
 <LI><a href="#[3a]">LPTIM2_IRQHandler</a> from startup_stm32wb55xx_cm4.o(.text) referenced from startup_stm32wb55xx_cm4.o(RESET)
 <LI><a href="#[2f]">LPUART1_IRQHandler</a> from startup_stm32wb55xx_cm4.o(.text) referenced from startup_stm32wb55xx_cm4.o(RESET)
 <LI><a href="#[3]">MemManage_Handler</a> from stm32wbxx_it.o(.text.MemManage_Handler) referenced from startup_stm32wb55xx_cm4.o(RESET)
 <LI><a href="#[1]">NMI_Handler</a> from stm32wbxx_it.o(.text.NMI_Handler) referenced from startup_stm32wb55xx_cm4.o(RESET)
 <LI><a href="#[27]">PKA_IRQHandler</a> from startup_stm32wb55xx_cm4.o(.text) referenced from startup_stm32wb55xx_cm4.o(RESET)
 <LI><a href="#[b]">PVD_PVM_IRQHandler</a> from startup_stm32wb55xx_cm4.o(.text) referenced from startup_stm32wb55xx_cm4.o(RESET)
 <LI><a href="#[35]">PWR_SOTF_BLEACT_802ACT_RFPHASE_IRQHandler</a> from startup_stm32wb55xx_cm4.o(.text) referenced from startup_stm32wb55xx_cm4.o(RESET)
 <LI><a href="#[8]">PendSV_Handler</a> from stm32wbxx_it.o(.text.PendSV_Handler) referenced from startup_stm32wb55xx_cm4.o(RESET)
 <LI><a href="#[3c]">QUADSPI_IRQHandler</a> from startup_stm32wb55xx_cm4.o(.text) referenced from startup_stm32wb55xx_cm4.o(RESET)
 <LI><a href="#[f]">RCC_IRQHandler</a> from startup_stm32wb55xx_cm4.o(.text) referenced from startup_stm32wb55xx_cm4.o(RESET)
 <LI><a href="#[3f]">RNG_IRQHandler</a> from startup_stm32wb55xx_cm4.o(.text) referenced from startup_stm32wb55xx_cm4.o(RESET)
 <LI><a href="#[33]">RTC_Alarm_IRQHandler</a> from startup_stm32wb55xx_cm4.o(.text) referenced from startup_stm32wb55xx_cm4.o(RESET)
 <LI><a href="#[d]">RTC_WKUP_IRQHandler</a> from startup_stm32wb55xx_cm4.o(.text) referenced from startup_stm32wb55xx_cm4.o(RESET)
 <LI><a href="#[0]">Reset_Handler</a> from startup_stm32wb55xx_cm4.o(.text) referenced from startup_stm32wb55xx_cm4.o(RESET)
 <LI><a href="#[30]">SAI1_IRQHandler</a> from startup_stm32wb55xx_cm4.o(.text) referenced from startup_stm32wb55xx_cm4.o(RESET)
 <LI><a href="#[2c]">SPI1_IRQHandler</a> from startup_stm32wb55xx_cm4.o(.text) referenced from startup_stm32wb55xx_cm4.o(RESET)
 <LI><a href="#[2d]">SPI2_IRQHandler</a> from startup_stm32wb55xx_cm4.o(.text) referenced from startup_stm32wb55xx_cm4.o(RESET)
 <LI><a href="#[4f]">SPI_DMAError</a> from stm32wbxx_hal_spi.o(.text.SPI_DMAError) referenced 2 times from stm32wbxx_hal_spi.o(.text.HAL_SPI_TransmitReceive_DMA)
 <LI><a href="#[4f]">SPI_DMAError</a> from stm32wbxx_hal_spi.o(.text.SPI_DMAError) referenced 2 times from stm32wbxx_hal_spi.o(.text.HAL_SPI_Transmit_DMA)
 <LI><a href="#[4b]">SPI_DMAHalfReceiveCplt</a> from stm32wbxx_hal_spi.o(.text.SPI_DMAHalfReceiveCplt) referenced 2 times from stm32wbxx_hal_spi.o(.text.HAL_SPI_TransmitReceive_DMA)
 <LI><a href="#[50]">SPI_DMAHalfTransmitCplt</a> from stm32wbxx_hal_spi.o(.text.SPI_DMAHalfTransmitCplt) referenced 2 times from stm32wbxx_hal_spi.o(.text.HAL_SPI_Transmit_DMA)
 <LI><a href="#[4d]">SPI_DMAHalfTransmitReceiveCplt</a> from stm32wbxx_hal_spi.o(.text.SPI_DMAHalfTransmitReceiveCplt) referenced 2 times from stm32wbxx_hal_spi.o(.text.HAL_SPI_TransmitReceive_DMA)
 <LI><a href="#[4c]">SPI_DMAReceiveCplt</a> from stm32wbxx_hal_spi.o(.text.SPI_DMAReceiveCplt) referenced 2 times from stm32wbxx_hal_spi.o(.text.HAL_SPI_TransmitReceive_DMA)
 <LI><a href="#[51]">SPI_DMATransmitCplt</a> from stm32wbxx_hal_spi.o(.text.SPI_DMATransmitCplt) referenced 2 times from stm32wbxx_hal_spi.o(.text.HAL_SPI_Transmit_DMA)
 <LI><a href="#[4e]">SPI_DMATransmitReceiveCplt</a> from stm32wbxx_hal_spi.o(.text.SPI_DMATransmitReceiveCplt) referenced 2 times from stm32wbxx_hal_spi.o(.text.HAL_SPI_TransmitReceive_DMA)
 <LI><a href="#[6]">SVC_Handler</a> from stm32wbxx_it.o(.text.SVC_Handler) referenced from startup_stm32wb55xx_cm4.o(RESET)
 <LI><a href="#[9]">SysTick_Handler</a> from stm32wbxx_it.o(.text.SysTick_Handler) referenced from startup_stm32wb55xx_cm4.o(RESET)
 <LI><a href="#[49]">SystemInit</a> from system_stm32wbxx.o(.text.SystemInit) referenced from startup_stm32wb55xx_cm4.o(.text)
 <LI><a href="#[c]">TAMP_STAMP_LSECSS_IRQHandler</a> from startup_stm32wb55xx_cm4.o(.text) referenced from startup_stm32wb55xx_cm4.o(RESET)
 <LI><a href="#[22]">TIM1_BRK_IRQHandler</a> from startup_stm32wb55xx_cm4.o(.text) referenced from startup_stm32wb55xx_cm4.o(RESET)
 <LI><a href="#[25]">TIM1_CC_IRQHandler</a> from startup_stm32wb55xx_cm4.o(.text) referenced from startup_stm32wb55xx_cm4.o(RESET)
 <LI><a href="#[24]">TIM1_TRG_COM_TIM17_IRQHandler</a> from startup_stm32wb55xx_cm4.o(.text) referenced from startup_stm32wb55xx_cm4.o(RESET)
 <LI><a href="#[23]">TIM1_UP_TIM16_IRQHandler</a> from startup_stm32wb55xx_cm4.o(.text) referenced from startup_stm32wb55xx_cm4.o(RESET)
 <LI><a href="#[26]">TIM2_IRQHandler</a> from startup_stm32wb55xx_cm4.o(.text) referenced from startup_stm32wb55xx_cm4.o(RESET)
 <LI><a href="#[31]">TSC_IRQHandler</a> from startup_stm32wb55xx_cm4.o(.text) referenced from startup_stm32wb55xx_cm4.o(RESET)
 <LI><a href="#[2e]">USART1_IRQHandler</a> from startup_stm32wb55xx_cm4.o(.text) referenced from startup_stm32wb55xx_cm4.o(RESET)
 <LI><a href="#[57]">USBD_CDC_ConfigStrDescriptor</a> from usbd_desc.o(.text.USBD_CDC_ConfigStrDescriptor) referenced from usbd_desc.o(.data.CDC_Desc)
 <LI><a href="#[5d]">USBD_CDC_DataIn</a> from usbd_cdc.o(.text.USBD_CDC_DataIn) referenced from usbd_cdc.o(.data.USBD_CDC)
 <LI><a href="#[5e]">USBD_CDC_DataOut</a> from usbd_cdc.o(.text.USBD_CDC_DataOut) referenced from usbd_cdc.o(.data.USBD_CDC)
 <LI><a href="#[5a]">USBD_CDC_DeInit</a> from usbd_cdc.o(.text.USBD_CDC_DeInit) referenced from usbd_cdc.o(.data.USBD_CDC)
 <LI><a href="#[52]">USBD_CDC_DeviceDescriptor</a> from usbd_desc.o(.text.USBD_CDC_DeviceDescriptor) referenced from usbd_desc.o(.data.CDC_Desc)
 <LI><a href="#[5c]">USBD_CDC_EP0_RxReady</a> from usbd_cdc.o(.text.USBD_CDC_EP0_RxReady) referenced from usbd_cdc.o(.data.USBD_CDC)
 <LI><a href="#[62]">USBD_CDC_GetDeviceQualifierDescriptor</a> from usbd_cdc.o(.text.USBD_CDC_GetDeviceQualifierDescriptor) referenced from usbd_cdc.o(.data.USBD_CDC)
 <LI><a href="#[60]">USBD_CDC_GetFSCfgDesc</a> from usbd_cdc.o(.text.USBD_CDC_GetFSCfgDesc) referenced from usbd_cdc.o(.data.USBD_CDC)
 <LI><a href="#[5f]">USBD_CDC_GetHSCfgDesc</a> from usbd_cdc.o(.text.USBD_CDC_GetHSCfgDesc) referenced from usbd_cdc.o(.data.USBD_CDC)
 <LI><a href="#[61]">USBD_CDC_GetOtherSpeedCfgDesc</a> from usbd_cdc.o(.text.USBD_CDC_GetOtherSpeedCfgDesc) referenced from usbd_cdc.o(.data.USBD_CDC)
 <LI><a href="#[59]">USBD_CDC_Init</a> from usbd_cdc.o(.text.USBD_CDC_Init) referenced from usbd_cdc.o(.data.USBD_CDC)
 <LI><a href="#[58]">USBD_CDC_InterfaceStrDescriptor</a> from usbd_desc.o(.text.USBD_CDC_InterfaceStrDescriptor) referenced from usbd_desc.o(.data.CDC_Desc)
 <LI><a href="#[53]">USBD_CDC_LangIDStrDescriptor</a> from usbd_desc.o(.text.USBD_CDC_LangIDStrDescriptor) referenced from usbd_desc.o(.data.CDC_Desc)
 <LI><a href="#[54]">USBD_CDC_ManufacturerStrDescriptor</a> from usbd_desc.o(.text.USBD_CDC_ManufacturerStrDescriptor) referenced from usbd_desc.o(.data.CDC_Desc)
 <LI><a href="#[55]">USBD_CDC_ProductStrDescriptor</a> from usbd_desc.o(.text.USBD_CDC_ProductStrDescriptor) referenced from usbd_desc.o(.data.CDC_Desc)
 <LI><a href="#[56]">USBD_CDC_SerialStrDescriptor</a> from usbd_desc.o(.text.USBD_CDC_SerialStrDescriptor) referenced from usbd_desc.o(.data.CDC_Desc)
 <LI><a href="#[5b]">USBD_CDC_Setup</a> from usbd_cdc.o(.text.USBD_CDC_Setup) referenced from usbd_cdc.o(.data.USBD_CDC)
 <LI><a href="#[1d]">USB_HP_IRQHandler</a> from startup_stm32wb55xx_cm4.o(.text) referenced from startup_stm32wb55xx_cm4.o(RESET)
 <LI><a href="#[1e]">USB_LP_IRQHandler</a> from stm32wbxx_it.o(.text.USB_LP_IRQHandler) referenced from startup_stm32wb55xx_cm4.o(RESET)
 <LI><a href="#[68]">USER_initialize</a> from user_diskio.o(.text.USER_initialize) referenced from user_diskio.o(.data.USER_Driver)
 <LI><a href="#[6c]">USER_ioctl</a> from user_diskio.o(.text.USER_ioctl) referenced from user_diskio.o(.data.USER_Driver)
 <LI><a href="#[6a]">USER_read</a> from user_diskio.o(.text.USER_read) referenced from user_diskio.o(.data.USER_Driver)
 <LI><a href="#[69]">USER_status</a> from user_diskio.o(.text.USER_status) referenced from user_diskio.o(.data.USER_Driver)
 <LI><a href="#[6b]">USER_write</a> from user_diskio.o(.text.USER_write) referenced from user_diskio.o(.data.USER_Driver)
 <LI><a href="#[5]">UsageFault_Handler</a> from stm32wbxx_it.o(.text.UsageFault_Handler) referenced from startup_stm32wb55xx_cm4.o(RESET)
 <LI><a href="#[a]">WWDG_IRQHandler</a> from startup_stm32wb55xx_cm4.o(.text) referenced from startup_stm32wb55xx_cm4.o(RESET)
 <LI><a href="#[4a]">__main</a> from __main.o(!!!main) referenced from startup_stm32wb55xx_cm4.o(.text)
</UL>
<P>
<H3>
Global Symbols
</H3>
<P><STRONG><a name="[4a]"></a>__main</STRONG> (Thumb, 8 bytes, Stack size 0 bytes, __main.o(!!!main))
<BR><BR>[Calls]<UL><LI><a href="#[6d]">&gt;&gt;</a>&nbsp;&nbsp;&nbsp;__scatterload
<LI><a href="#[6e]">&gt;&gt;</a>&nbsp;&nbsp;&nbsp;__rt_entry
</UL>
<BR>[Address Reference Count : 1]<UL><LI> startup_stm32wb55xx_cm4.o(.text)
</UL>
<P><STRONG><a name="[6d]"></a>__scatterload</STRONG> (Thumb, 0 bytes, Stack size unknown bytes, __scatter.o(!!!scatter))
<BR><BR>[Called By]<UL><LI><a href="#[4a]">&gt;&gt;</a>&nbsp;&nbsp;&nbsp;__main
</UL>

<P><STRONG><a name="[6f]"></a>__scatterload_rt2</STRONG> (Thumb, 44 bytes, Stack size unknown bytes, __scatter.o(!!!scatter), UNUSED)
<BR><BR>[Calls]<UL><LI><a href="#[6e]">&gt;&gt;</a>&nbsp;&nbsp;&nbsp;__rt_entry
</UL>

<P><STRONG><a name="[181]"></a>__scatterload_rt2_thumb_only</STRONG> (Thumb, 0 bytes, Stack size unknown bytes, __scatter.o(!!!scatter), UNUSED)

<P><STRONG><a name="[182]"></a>__scatterload_null</STRONG> (Thumb, 0 bytes, Stack size unknown bytes, __scatter.o(!!!scatter), UNUSED)

<P><STRONG><a name="[70]"></a>__scatterload_copy</STRONG> (Thumb, 26 bytes, Stack size unknown bytes, __scatter_copy.o(!!handler_copy), UNUSED)
<BR><BR>[Calls]<UL><LI><a href="#[70]">&gt;&gt;</a>&nbsp;&nbsp;&nbsp;__scatterload_copy
</UL>
<BR>[Called By]<UL><LI><a href="#[70]">&gt;&gt;</a>&nbsp;&nbsp;&nbsp;__scatterload_copy
</UL>

<P><STRONG><a name="[183]"></a>__scatterload_zeroinit</STRONG> (Thumb, 28 bytes, Stack size unknown bytes, __scatter_zi.o(!!handler_zi), UNUSED)

<P><STRONG><a name="[76]"></a>__rt_lib_init</STRONG> (Thumb, 0 bytes, Stack size unknown bytes, libinit.o(.ARM.Collect$$libinit$$00000000))
<BR><BR>[Called By]<UL><LI><a href="#[75]">&gt;&gt;</a>&nbsp;&nbsp;&nbsp;__rt_entry_li
</UL>

<P><STRONG><a name="[71]"></a>__rt_lib_init_fp_1</STRONG> (Thumb, 0 bytes, Stack size unknown bytes, libinit2.o(.ARM.Collect$$libinit$$00000001))
<BR><BR>[Calls]<UL><LI><a href="#[72]">&gt;&gt;</a>&nbsp;&nbsp;&nbsp;_fp_init
</UL>

<P><STRONG><a name="[184]"></a>__rt_lib_init_alloca_1</STRONG> (Thumb, 0 bytes, Stack size unknown bytes, libinit2.o(.ARM.Collect$$libinit$$00000030))

<P><STRONG><a name="[185]"></a>__rt_lib_init_argv_1</STRONG> (Thumb, 0 bytes, Stack size unknown bytes, libinit2.o(.ARM.Collect$$libinit$$0000002E))

<P><STRONG><a name="[186]"></a>__rt_lib_init_atexit_1</STRONG> (Thumb, 0 bytes, Stack size unknown bytes, libinit2.o(.ARM.Collect$$libinit$$0000001D))

<P><STRONG><a name="[187]"></a>__rt_lib_init_clock_1</STRONG> (Thumb, 0 bytes, Stack size unknown bytes, libinit2.o(.ARM.Collect$$libinit$$00000023))

<P><STRONG><a name="[188]"></a>__rt_lib_init_cpp_1</STRONG> (Thumb, 0 bytes, Stack size unknown bytes, libinit2.o(.ARM.Collect$$libinit$$00000034))

<P><STRONG><a name="[189]"></a>__rt_lib_init_exceptions_1</STRONG> (Thumb, 0 bytes, Stack size unknown bytes, libinit2.o(.ARM.Collect$$libinit$$00000032))

<P><STRONG><a name="[18a]"></a>__rt_lib_init_fp_trap_1</STRONG> (Thumb, 0 bytes, Stack size unknown bytes, libinit2.o(.ARM.Collect$$libinit$$00000021))

<P><STRONG><a name="[18b]"></a>__rt_lib_init_getenv_1</STRONG> (Thumb, 0 bytes, Stack size unknown bytes, libinit2.o(.ARM.Collect$$libinit$$00000025))

<P><STRONG><a name="[18c]"></a>__rt_lib_init_heap_1</STRONG> (Thumb, 0 bytes, Stack size unknown bytes, libinit2.o(.ARM.Collect$$libinit$$0000000C))

<P><STRONG><a name="[18d]"></a>__rt_lib_init_lc_collate_1</STRONG> (Thumb, 0 bytes, Stack size unknown bytes, libinit2.o(.ARM.Collect$$libinit$$00000013))

<P><STRONG><a name="[18e]"></a>__rt_lib_init_lc_ctype_1</STRONG> (Thumb, 0 bytes, Stack size unknown bytes, libinit2.o(.ARM.Collect$$libinit$$00000015))

<P><STRONG><a name="[18f]"></a>__rt_lib_init_lc_monetary_1</STRONG> (Thumb, 0 bytes, Stack size unknown bytes, libinit2.o(.ARM.Collect$$libinit$$00000017))

<P><STRONG><a name="[190]"></a>__rt_lib_init_lc_numeric_1</STRONG> (Thumb, 0 bytes, Stack size unknown bytes, libinit2.o(.ARM.Collect$$libinit$$00000019))

<P><STRONG><a name="[191]"></a>__rt_lib_init_lc_time_1</STRONG> (Thumb, 0 bytes, Stack size unknown bytes, libinit2.o(.ARM.Collect$$libinit$$0000001B))

<P><STRONG><a name="[192]"></a>__rt_lib_init_preinit_1</STRONG> (Thumb, 0 bytes, Stack size unknown bytes, libinit2.o(.ARM.Collect$$libinit$$00000006))

<P><STRONG><a name="[193]"></a>__rt_lib_init_rand_1</STRONG> (Thumb, 0 bytes, Stack size unknown bytes, libinit2.o(.ARM.Collect$$libinit$$00000010))

<P><STRONG><a name="[194]"></a>__rt_lib_init_relocate_pie_1</STRONG> (Thumb, 0 bytes, Stack size unknown bytes, libinit2.o(.ARM.Collect$$libinit$$00000004))

<P><STRONG><a name="[195]"></a>__rt_lib_init_return</STRONG> (Thumb, 0 bytes, Stack size unknown bytes, libinit2.o(.ARM.Collect$$libinit$$00000035))

<P><STRONG><a name="[196]"></a>__rt_lib_init_signal_1</STRONG> (Thumb, 0 bytes, Stack size unknown bytes, libinit2.o(.ARM.Collect$$libinit$$0000001F))

<P><STRONG><a name="[197]"></a>__rt_lib_init_stdio_1</STRONG> (Thumb, 0 bytes, Stack size unknown bytes, libinit2.o(.ARM.Collect$$libinit$$00000027))

<P><STRONG><a name="[198]"></a>__rt_lib_init_user_alloc_1</STRONG> (Thumb, 0 bytes, Stack size unknown bytes, libinit2.o(.ARM.Collect$$libinit$$0000000E))

<P><STRONG><a name="[7b]"></a>__rt_lib_shutdown</STRONG> (Thumb, 0 bytes, Stack size unknown bytes, libshutdown.o(.ARM.Collect$$libshutdown$$00000000))
<BR><BR>[Called By]<UL><LI><a href="#[7a]">&gt;&gt;</a>&nbsp;&nbsp;&nbsp;__rt_exit_ls
</UL>

<P><STRONG><a name="[199]"></a>__rt_lib_shutdown_cpp_1</STRONG> (Thumb, 0 bytes, Stack size unknown bytes, libshutdown2.o(.ARM.Collect$$libshutdown$$00000002))

<P><STRONG><a name="[19a]"></a>__rt_lib_shutdown_fp_trap_1</STRONG> (Thumb, 0 bytes, Stack size unknown bytes, libshutdown2.o(.ARM.Collect$$libshutdown$$00000007))

<P><STRONG><a name="[19b]"></a>__rt_lib_shutdown_heap_1</STRONG> (Thumb, 0 bytes, Stack size unknown bytes, libshutdown2.o(.ARM.Collect$$libshutdown$$0000000F))

<P><STRONG><a name="[19c]"></a>__rt_lib_shutdown_return</STRONG> (Thumb, 0 bytes, Stack size unknown bytes, libshutdown2.o(.ARM.Collect$$libshutdown$$00000010))

<P><STRONG><a name="[19d]"></a>__rt_lib_shutdown_signal_1</STRONG> (Thumb, 0 bytes, Stack size unknown bytes, libshutdown2.o(.ARM.Collect$$libshutdown$$0000000A))

<P><STRONG><a name="[19e]"></a>__rt_lib_shutdown_stdio_1</STRONG> (Thumb, 0 bytes, Stack size unknown bytes, libshutdown2.o(.ARM.Collect$$libshutdown$$00000004))

<P><STRONG><a name="[19f]"></a>__rt_lib_shutdown_user_alloc_1</STRONG> (Thumb, 0 bytes, Stack size unknown bytes, libshutdown2.o(.ARM.Collect$$libshutdown$$0000000C))

<P><STRONG><a name="[6e]"></a>__rt_entry</STRONG> (Thumb, 0 bytes, Stack size unknown bytes, __rtentry.o(.ARM.Collect$$rtentry$$00000000))
<BR><BR>[Called By]<UL><LI><a href="#[6f]">&gt;&gt;</a>&nbsp;&nbsp;&nbsp;__scatterload_rt2
<LI><a href="#[4a]">&gt;&gt;</a>&nbsp;&nbsp;&nbsp;__main
</UL>

<P><STRONG><a name="[1a0]"></a>__rt_entry_presh_1</STRONG> (Thumb, 0 bytes, Stack size unknown bytes, __rtentry2.o(.ARM.Collect$$rtentry$$00000002))

<P><STRONG><a name="[73]"></a>__rt_entry_sh</STRONG> (Thumb, 0 bytes, Stack size unknown bytes, __rtentry4.o(.ARM.Collect$$rtentry$$00000004))
<BR><BR>[Stack]<UL><LI>Max Depth = 8 + Unknown Stack Size
<LI>Call Chain = __rt_entry_sh &rArr; __user_setup_stackheap
</UL>
<BR>[Calls]<UL><LI><a href="#[74]">&gt;&gt;</a>&nbsp;&nbsp;&nbsp;__user_setup_stackheap
</UL>

<P><STRONG><a name="[75]"></a>__rt_entry_li</STRONG> (Thumb, 0 bytes, Stack size unknown bytes, __rtentry2.o(.ARM.Collect$$rtentry$$0000000A))
<BR><BR>[Calls]<UL><LI><a href="#[76]">&gt;&gt;</a>&nbsp;&nbsp;&nbsp;__rt_lib_init
</UL>

<P><STRONG><a name="[1a1]"></a>__rt_entry_postsh_1</STRONG> (Thumb, 0 bytes, Stack size unknown bytes, __rtentry2.o(.ARM.Collect$$rtentry$$00000009))

<P><STRONG><a name="[77]"></a>__rt_entry_main</STRONG> (Thumb, 0 bytes, Stack size unknown bytes, __rtentry2.o(.ARM.Collect$$rtentry$$0000000D))
<BR><BR>[Stack]<UL><LI>Max Depth = 344 + Unknown Stack Size
<LI>Call Chain = __rt_entry_main &rArr; main &rArr; MX_USB_Device_Init &rArr; USBD_Init &rArr; USBD_LL_Init &rArr; HAL_PCD_Init &rArr; HAL_PCD_MspInit &rArr; HAL_NVIC_SetPriority &rArr; NVIC_EncodePriority
</UL>
<BR>[Calls]<UL><LI><a href="#[78]">&gt;&gt;</a>&nbsp;&nbsp;&nbsp;main
<LI><a href="#[79]">&gt;&gt;</a>&nbsp;&nbsp;&nbsp;exit
</UL>

<P><STRONG><a name="[1a2]"></a>__rt_entry_postli_1</STRONG> (Thumb, 0 bytes, Stack size unknown bytes, __rtentry2.o(.ARM.Collect$$rtentry$$0000000C))

<P><STRONG><a name="[80]"></a>__rt_exit</STRONG> (Thumb, 0 bytes, Stack size unknown bytes, rtexit.o(.ARM.Collect$$rtexit$$00000000))
<BR><BR>[Called By]<UL><LI><a href="#[79]">&gt;&gt;</a>&nbsp;&nbsp;&nbsp;exit
</UL>

<P><STRONG><a name="[7a]"></a>__rt_exit_ls</STRONG> (Thumb, 0 bytes, Stack size unknown bytes, rtexit2.o(.ARM.Collect$$rtexit$$00000003))
<BR><BR>[Calls]<UL><LI><a href="#[7b]">&gt;&gt;</a>&nbsp;&nbsp;&nbsp;__rt_lib_shutdown
</UL>

<P><STRONG><a name="[1a3]"></a>__rt_exit_prels_1</STRONG> (Thumb, 0 bytes, Stack size unknown bytes, rtexit2.o(.ARM.Collect$$rtexit$$00000002))

<P><STRONG><a name="[7c]"></a>__rt_exit_exit</STRONG> (Thumb, 0 bytes, Stack size unknown bytes, rtexit2.o(.ARM.Collect$$rtexit$$00000004))
<BR><BR>[Calls]<UL><LI><a href="#[7d]">&gt;&gt;</a>&nbsp;&nbsp;&nbsp;_sys_exit
</UL>

<P><STRONG><a name="[0]"></a>Reset_Handler</STRONG> (Thumb, 8 bytes, Stack size 0 bytes, startup_stm32wb55xx_cm4.o(.text))
<BR>[Address Reference Count : 1]<UL><LI> startup_stm32wb55xx_cm4.o(RESET)
</UL>
<P><STRONG><a name="[1c]"></a>ADC1_IRQHandler</STRONG> (Thumb, 0 bytes, Stack size 0 bytes, startup_stm32wb55xx_cm4.o(.text))
<BR><BR>[Calls]<UL><LI><a href="#[1c]">&gt;&gt;</a>&nbsp;&nbsp;&nbsp;ADC1_IRQHandler
</UL>
<BR>[Called By]<UL><LI><a href="#[1c]">&gt;&gt;</a>&nbsp;&nbsp;&nbsp;ADC1_IRQHandler
</UL>
<BR>[Address Reference Count : 1]<UL><LI> startup_stm32wb55xx_cm4.o(RESET)
</UL>
<P><STRONG><a name="[3d]"></a>AES1_IRQHandler</STRONG> (Thumb, 0 bytes, Stack size 0 bytes, startup_stm32wb55xx_cm4.o(.text))
<BR>[Address Reference Count : 1]<UL><LI> startup_stm32wb55xx_cm4.o(RESET)
</UL>
<P><STRONG><a name="[3e]"></a>AES2_IRQHandler</STRONG> (Thumb, 0 bytes, Stack size 0 bytes, startup_stm32wb55xx_cm4.o(.text))
<BR>[Address Reference Count : 1]<UL><LI> startup_stm32wb55xx_cm4.o(RESET)
</UL>
<P><STRONG><a name="[1f]"></a>C2SEV_PWR_C2H_IRQHandler</STRONG> (Thumb, 0 bytes, Stack size 0 bytes, startup_stm32wb55xx_cm4.o(.text))
<BR>[Address Reference Count : 1]<UL><LI> startup_stm32wb55xx_cm4.o(RESET)
</UL>
<P><STRONG><a name="[20]"></a>COMP_IRQHandler</STRONG> (Thumb, 0 bytes, Stack size 0 bytes, startup_stm32wb55xx_cm4.o(.text))
<BR>[Address Reference Count : 1]<UL><LI> startup_stm32wb55xx_cm4.o(RESET)
</UL>
<P><STRONG><a name="[34]"></a>CRS_IRQHandler</STRONG> (Thumb, 0 bytes, Stack size 0 bytes, startup_stm32wb55xx_cm4.o(.text))
<BR>[Address Reference Count : 1]<UL><LI> startup_stm32wb55xx_cm4.o(RESET)
</UL>
<P><STRONG><a name="[17]"></a>DMA1_Channel3_IRQHandler</STRONG> (Thumb, 0 bytes, Stack size 0 bytes, startup_stm32wb55xx_cm4.o(.text))
<BR>[Address Reference Count : 1]<UL><LI> startup_stm32wb55xx_cm4.o(RESET)
</UL>
<P><STRONG><a name="[18]"></a>DMA1_Channel4_IRQHandler</STRONG> (Thumb, 0 bytes, Stack size 0 bytes, startup_stm32wb55xx_cm4.o(.text))
<BR>[Address Reference Count : 1]<UL><LI> startup_stm32wb55xx_cm4.o(RESET)
</UL>
<P><STRONG><a name="[19]"></a>DMA1_Channel5_IRQHandler</STRONG> (Thumb, 0 bytes, Stack size 0 bytes, startup_stm32wb55xx_cm4.o(.text))
<BR>[Address Reference Count : 1]<UL><LI> startup_stm32wb55xx_cm4.o(RESET)
</UL>
<P><STRONG><a name="[1a]"></a>DMA1_Channel6_IRQHandler</STRONG> (Thumb, 0 bytes, Stack size 0 bytes, startup_stm32wb55xx_cm4.o(.text))
<BR>[Address Reference Count : 1]<UL><LI> startup_stm32wb55xx_cm4.o(RESET)
</UL>
<P><STRONG><a name="[1b]"></a>DMA1_Channel7_IRQHandler</STRONG> (Thumb, 0 bytes, Stack size 0 bytes, startup_stm32wb55xx_cm4.o(.text))
<BR>[Address Reference Count : 1]<UL><LI> startup_stm32wb55xx_cm4.o(RESET)
</UL>
<P><STRONG><a name="[41]"></a>DMA2_Channel1_IRQHandler</STRONG> (Thumb, 0 bytes, Stack size 0 bytes, startup_stm32wb55xx_cm4.o(.text))
<BR>[Address Reference Count : 1]<UL><LI> startup_stm32wb55xx_cm4.o(RESET)
</UL>
<P><STRONG><a name="[42]"></a>DMA2_Channel2_IRQHandler</STRONG> (Thumb, 0 bytes, Stack size 0 bytes, startup_stm32wb55xx_cm4.o(.text))
<BR>[Address Reference Count : 1]<UL><LI> startup_stm32wb55xx_cm4.o(RESET)
</UL>
<P><STRONG><a name="[43]"></a>DMA2_Channel3_IRQHandler</STRONG> (Thumb, 0 bytes, Stack size 0 bytes, startup_stm32wb55xx_cm4.o(.text))
<BR>[Address Reference Count : 1]<UL><LI> startup_stm32wb55xx_cm4.o(RESET)
</UL>
<P><STRONG><a name="[44]"></a>DMA2_Channel4_IRQHandler</STRONG> (Thumb, 0 bytes, Stack size 0 bytes, startup_stm32wb55xx_cm4.o(.text))
<BR>[Address Reference Count : 1]<UL><LI> startup_stm32wb55xx_cm4.o(RESET)
</UL>
<P><STRONG><a name="[45]"></a>DMA2_Channel5_IRQHandler</STRONG> (Thumb, 0 bytes, Stack size 0 bytes, startup_stm32wb55xx_cm4.o(.text))
<BR>[Address Reference Count : 1]<UL><LI> startup_stm32wb55xx_cm4.o(RESET)
</UL>
<P><STRONG><a name="[46]"></a>DMA2_Channel6_IRQHandler</STRONG> (Thumb, 0 bytes, Stack size 0 bytes, startup_stm32wb55xx_cm4.o(.text))
<BR>[Address Reference Count : 1]<UL><LI> startup_stm32wb55xx_cm4.o(RESET)
</UL>
<P><STRONG><a name="[47]"></a>DMA2_Channel7_IRQHandler</STRONG> (Thumb, 0 bytes, Stack size 0 bytes, startup_stm32wb55xx_cm4.o(.text))
<BR>[Address Reference Count : 1]<UL><LI> startup_stm32wb55xx_cm4.o(RESET)
</UL>
<P><STRONG><a name="[10]"></a>EXTI0_IRQHandler</STRONG> (Thumb, 0 bytes, Stack size 0 bytes, startup_stm32wb55xx_cm4.o(.text))
<BR>[Address Reference Count : 1]<UL><LI> startup_stm32wb55xx_cm4.o(RESET)
</UL>
<P><STRONG><a name="[12]"></a>EXTI2_IRQHandler</STRONG> (Thumb, 0 bytes, Stack size 0 bytes, startup_stm32wb55xx_cm4.o(.text))
<BR>[Address Reference Count : 1]<UL><LI> startup_stm32wb55xx_cm4.o(RESET)
</UL>
<P><STRONG><a name="[13]"></a>EXTI3_IRQHandler</STRONG> (Thumb, 0 bytes, Stack size 0 bytes, startup_stm32wb55xx_cm4.o(.text))
<BR>[Address Reference Count : 1]<UL><LI> startup_stm32wb55xx_cm4.o(RESET)
</UL>
<P><STRONG><a name="[14]"></a>EXTI4_IRQHandler</STRONG> (Thumb, 0 bytes, Stack size 0 bytes, startup_stm32wb55xx_cm4.o(.text))
<BR>[Address Reference Count : 1]<UL><LI> startup_stm32wb55xx_cm4.o(RESET)
</UL>
<P><STRONG><a name="[21]"></a>EXTI9_5_IRQHandler</STRONG> (Thumb, 0 bytes, Stack size 0 bytes, startup_stm32wb55xx_cm4.o(.text))
<BR>[Address Reference Count : 1]<UL><LI> startup_stm32wb55xx_cm4.o(RESET)
</UL>
<P><STRONG><a name="[e]"></a>FLASH_IRQHandler</STRONG> (Thumb, 0 bytes, Stack size 0 bytes, startup_stm32wb55xx_cm4.o(.text))
<BR>[Address Reference Count : 1]<UL><LI> startup_stm32wb55xx_cm4.o(RESET)
</UL>
<P><STRONG><a name="[40]"></a>FPU_IRQHandler</STRONG> (Thumb, 0 bytes, Stack size 0 bytes, startup_stm32wb55xx_cm4.o(.text))
<BR>[Address Reference Count : 1]<UL><LI> startup_stm32wb55xx_cm4.o(RESET)
</UL>
<P><STRONG><a name="[38]"></a>HSEM_IRQHandler</STRONG> (Thumb, 0 bytes, Stack size 0 bytes, startup_stm32wb55xx_cm4.o(.text))
<BR>[Address Reference Count : 1]<UL><LI> startup_stm32wb55xx_cm4.o(RESET)
</UL>
<P><STRONG><a name="[29]"></a>I2C1_ER_IRQHandler</STRONG> (Thumb, 0 bytes, Stack size 0 bytes, startup_stm32wb55xx_cm4.o(.text))
<BR>[Address Reference Count : 1]<UL><LI> startup_stm32wb55xx_cm4.o(RESET)
</UL>
<P><STRONG><a name="[28]"></a>I2C1_EV_IRQHandler</STRONG> (Thumb, 0 bytes, Stack size 0 bytes, startup_stm32wb55xx_cm4.o(.text))
<BR>[Address Reference Count : 1]<UL><LI> startup_stm32wb55xx_cm4.o(RESET)
</UL>
<P><STRONG><a name="[2b]"></a>I2C3_ER_IRQHandler</STRONG> (Thumb, 0 bytes, Stack size 0 bytes, startup_stm32wb55xx_cm4.o(.text))
<BR>[Address Reference Count : 1]<UL><LI> startup_stm32wb55xx_cm4.o(RESET)
</UL>
<P><STRONG><a name="[2a]"></a>I2C3_EV_IRQHandler</STRONG> (Thumb, 0 bytes, Stack size 0 bytes, startup_stm32wb55xx_cm4.o(.text))
<BR>[Address Reference Count : 1]<UL><LI> startup_stm32wb55xx_cm4.o(RESET)
</UL>
<P><STRONG><a name="[36]"></a>IPCC_C1_RX_IRQHandler</STRONG> (Thumb, 0 bytes, Stack size 0 bytes, startup_stm32wb55xx_cm4.o(.text))
<BR>[Address Reference Count : 1]<UL><LI> startup_stm32wb55xx_cm4.o(RESET)
</UL>
<P><STRONG><a name="[37]"></a>IPCC_C1_TX_IRQHandler</STRONG> (Thumb, 0 bytes, Stack size 0 bytes, startup_stm32wb55xx_cm4.o(.text))
<BR>[Address Reference Count : 1]<UL><LI> startup_stm32wb55xx_cm4.o(RESET)
</UL>
<P><STRONG><a name="[3b]"></a>LCD_IRQHandler</STRONG> (Thumb, 0 bytes, Stack size 0 bytes, startup_stm32wb55xx_cm4.o(.text))
<BR>[Address Reference Count : 1]<UL><LI> startup_stm32wb55xx_cm4.o(RESET)
</UL>
<P><STRONG><a name="[39]"></a>LPTIM1_IRQHandler</STRONG> (Thumb, 0 bytes, Stack size 0 bytes, startup_stm32wb55xx_cm4.o(.text))
<BR>[Address Reference Count : 1]<UL><LI> startup_stm32wb55xx_cm4.o(RESET)
</UL>
<P><STRONG><a name="[3a]"></a>LPTIM2_IRQHandler</STRONG> (Thumb, 0 bytes, Stack size 0 bytes, startup_stm32wb55xx_cm4.o(.text))
<BR>[Address Reference Count : 1]<UL><LI> startup_stm32wb55xx_cm4.o(RESET)
</UL>
<P><STRONG><a name="[2f]"></a>LPUART1_IRQHandler</STRONG> (Thumb, 0 bytes, Stack size 0 bytes, startup_stm32wb55xx_cm4.o(.text))
<BR>[Address Reference Count : 1]<UL><LI> startup_stm32wb55xx_cm4.o(RESET)
</UL>
<P><STRONG><a name="[27]"></a>PKA_IRQHandler</STRONG> (Thumb, 0 bytes, Stack size 0 bytes, startup_stm32wb55xx_cm4.o(.text))
<BR>[Address Reference Count : 1]<UL><LI> startup_stm32wb55xx_cm4.o(RESET)
</UL>
<P><STRONG><a name="[b]"></a>PVD_PVM_IRQHandler</STRONG> (Thumb, 0 bytes, Stack size 0 bytes, startup_stm32wb55xx_cm4.o(.text))
<BR>[Address Reference Count : 1]<UL><LI> startup_stm32wb55xx_cm4.o(RESET)
</UL>
<P><STRONG><a name="[35]"></a>PWR_SOTF_BLEACT_802ACT_RFPHASE_IRQHandler</STRONG> (Thumb, 0 bytes, Stack size 0 bytes, startup_stm32wb55xx_cm4.o(.text))
<BR>[Address Reference Count : 1]<UL><LI> startup_stm32wb55xx_cm4.o(RESET)
</UL>
<P><STRONG><a name="[3c]"></a>QUADSPI_IRQHandler</STRONG> (Thumb, 0 bytes, Stack size 0 bytes, startup_stm32wb55xx_cm4.o(.text))
<BR>[Address Reference Count : 1]<UL><LI> startup_stm32wb55xx_cm4.o(RESET)
</UL>
<P><STRONG><a name="[f]"></a>RCC_IRQHandler</STRONG> (Thumb, 0 bytes, Stack size 0 bytes, startup_stm32wb55xx_cm4.o(.text))
<BR>[Address Reference Count : 1]<UL><LI> startup_stm32wb55xx_cm4.o(RESET)
</UL>
<P><STRONG><a name="[3f]"></a>RNG_IRQHandler</STRONG> (Thumb, 0 bytes, Stack size 0 bytes, startup_stm32wb55xx_cm4.o(.text))
<BR>[Address Reference Count : 1]<UL><LI> startup_stm32wb55xx_cm4.o(RESET)
</UL>
<P><STRONG><a name="[33]"></a>RTC_Alarm_IRQHandler</STRONG> (Thumb, 0 bytes, Stack size 0 bytes, startup_stm32wb55xx_cm4.o(.text))
<BR>[Address Reference Count : 1]<UL><LI> startup_stm32wb55xx_cm4.o(RESET)
</UL>
<P><STRONG><a name="[d]"></a>RTC_WKUP_IRQHandler</STRONG> (Thumb, 0 bytes, Stack size 0 bytes, startup_stm32wb55xx_cm4.o(.text))
<BR>[Address Reference Count : 1]<UL><LI> startup_stm32wb55xx_cm4.o(RESET)
</UL>
<P><STRONG><a name="[30]"></a>SAI1_IRQHandler</STRONG> (Thumb, 0 bytes, Stack size 0 bytes, startup_stm32wb55xx_cm4.o(.text))
<BR>[Address Reference Count : 1]<UL><LI> startup_stm32wb55xx_cm4.o(RESET)
</UL>
<P><STRONG><a name="[2c]"></a>SPI1_IRQHandler</STRONG> (Thumb, 0 bytes, Stack size 0 bytes, startup_stm32wb55xx_cm4.o(.text))
<BR>[Address Reference Count : 1]<UL><LI> startup_stm32wb55xx_cm4.o(RESET)
</UL>
<P><STRONG><a name="[2d]"></a>SPI2_IRQHandler</STRONG> (Thumb, 0 bytes, Stack size 0 bytes, startup_stm32wb55xx_cm4.o(.text))
<BR>[Address Reference Count : 1]<UL><LI> startup_stm32wb55xx_cm4.o(RESET)
</UL>
<P><STRONG><a name="[c]"></a>TAMP_STAMP_LSECSS_IRQHandler</STRONG> (Thumb, 0 bytes, Stack size 0 bytes, startup_stm32wb55xx_cm4.o(.text))
<BR>[Address Reference Count : 1]<UL><LI> startup_stm32wb55xx_cm4.o(RESET)
</UL>
<P><STRONG><a name="[22]"></a>TIM1_BRK_IRQHandler</STRONG> (Thumb, 0 bytes, Stack size 0 bytes, startup_stm32wb55xx_cm4.o(.text))
<BR>[Address Reference Count : 1]<UL><LI> startup_stm32wb55xx_cm4.o(RESET)
</UL>
<P><STRONG><a name="[25]"></a>TIM1_CC_IRQHandler</STRONG> (Thumb, 0 bytes, Stack size 0 bytes, startup_stm32wb55xx_cm4.o(.text))
<BR>[Address Reference Count : 1]<UL><LI> startup_stm32wb55xx_cm4.o(RESET)
</UL>
<P><STRONG><a name="[24]"></a>TIM1_TRG_COM_TIM17_IRQHandler</STRONG> (Thumb, 0 bytes, Stack size 0 bytes, startup_stm32wb55xx_cm4.o(.text))
<BR>[Address Reference Count : 1]<UL><LI> startup_stm32wb55xx_cm4.o(RESET)
</UL>
<P><STRONG><a name="[23]"></a>TIM1_UP_TIM16_IRQHandler</STRONG> (Thumb, 0 bytes, Stack size 0 bytes, startup_stm32wb55xx_cm4.o(.text))
<BR>[Address Reference Count : 1]<UL><LI> startup_stm32wb55xx_cm4.o(RESET)
</UL>
<P><STRONG><a name="[26]"></a>TIM2_IRQHandler</STRONG> (Thumb, 0 bytes, Stack size 0 bytes, startup_stm32wb55xx_cm4.o(.text))
<BR>[Address Reference Count : 1]<UL><LI> startup_stm32wb55xx_cm4.o(RESET)
</UL>
<P><STRONG><a name="[31]"></a>TSC_IRQHandler</STRONG> (Thumb, 0 bytes, Stack size 0 bytes, startup_stm32wb55xx_cm4.o(.text))
<BR>[Address Reference Count : 1]<UL><LI> startup_stm32wb55xx_cm4.o(RESET)
</UL>
<P><STRONG><a name="[2e]"></a>USART1_IRQHandler</STRONG> (Thumb, 0 bytes, Stack size 0 bytes, startup_stm32wb55xx_cm4.o(.text))
<BR>[Address Reference Count : 1]<UL><LI> startup_stm32wb55xx_cm4.o(RESET)
</UL>
<P><STRONG><a name="[1d]"></a>USB_HP_IRQHandler</STRONG> (Thumb, 0 bytes, Stack size 0 bytes, startup_stm32wb55xx_cm4.o(.text))
<BR>[Address Reference Count : 1]<UL><LI> startup_stm32wb55xx_cm4.o(RESET)
</UL>
<P><STRONG><a name="[a]"></a>WWDG_IRQHandler</STRONG> (Thumb, 0 bytes, Stack size 0 bytes, startup_stm32wb55xx_cm4.o(.text))
<BR>[Address Reference Count : 1]<UL><LI> startup_stm32wb55xx_cm4.o(RESET)
</UL>
<P><STRONG><a name="[7f]"></a>__user_initial_stackheap</STRONG> (Thumb, 0 bytes, Stack size unknown bytes, startup_stm32wb55xx_cm4.o(.text))
<BR><BR>[Called By]<UL><LI><a href="#[74]">&gt;&gt;</a>&nbsp;&nbsp;&nbsp;__user_setup_stackheap
</UL>

<P><STRONG><a name="[ce]"></a>__aeabi_memclr4</STRONG> (Thumb, 0 bytes, Stack size unknown bytes, rt_memclr_w.o(.text))
<BR><BR>[Called By]<UL><LI><a href="#[140]">&gt;&gt;</a>&nbsp;&nbsp;&nbsp;PeriphCommonClock_Config
<LI><a href="#[151]">&gt;&gt;</a>&nbsp;&nbsp;&nbsp;SystemClock_Config
<LI><a href="#[ca]">&gt;&gt;</a>&nbsp;&nbsp;&nbsp;HAL_PCD_MspInit
<LI><a href="#[59]">&gt;&gt;</a>&nbsp;&nbsp;&nbsp;USBD_CDC_Init
</UL>

<P><STRONG><a name="[1a4]"></a>__aeabi_memclr8</STRONG> (Thumb, 0 bytes, Stack size unknown bytes, rt_memclr_w.o(.text), UNUSED)

<P><STRONG><a name="[1a5]"></a>__rt_memclr_w</STRONG> (Thumb, 0 bytes, Stack size unknown bytes, rt_memclr_w.o(.text), UNUSED)

<P><STRONG><a name="[1a6]"></a>_memset_w</STRONG> (Thumb, 74 bytes, Stack size 4 bytes, rt_memclr_w.o(.text), UNUSED)

<P><STRONG><a name="[1a7]"></a>__use_two_region_memory</STRONG> (Thumb, 2 bytes, Stack size 0 bytes, heapauxi.o(.text), UNUSED)

<P><STRONG><a name="[1a8]"></a>__rt_heap_escrow$2region</STRONG> (Thumb, 2 bytes, Stack size 0 bytes, heapauxi.o(.text), UNUSED)

<P><STRONG><a name="[1a9]"></a>__rt_heap_expand$2region</STRONG> (Thumb, 2 bytes, Stack size 0 bytes, heapauxi.o(.text), UNUSED)

<P><STRONG><a name="[74]"></a>__user_setup_stackheap</STRONG> (Thumb, 74 bytes, Stack size 8 bytes, sys_stackheap_outer.o(.text))
<BR><BR>[Stack]<UL><LI>Max Depth = 8 + Unknown Stack Size
<LI>Call Chain = __user_setup_stackheap
</UL>
<BR>[Calls]<UL><LI><a href="#[7f]">&gt;&gt;</a>&nbsp;&nbsp;&nbsp;__user_initial_stackheap
<LI><a href="#[7e]">&gt;&gt;</a>&nbsp;&nbsp;&nbsp;__user_perproc_libspace
</UL>
<BR>[Called By]<UL><LI><a href="#[73]">&gt;&gt;</a>&nbsp;&nbsp;&nbsp;__rt_entry_sh
</UL>

<P><STRONG><a name="[79]"></a>exit</STRONG> (Thumb, 18 bytes, Stack size 8 bytes, exit.o(.text))
<BR><BR>[Stack]<UL><LI>Max Depth = 8 + Unknown Stack Size
<LI>Call Chain = exit
</UL>
<BR>[Calls]<UL><LI><a href="#[80]">&gt;&gt;</a>&nbsp;&nbsp;&nbsp;__rt_exit
</UL>
<BR>[Called By]<UL><LI><a href="#[77]">&gt;&gt;</a>&nbsp;&nbsp;&nbsp;__rt_entry_main
</UL>

<P><STRONG><a name="[1aa]"></a>__user_libspace</STRONG> (Thumb, 8 bytes, Stack size 0 bytes, libspace.o(.text), UNUSED)

<P><STRONG><a name="[7e]"></a>__user_perproc_libspace</STRONG> (Thumb, 0 bytes, Stack size 0 bytes, libspace.o(.text))
<BR><BR>[Called By]<UL><LI><a href="#[74]">&gt;&gt;</a>&nbsp;&nbsp;&nbsp;__user_setup_stackheap
</UL>

<P><STRONG><a name="[1ab]"></a>__user_perthread_libspace</STRONG> (Thumb, 0 bytes, Stack size 0 bytes, libspace.o(.text), UNUSED)

<P><STRONG><a name="[7d]"></a>_sys_exit</STRONG> (Thumb, 8 bytes, Stack size 0 bytes, sys_exit.o(.text))
<BR><BR>[Called By]<UL><LI><a href="#[7c]">&gt;&gt;</a>&nbsp;&nbsp;&nbsp;__rt_exit_exit
</UL>

<P><STRONG><a name="[1ac]"></a>__I$use$semihosting</STRONG> (Thumb, 0 bytes, Stack size 0 bytes, use_no_semi.o(.text), UNUSED)

<P><STRONG><a name="[1ad]"></a>__use_no_semihosting_swi</STRONG> (Thumb, 2 bytes, Stack size 0 bytes, use_no_semi.o(.text), UNUSED)

<P><STRONG><a name="[1ae]"></a>__semihosting_library_function</STRONG> (Thumb, 0 bytes, Stack size unknown bytes, indicate_semi.o(.text), UNUSED)

<P><STRONG><a name="[9c]"></a>ADS1299_Convert_Data</STRONG> (Thumb, 64 bytes, Stack size 12 bytes, ads1299.o(.text.ADS1299_Convert_Data))
<BR><BR>[Stack]<UL><LI>Max Depth = 12<LI>Call Chain = ADS1299_Convert_Data
</UL>
<BR>[Called By]<UL><LI><a href="#[9b]">&gt;&gt;</a>&nbsp;&nbsp;&nbsp;HAL_GPIO_EXTI_Callback
</UL>

<P><STRONG><a name="[81]"></a>ADS1299_Init</STRONG> (Thumb, 538 bytes, Stack size 112 bytes, ads1299.o(.text.ADS1299_Init))
<BR><BR>[Stack]<UL><LI>Max Depth = 224<LI>Call Chain = ADS1299_Init &rArr; ADS1299_ReadRegister &rArr; HAL_SPI_TransmitReceive_DMA &rArr; HAL_DMA_Start_IT &rArr; DMA_SetConfig
</UL>
<BR>[Calls]<UL><LI><a href="#[86]">&gt;&gt;</a>&nbsp;&nbsp;&nbsp;ADS1299_ReadRegister
<LI><a href="#[83]">&gt;&gt;</a>&nbsp;&nbsp;&nbsp;HAL_Delay
<LI><a href="#[84]">&gt;&gt;</a>&nbsp;&nbsp;&nbsp;HAL_SPI_Transmit_DMA
<LI><a href="#[82]">&gt;&gt;</a>&nbsp;&nbsp;&nbsp;HAL_GPIO_WritePin
<LI><a href="#[85]">&gt;&gt;</a>&nbsp;&nbsp;&nbsp;ADS1299_WriteRegister
</UL>
<BR>[Called By]<UL><LI><a href="#[78]">&gt;&gt;</a>&nbsp;&nbsp;&nbsp;main
</UL>

<P><STRONG><a name="[87]"></a>ADS1299_RDATA</STRONG> (Thumb, 82 bytes, Stack size 16 bytes, ads1299.o(.text.ADS1299_RDATA))
<BR><BR>[Stack]<UL><LI>Max Depth = 104<LI>Call Chain = ADS1299_RDATA &rArr; HAL_SPI_TransmitReceive_DMA &rArr; HAL_DMA_Start_IT &rArr; DMA_SetConfig
</UL>
<BR>[Calls]<UL><LI><a href="#[88]">&gt;&gt;</a>&nbsp;&nbsp;&nbsp;HAL_SPI_TransmitReceive_DMA
<LI><a href="#[82]">&gt;&gt;</a>&nbsp;&nbsp;&nbsp;HAL_GPIO_WritePin
</UL>
<BR>[Called By]<UL><LI><a href="#[9b]">&gt;&gt;</a>&nbsp;&nbsp;&nbsp;HAL_GPIO_EXTI_Callback
</UL>

<P><STRONG><a name="[86]"></a>ADS1299_ReadRegister</STRONG> (Thumb, 102 bytes, Stack size 24 bytes, ads1299.o(.text.ADS1299_ReadRegister))
<BR><BR>[Stack]<UL><LI>Max Depth = 112<LI>Call Chain = ADS1299_ReadRegister &rArr; HAL_SPI_TransmitReceive_DMA &rArr; HAL_DMA_Start_IT &rArr; DMA_SetConfig
</UL>
<BR>[Calls]<UL><LI><a href="#[88]">&gt;&gt;</a>&nbsp;&nbsp;&nbsp;HAL_SPI_TransmitReceive_DMA
<LI><a href="#[83]">&gt;&gt;</a>&nbsp;&nbsp;&nbsp;HAL_Delay
<LI><a href="#[82]">&gt;&gt;</a>&nbsp;&nbsp;&nbsp;HAL_GPIO_WritePin
</UL>
<BR>[Called By]<UL><LI><a href="#[81]">&gt;&gt;</a>&nbsp;&nbsp;&nbsp;ADS1299_Init
</UL>

<P><STRONG><a name="[85]"></a>ADS1299_WriteRegister</STRONG> (Thumb, 94 bytes, Stack size 16 bytes, ads1299.o(.text.ADS1299_WriteRegister))
<BR><BR>[Stack]<UL><LI>Max Depth = 88<LI>Call Chain = ADS1299_WriteRegister &rArr; HAL_SPI_Transmit_DMA &rArr; HAL_DMA_Start_IT &rArr; DMA_SetConfig
</UL>
<BR>[Calls]<UL><LI><a href="#[83]">&gt;&gt;</a>&nbsp;&nbsp;&nbsp;HAL_Delay
<LI><a href="#[84]">&gt;&gt;</a>&nbsp;&nbsp;&nbsp;HAL_SPI_Transmit_DMA
<LI><a href="#[82]">&gt;&gt;</a>&nbsp;&nbsp;&nbsp;HAL_GPIO_WritePin
</UL>
<BR>[Called By]<UL><LI><a href="#[9b]">&gt;&gt;</a>&nbsp;&nbsp;&nbsp;HAL_GPIO_EXTI_Callback
<LI><a href="#[81]">&gt;&gt;</a>&nbsp;&nbsp;&nbsp;ADS1299_Init
</UL>

<P><STRONG><a name="[4]"></a>BusFault_Handler</STRONG> (Thumb, 4 bytes, Stack size 0 bytes, stm32wbxx_it.o(.text.BusFault_Handler))
<BR>[Address Reference Count : 1]<UL><LI> startup_stm32wb55xx_cm4.o(RESET)
</UL>
<P><STRONG><a name="[8c]"></a>CDC_Transmit_FS</STRONG> (Thumb, 96 bytes, Stack size 32 bytes, usbd_cdc_if.o(.text.CDC_Transmit_FS))
<BR><BR>[Stack]<UL><LI>Max Depth = 436<LI>Call Chain = CDC_Transmit_FS &rArr; USBD_CDC_TransmitPacket &rArr; USBD_LL_Transmit &rArr; HAL_PCD_EP_Transmit &rArr; USB_EPStartXfer &rArr; USB_WritePMA
</UL>
<BR>[Calls]<UL><LI><a href="#[8d]">&gt;&gt;</a>&nbsp;&nbsp;&nbsp;USBD_CDC_TransmitPacket
<LI><a href="#[89]">&gt;&gt;</a>&nbsp;&nbsp;&nbsp;USBD_CDC_SetTxBuffer
</UL>
<BR>[Called By]<UL><LI><a href="#[9b]">&gt;&gt;</a>&nbsp;&nbsp;&nbsp;HAL_GPIO_EXTI_Callback
</UL>

<P><STRONG><a name="[15]"></a>DMA1_Channel1_IRQHandler</STRONG> (Thumb, 16 bytes, Stack size 8 bytes, stm32wbxx_it.o(.text.DMA1_Channel1_IRQHandler))
<BR><BR>[Stack]<UL><LI>Max Depth = 32<LI>Call Chain = DMA1_Channel1_IRQHandler &rArr; HAL_DMA_IRQHandler
</UL>
<BR>[Calls]<UL><LI><a href="#[8e]">&gt;&gt;</a>&nbsp;&nbsp;&nbsp;HAL_DMA_IRQHandler
</UL>
<BR>[Address Reference Count : 1]<UL><LI> startup_stm32wb55xx_cm4.o(RESET)
</UL>
<P><STRONG><a name="[16]"></a>DMA1_Channel2_IRQHandler</STRONG> (Thumb, 16 bytes, Stack size 8 bytes, stm32wbxx_it.o(.text.DMA1_Channel2_IRQHandler))
<BR><BR>[Stack]<UL><LI>Max Depth = 32<LI>Call Chain = DMA1_Channel2_IRQHandler &rArr; HAL_DMA_IRQHandler
</UL>
<BR>[Calls]<UL><LI><a href="#[8e]">&gt;&gt;</a>&nbsp;&nbsp;&nbsp;HAL_DMA_IRQHandler
</UL>
<BR>[Address Reference Count : 1]<UL><LI> startup_stm32wb55xx_cm4.o(RESET)
</UL>
<P><STRONG><a name="[48]"></a>DMAMUX1_OVR_IRQHandler</STRONG> (Thumb, 16 bytes, Stack size 8 bytes, stm32wbxx_it.o(.text.DMAMUX1_OVR_IRQHandler))
<BR><BR>[Stack]<UL><LI>Max Depth = 24<LI>Call Chain = DMAMUX1_OVR_IRQHandler &rArr; HAL_DMAEx_MUX_IRQHandler
</UL>
<BR>[Calls]<UL><LI><a href="#[8f]">&gt;&gt;</a>&nbsp;&nbsp;&nbsp;HAL_DMAEx_MUX_IRQHandler
</UL>
<BR>[Address Reference Count : 1]<UL><LI> startup_stm32wb55xx_cm4.o(RESET)
</UL>
<P><STRONG><a name="[7]"></a>DebugMon_Handler</STRONG> (Thumb, 2 bytes, Stack size 0 bytes, stm32wbxx_it.o(.text.DebugMon_Handler))
<BR>[Address Reference Count : 1]<UL><LI> startup_stm32wb55xx_cm4.o(RESET)
</UL>
<P><STRONG><a name="[32]"></a>EXTI15_10_IRQHandler</STRONG> (Thumb, 12 bytes, Stack size 8 bytes, stm32wbxx_it.o(.text.EXTI15_10_IRQHandler))
<BR><BR>[Stack]<UL><LI>Max Depth = 484<LI>Call Chain = EXTI15_10_IRQHandler &rArr; HAL_GPIO_EXTI_IRQHandler &rArr; HAL_GPIO_EXTI_Callback &rArr; CDC_Transmit_FS &rArr; USBD_CDC_TransmitPacket &rArr; USBD_LL_Transmit &rArr; HAL_PCD_EP_Transmit &rArr; USB_EPStartXfer &rArr; USB_WritePMA
</UL>
<BR>[Calls]<UL><LI><a href="#[90]">&gt;&gt;</a>&nbsp;&nbsp;&nbsp;HAL_GPIO_EXTI_IRQHandler
</UL>
<BR>[Address Reference Count : 1]<UL><LI> startup_stm32wb55xx_cm4.o(RESET)
</UL>
<P><STRONG><a name="[11]"></a>EXTI1_IRQHandler</STRONG> (Thumb, 10 bytes, Stack size 8 bytes, stm32wbxx_it.o(.text.EXTI1_IRQHandler))
<BR><BR>[Stack]<UL><LI>Max Depth = 484<LI>Call Chain = EXTI1_IRQHandler &rArr; HAL_GPIO_EXTI_IRQHandler &rArr; HAL_GPIO_EXTI_Callback &rArr; CDC_Transmit_FS &rArr; USBD_CDC_TransmitPacket &rArr; USBD_LL_Transmit &rArr; HAL_PCD_EP_Transmit &rArr; USB_EPStartXfer &rArr; USB_WritePMA
</UL>
<BR>[Calls]<UL><LI><a href="#[90]">&gt;&gt;</a>&nbsp;&nbsp;&nbsp;HAL_GPIO_EXTI_IRQHandler
</UL>
<BR>[Address Reference Count : 1]<UL><LI> startup_stm32wb55xx_cm4.o(RESET)
</UL>
<P><STRONG><a name="[d0]"></a>Error_Handler</STRONG> (Thumb, 14 bytes, Stack size 4 bytes, main.o(.text.Error_Handler))
<BR><BR>[Stack]<UL><LI>Max Depth = 4<LI>Call Chain = Error_Handler
</UL>
<BR>[Called By]<UL><LI><a href="#[12c]">&gt;&gt;</a>&nbsp;&nbsp;&nbsp;HAL_SPI_MspInit
<LI><a href="#[13b]">&gt;&gt;</a>&nbsp;&nbsp;&nbsp;MX_USB_Device_Init
<LI><a href="#[140]">&gt;&gt;</a>&nbsp;&nbsp;&nbsp;PeriphCommonClock_Config
<LI><a href="#[151]">&gt;&gt;</a>&nbsp;&nbsp;&nbsp;SystemClock_Config
<LI><a href="#[78]">&gt;&gt;</a>&nbsp;&nbsp;&nbsp;main
<LI><a href="#[13a]">&gt;&gt;</a>&nbsp;&nbsp;&nbsp;MX_SPI2_Init
<LI><a href="#[139]">&gt;&gt;</a>&nbsp;&nbsp;&nbsp;MX_SPI1_Init
<LI><a href="#[16a]">&gt;&gt;</a>&nbsp;&nbsp;&nbsp;USBD_LL_Init
<LI><a href="#[c4]">&gt;&gt;</a>&nbsp;&nbsp;&nbsp;HAL_PCD_ResetCallback
<LI><a href="#[ca]">&gt;&gt;</a>&nbsp;&nbsp;&nbsp;HAL_PCD_MspInit
</UL>

<P><STRONG><a name="[91]"></a>FATFS_LinkDriver</STRONG> (Thumb, 22 bytes, Stack size 16 bytes, ff_gen_drv.o(.text.FATFS_LinkDriver))
<BR><BR>[Stack]<UL><LI>Max Depth = 32<LI>Call Chain = FATFS_LinkDriver &rArr; FATFS_LinkDriverEx
</UL>
<BR>[Calls]<UL><LI><a href="#[92]">&gt;&gt;</a>&nbsp;&nbsp;&nbsp;FATFS_LinkDriverEx
</UL>
<BR>[Called By]<UL><LI><a href="#[136]">&gt;&gt;</a>&nbsp;&nbsp;&nbsp;MX_FATFS_Init
</UL>

<P><STRONG><a name="[92]"></a>FATFS_LinkDriverEx</STRONG> (Thumb, 124 bytes, Stack size 16 bytes, ff_gen_drv.o(.text.FATFS_LinkDriverEx))
<BR><BR>[Stack]<UL><LI>Max Depth = 16<LI>Call Chain = FATFS_LinkDriverEx
</UL>
<BR>[Called By]<UL><LI><a href="#[91]">&gt;&gt;</a>&nbsp;&nbsp;&nbsp;FATFS_LinkDriver
</UL>

<P><STRONG><a name="[12f]"></a>HAL_DMAEx_ConfigMuxSync</STRONG> (Thumb, 148 bytes, Stack size 12 bytes, stm32wbxx_hal_dma_ex.o(.text.HAL_DMAEx_ConfigMuxSync))
<BR><BR>[Stack]<UL><LI>Max Depth = 12<LI>Call Chain = HAL_DMAEx_ConfigMuxSync
</UL>
<BR>[Called By]<UL><LI><a href="#[12c]">&gt;&gt;</a>&nbsp;&nbsp;&nbsp;HAL_SPI_MspInit
</UL>

<P><STRONG><a name="[8f]"></a>HAL_DMAEx_MUX_IRQHandler</STRONG> (Thumb, 148 bytes, Stack size 16 bytes, stm32wbxx_hal_dma_ex.o(.text.HAL_DMAEx_MUX_IRQHandler))
<BR><BR>[Stack]<UL><LI>Max Depth = 16<LI>Call Chain = HAL_DMAEx_MUX_IRQHandler
</UL>
<BR>[Called By]<UL><LI><a href="#[48]">&gt;&gt;</a>&nbsp;&nbsp;&nbsp;DMAMUX1_OVR_IRQHandler
</UL>

<P><STRONG><a name="[8e]"></a>HAL_DMA_IRQHandler</STRONG> (Thumb, 342 bytes, Stack size 24 bytes, stm32wbxx_hal_dma.o(.text.HAL_DMA_IRQHandler))
<BR><BR>[Stack]<UL><LI>Max Depth = 24<LI>Call Chain = HAL_DMA_IRQHandler
</UL>
<BR>[Called By]<UL><LI><a href="#[16]">&gt;&gt;</a>&nbsp;&nbsp;&nbsp;DMA1_Channel2_IRQHandler
<LI><a href="#[15]">&gt;&gt;</a>&nbsp;&nbsp;&nbsp;DMA1_Channel1_IRQHandler
</UL>

<P><STRONG><a name="[95]"></a>HAL_DMA_Init</STRONG> (Thumb, 346 bytes, Stack size 24 bytes, stm32wbxx_hal_dma.o(.text.HAL_DMA_Init))
<BR><BR>[Stack]<UL><LI>Max Depth = 32<LI>Call Chain = HAL_DMA_Init &rArr; DMA_CalcDMAMUXRequestGenBaseAndMask
</UL>
<BR>[Calls]<UL><LI><a href="#[97]">&gt;&gt;</a>&nbsp;&nbsp;&nbsp;DMA_CalcDMAMUXRequestGenBaseAndMask
<LI><a href="#[96]">&gt;&gt;</a>&nbsp;&nbsp;&nbsp;DMA_CalcDMAMUXChannelBaseAndMask
</UL>
<BR>[Called By]<UL><LI><a href="#[12c]">&gt;&gt;</a>&nbsp;&nbsp;&nbsp;HAL_SPI_MspInit
</UL>

<P><STRONG><a name="[98]"></a>HAL_DMA_Start_IT</STRONG> (Thumb, 252 bytes, Stack size 32 bytes, stm32wbxx_hal_dma.o(.text.HAL_DMA_Start_IT))
<BR><BR>[Stack]<UL><LI>Max Depth = 48<LI>Call Chain = HAL_DMA_Start_IT &rArr; DMA_SetConfig
</UL>
<BR>[Calls]<UL><LI><a href="#[99]">&gt;&gt;</a>&nbsp;&nbsp;&nbsp;DMA_SetConfig
</UL>
<BR>[Called By]<UL><LI><a href="#[88]">&gt;&gt;</a>&nbsp;&nbsp;&nbsp;HAL_SPI_TransmitReceive_DMA
<LI><a href="#[84]">&gt;&gt;</a>&nbsp;&nbsp;&nbsp;HAL_SPI_Transmit_DMA
</UL>

<P><STRONG><a name="[83]"></a>HAL_Delay</STRONG> (Thumb, 66 bytes, Stack size 24 bytes, stm32wbxx_hal.o(.text.HAL_Delay))
<BR><BR>[Stack]<UL><LI>Max Depth = 24<LI>Call Chain = HAL_Delay
</UL>
<BR>[Calls]<UL><LI><a href="#[9a]">&gt;&gt;</a>&nbsp;&nbsp;&nbsp;HAL_GetTick
</UL>
<BR>[Called By]<UL><LI><a href="#[81]">&gt;&gt;</a>&nbsp;&nbsp;&nbsp;ADS1299_Init
<LI><a href="#[86]">&gt;&gt;</a>&nbsp;&nbsp;&nbsp;ADS1299_ReadRegister
<LI><a href="#[85]">&gt;&gt;</a>&nbsp;&nbsp;&nbsp;ADS1299_WriteRegister
</UL>

<P><STRONG><a name="[9b]"></a>HAL_GPIO_EXTI_Callback</STRONG> (Thumb, 76 bytes, Stack size 24 bytes, main.o(.text.HAL_GPIO_EXTI_Callback))
<BR><BR>[Stack]<UL><LI>Max Depth = 460<LI>Call Chain = HAL_GPIO_EXTI_Callback &rArr; CDC_Transmit_FS &rArr; USBD_CDC_TransmitPacket &rArr; USBD_LL_Transmit &rArr; HAL_PCD_EP_Transmit &rArr; USB_EPStartXfer &rArr; USB_WritePMA
</UL>
<BR>[Calls]<UL><LI><a href="#[8c]">&gt;&gt;</a>&nbsp;&nbsp;&nbsp;CDC_Transmit_FS
<LI><a href="#[9c]">&gt;&gt;</a>&nbsp;&nbsp;&nbsp;ADS1299_Convert_Data
<LI><a href="#[87]">&gt;&gt;</a>&nbsp;&nbsp;&nbsp;ADS1299_RDATA
<LI><a href="#[85]">&gt;&gt;</a>&nbsp;&nbsp;&nbsp;ADS1299_WriteRegister
</UL>
<BR>[Called By]<UL><LI><a href="#[90]">&gt;&gt;</a>&nbsp;&nbsp;&nbsp;HAL_GPIO_EXTI_IRQHandler
</UL>

<P><STRONG><a name="[90]"></a>HAL_GPIO_EXTI_IRQHandler</STRONG> (Thumb, 56 bytes, Stack size 16 bytes, stm32wbxx_hal_gpio.o(.text.HAL_GPIO_EXTI_IRQHandler))
<BR><BR>[Stack]<UL><LI>Max Depth = 476<LI>Call Chain = HAL_GPIO_EXTI_IRQHandler &rArr; HAL_GPIO_EXTI_Callback &rArr; CDC_Transmit_FS &rArr; USBD_CDC_TransmitPacket &rArr; USBD_LL_Transmit &rArr; HAL_PCD_EP_Transmit &rArr; USB_EPStartXfer &rArr; USB_WritePMA
</UL>
<BR>[Calls]<UL><LI><a href="#[9b]">&gt;&gt;</a>&nbsp;&nbsp;&nbsp;HAL_GPIO_EXTI_Callback
</UL>
<BR>[Called By]<UL><LI><a href="#[32]">&gt;&gt;</a>&nbsp;&nbsp;&nbsp;EXTI15_10_IRQHandler
<LI><a href="#[11]">&gt;&gt;</a>&nbsp;&nbsp;&nbsp;EXTI1_IRQHandler
</UL>

<P><STRONG><a name="[d2]"></a>HAL_GPIO_Init</STRONG> (Thumb, 814 bytes, Stack size 36 bytes, stm32wbxx_hal_gpio.o(.text.HAL_GPIO_Init))
<BR><BR>[Stack]<UL><LI>Max Depth = 36<LI>Call Chain = HAL_GPIO_Init
</UL>
<BR>[Called By]<UL><LI><a href="#[12c]">&gt;&gt;</a>&nbsp;&nbsp;&nbsp;HAL_SPI_MspInit
<LI><a href="#[137]">&gt;&gt;</a>&nbsp;&nbsp;&nbsp;MX_GPIO_Init
<LI><a href="#[ca]">&gt;&gt;</a>&nbsp;&nbsp;&nbsp;HAL_PCD_MspInit
</UL>

<P><STRONG><a name="[180]"></a>HAL_GPIO_TogglePin</STRONG> (Thumb, 38 bytes, Stack size 12 bytes, stm32wbxx_hal_gpio.o(.text.HAL_GPIO_TogglePin))
<BR><BR>[Stack]<UL><LI>Max Depth = 12<LI>Call Chain = HAL_GPIO_TogglePin
</UL>
<BR>[Called By]<UL><LI><a href="#[78]">&gt;&gt;</a>&nbsp;&nbsp;&nbsp;main
</UL>

<P><STRONG><a name="[82]"></a>HAL_GPIO_WritePin</STRONG> (Thumb, 44 bytes, Stack size 8 bytes, stm32wbxx_hal_gpio.o(.text.HAL_GPIO_WritePin))
<BR><BR>[Stack]<UL><LI>Max Depth = 8<LI>Call Chain = HAL_GPIO_WritePin
</UL>
<BR>[Called By]<UL><LI><a href="#[132]">&gt;&gt;</a>&nbsp;&nbsp;&nbsp;HAL_SPI_TxRxCpltCallback
<LI><a href="#[131]">&gt;&gt;</a>&nbsp;&nbsp;&nbsp;HAL_SPI_TxCpltCallback
<LI><a href="#[78]">&gt;&gt;</a>&nbsp;&nbsp;&nbsp;main
<LI><a href="#[137]">&gt;&gt;</a>&nbsp;&nbsp;&nbsp;MX_GPIO_Init
<LI><a href="#[87]">&gt;&gt;</a>&nbsp;&nbsp;&nbsp;ADS1299_RDATA
<LI><a href="#[81]">&gt;&gt;</a>&nbsp;&nbsp;&nbsp;ADS1299_Init
<LI><a href="#[86]">&gt;&gt;</a>&nbsp;&nbsp;&nbsp;ADS1299_ReadRegister
<LI><a href="#[85]">&gt;&gt;</a>&nbsp;&nbsp;&nbsp;ADS1299_WriteRegister
</UL>

<P><STRONG><a name="[9a]"></a>HAL_GetTick</STRONG> (Thumb, 12 bytes, Stack size 0 bytes, stm32wbxx_hal.o(.text.HAL_GetTick))
<BR><BR>[Called By]<UL><LI><a href="#[f1]">&gt;&gt;</a>&nbsp;&nbsp;&nbsp;RCCEx_PLLSAI1_ConfigNR
<LI><a href="#[ed]">&gt;&gt;</a>&nbsp;&nbsp;&nbsp;RCCEx_PLLSAI1_ConfigNQ
<LI><a href="#[df]">&gt;&gt;</a>&nbsp;&nbsp;&nbsp;RCCEx_PLLSAI1_ConfigNP
<LI><a href="#[144]">&gt;&gt;</a>&nbsp;&nbsp;&nbsp;RCC_SetFlashLatency
<LI><a href="#[cf]">&gt;&gt;</a>&nbsp;&nbsp;&nbsp;HAL_RCCEx_PeriphCLKConfig
<LI><a href="#[f5]">&gt;&gt;</a>&nbsp;&nbsp;&nbsp;HAL_RCC_ClockConfig
<LI><a href="#[10f]">&gt;&gt;</a>&nbsp;&nbsp;&nbsp;HAL_RCC_OscConfig
<LI><a href="#[83]">&gt;&gt;</a>&nbsp;&nbsp;&nbsp;HAL_Delay
<LI><a href="#[4e]">&gt;&gt;</a>&nbsp;&nbsp;&nbsp;SPI_DMATransmitReceiveCplt
<LI><a href="#[4c]">&gt;&gt;</a>&nbsp;&nbsp;&nbsp;SPI_DMAReceiveCplt
<LI><a href="#[51]">&gt;&gt;</a>&nbsp;&nbsp;&nbsp;SPI_DMATransmitCplt
<LI><a href="#[14e]">&gt;&gt;</a>&nbsp;&nbsp;&nbsp;SPI_WaitFlagStateUntilTimeout
<LI><a href="#[14f]">&gt;&gt;</a>&nbsp;&nbsp;&nbsp;SPI_WaitFifoStateUntilTimeout
</UL>

<P><STRONG><a name="[106]"></a>HAL_GetTickPrio</STRONG> (Thumb, 12 bytes, Stack size 0 bytes, stm32wbxx_hal.o(.text.HAL_GetTickPrio))
<BR><BR>[Called By]<UL><LI><a href="#[f5]">&gt;&gt;</a>&nbsp;&nbsp;&nbsp;HAL_RCC_ClockConfig
</UL>

<P><STRONG><a name="[150]"></a>HAL_IncTick</STRONG> (Thumb, 26 bytes, Stack size 0 bytes, stm32wbxx_hal.o(.text.HAL_IncTick))
<BR><BR>[Called By]<UL><LI><a href="#[9]">&gt;&gt;</a>&nbsp;&nbsp;&nbsp;SysTick_Handler
</UL>

<P><STRONG><a name="[9d]"></a>HAL_Init</STRONG> (Thumb, 64 bytes, Stack size 16 bytes, stm32wbxx_hal.o(.text.HAL_Init))
<BR><BR>[Stack]<UL><LI>Max Depth = 100<LI>Call Chain = HAL_Init &rArr; HAL_InitTick &rArr; HAL_RCC_GetHCLKFreq &rArr; HAL_RCC_GetSysClockFreq &rArr; LL_RCC_MSI_GetRange
</UL>
<BR>[Calls]<UL><LI><a href="#[9f]">&gt;&gt;</a>&nbsp;&nbsp;&nbsp;HAL_InitTick
<LI><a href="#[a0]">&gt;&gt;</a>&nbsp;&nbsp;&nbsp;HAL_MspInit
<LI><a href="#[9e]">&gt;&gt;</a>&nbsp;&nbsp;&nbsp;HAL_NVIC_SetPriorityGrouping
</UL>
<BR>[Called By]<UL><LI><a href="#[78]">&gt;&gt;</a>&nbsp;&nbsp;&nbsp;main
</UL>

<P><STRONG><a name="[9f]"></a>HAL_InitTick</STRONG> (Thumb, 130 bytes, Stack size 16 bytes, stm32wbxx_hal.o(.text.HAL_InitTick))
<BR><BR>[Stack]<UL><LI>Max Depth = 84<LI>Call Chain = HAL_InitTick &rArr; HAL_RCC_GetHCLKFreq &rArr; HAL_RCC_GetSysClockFreq &rArr; LL_RCC_MSI_GetRange
</UL>
<BR>[Calls]<UL><LI><a href="#[a1]">&gt;&gt;</a>&nbsp;&nbsp;&nbsp;HAL_RCC_GetHCLKFreq
<LI><a href="#[a3]">&gt;&gt;</a>&nbsp;&nbsp;&nbsp;HAL_NVIC_SetPriority
<LI><a href="#[a2]">&gt;&gt;</a>&nbsp;&nbsp;&nbsp;HAL_SYSTICK_Config
</UL>
<BR>[Called By]<UL><LI><a href="#[f5]">&gt;&gt;</a>&nbsp;&nbsp;&nbsp;HAL_RCC_ClockConfig
<LI><a href="#[10f]">&gt;&gt;</a>&nbsp;&nbsp;&nbsp;HAL_RCC_OscConfig
<LI><a href="#[9d]">&gt;&gt;</a>&nbsp;&nbsp;&nbsp;HAL_Init
</UL>

<P><STRONG><a name="[a0]"></a>HAL_MspInit</STRONG> (Thumb, 2 bytes, Stack size 0 bytes, stm32wbxx_hal_msp.o(.text.HAL_MspInit))
<BR><BR>[Called By]<UL><LI><a href="#[9d]">&gt;&gt;</a>&nbsp;&nbsp;&nbsp;HAL_Init
</UL>

<P><STRONG><a name="[a4]"></a>HAL_NVIC_EnableIRQ</STRONG> (Thumb, 20 bytes, Stack size 16 bytes, stm32wbxx_hal_cortex.o(.text.HAL_NVIC_EnableIRQ))
<BR><BR>[Stack]<UL><LI>Max Depth = 20<LI>Call Chain = HAL_NVIC_EnableIRQ &rArr; __NVIC_EnableIRQ
</UL>
<BR>[Calls]<UL><LI><a href="#[a5]">&gt;&gt;</a>&nbsp;&nbsp;&nbsp;__NVIC_EnableIRQ
</UL>
<BR>[Called By]<UL><LI><a href="#[134]">&gt;&gt;</a>&nbsp;&nbsp;&nbsp;MX_DMA_Init
<LI><a href="#[137]">&gt;&gt;</a>&nbsp;&nbsp;&nbsp;MX_GPIO_Init
<LI><a href="#[ca]">&gt;&gt;</a>&nbsp;&nbsp;&nbsp;HAL_PCD_MspInit
</UL>

<P><STRONG><a name="[a3]"></a>HAL_NVIC_SetPriority</STRONG> (Thumb, 46 bytes, Stack size 32 bytes, stm32wbxx_hal_cortex.o(.text.HAL_NVIC_SetPriority))
<BR><BR>[Stack]<UL><LI>Max Depth = 64<LI>Call Chain = HAL_NVIC_SetPriority &rArr; NVIC_EncodePriority
</UL>
<BR>[Calls]<UL><LI><a href="#[a8]">&gt;&gt;</a>&nbsp;&nbsp;&nbsp;__NVIC_SetPriority
<LI><a href="#[a7]">&gt;&gt;</a>&nbsp;&nbsp;&nbsp;NVIC_EncodePriority
<LI><a href="#[a6]">&gt;&gt;</a>&nbsp;&nbsp;&nbsp;__NVIC_GetPriorityGrouping
</UL>
<BR>[Called By]<UL><LI><a href="#[9f]">&gt;&gt;</a>&nbsp;&nbsp;&nbsp;HAL_InitTick
<LI><a href="#[134]">&gt;&gt;</a>&nbsp;&nbsp;&nbsp;MX_DMA_Init
<LI><a href="#[137]">&gt;&gt;</a>&nbsp;&nbsp;&nbsp;MX_GPIO_Init
<LI><a href="#[ca]">&gt;&gt;</a>&nbsp;&nbsp;&nbsp;HAL_PCD_MspInit
</UL>

<P><STRONG><a name="[9e]"></a>HAL_NVIC_SetPriorityGrouping</STRONG> (Thumb, 16 bytes, Stack size 16 bytes, stm32wbxx_hal_cortex.o(.text.HAL_NVIC_SetPriorityGrouping))
<BR><BR>[Stack]<UL><LI>Max Depth = 28<LI>Call Chain = HAL_NVIC_SetPriorityGrouping &rArr; __NVIC_SetPriorityGrouping
</UL>
<BR>[Calls]<UL><LI><a href="#[a9]">&gt;&gt;</a>&nbsp;&nbsp;&nbsp;__NVIC_SetPriorityGrouping
</UL>
<BR>[Called By]<UL><LI><a href="#[9d]">&gt;&gt;</a>&nbsp;&nbsp;&nbsp;HAL_Init
</UL>

<P><STRONG><a name="[cd]"></a>HAL_PCDEx_ActivateLPM</STRONG> (Thumb, 58 bytes, Stack size 8 bytes, stm32wbxx_hal_pcd_ex.o(.text.HAL_PCDEx_ActivateLPM))
<BR><BR>[Stack]<UL><LI>Max Depth = 8<LI>Call Chain = HAL_PCDEx_ActivateLPM
</UL>
<BR>[Called By]<UL><LI><a href="#[c9]">&gt;&gt;</a>&nbsp;&nbsp;&nbsp;HAL_PCD_Init
</UL>

<P><STRONG><a name="[aa]"></a>HAL_PCDEx_LPM_Callback</STRONG> (Thumb, 114 bytes, Stack size 24 bytes, usbd_conf.o(.text.HAL_PCDEx_LPM_Callback))
<BR><BR>[Stack]<UL><LI>Max Depth = 320 + Unknown Stack Size
<LI>Call Chain = HAL_PCDEx_LPM_Callback &rArr; SystemClockConfig_Resume &rArr; SystemClock_Config &rArr; HAL_RCC_OscConfig &rArr; RCC_SetFlashLatencyFromMSIRange &rArr; RCC_SetFlashLatency
</UL>
<BR>[Calls]<UL><LI><a href="#[ac]">&gt;&gt;</a>&nbsp;&nbsp;&nbsp;USBD_LL_Resume
<LI><a href="#[ad]">&gt;&gt;</a>&nbsp;&nbsp;&nbsp;USBD_LL_Suspend
<LI><a href="#[ab]">&gt;&gt;</a>&nbsp;&nbsp;&nbsp;SystemClockConfig_Resume
</UL>
<BR>[Called By]<UL><LI><a href="#[c1]">&gt;&gt;</a>&nbsp;&nbsp;&nbsp;HAL_PCD_IRQHandler
</UL>

<P><STRONG><a name="[172]"></a>HAL_PCDEx_PMAConfig</STRONG> (Thumb, 122 bytes, Stack size 16 bytes, stm32wbxx_hal_pcd_ex.o(.text.HAL_PCDEx_PMAConfig))
<BR><BR>[Stack]<UL><LI>Max Depth = 16<LI>Call Chain = HAL_PCDEx_PMAConfig
</UL>
<BR>[Called By]<UL><LI><a href="#[16a]">&gt;&gt;</a>&nbsp;&nbsp;&nbsp;USBD_LL_Init
</UL>

<P><STRONG><a name="[ae]"></a>HAL_PCD_DataInStageCallback</STRONG> (Thumb, 38 bytes, Stack size 16 bytes, usbd_conf.o(.text.HAL_PCD_DataInStageCallback))
<BR><BR>[Stack]<UL><LI>Max Depth = 460<LI>Call Chain = HAL_PCD_DataInStageCallback &rArr; USBD_LL_DataInStage &rArr; USBD_CtlContinueSendData &rArr; USBD_LL_Transmit &rArr; HAL_PCD_EP_Transmit &rArr; USB_EPStartXfer &rArr; USB_WritePMA
</UL>
<BR>[Calls]<UL><LI><a href="#[af]">&gt;&gt;</a>&nbsp;&nbsp;&nbsp;USBD_LL_DataInStage
</UL>
<BR>[Called By]<UL><LI><a href="#[b8]">&gt;&gt;</a>&nbsp;&nbsp;&nbsp;HAL_PCD_EP_DB_Transmit
<LI><a href="#[c3]">&gt;&gt;</a>&nbsp;&nbsp;&nbsp;PCD_EP_ISR_Handler
</UL>

<P><STRONG><a name="[b0]"></a>HAL_PCD_DataOutStageCallback</STRONG> (Thumb, 40 bytes, Stack size 16 bytes, usbd_conf.o(.text.HAL_PCD_DataOutStageCallback))
<BR><BR>[Stack]<UL><LI>Max Depth = 468<LI>Call Chain = HAL_PCD_DataOutStageCallback &rArr; USBD_LL_DataOutStage &rArr; USBD_CtlContinueRx &rArr; USBD_LL_PrepareReceive &rArr; HAL_PCD_EP_Receive &rArr; USB_EPStartXfer &rArr; USB_WritePMA
</UL>
<BR>[Calls]<UL><LI><a href="#[b1]">&gt;&gt;</a>&nbsp;&nbsp;&nbsp;USBD_LL_DataOutStage
</UL>
<BR>[Called By]<UL><LI><a href="#[c3]">&gt;&gt;</a>&nbsp;&nbsp;&nbsp;PCD_EP_ISR_Handler
</UL>

<P><STRONG><a name="[b2]"></a>HAL_PCD_EP_Close</STRONG> (Thumb, 168 bytes, Stack size 24 bytes, stm32wbxx_hal_pcd.o(.text.HAL_PCD_EP_Close))
<BR><BR>[Stack]<UL><LI>Max Depth = 72<LI>Call Chain = HAL_PCD_EP_Close &rArr; USB_DeactivateEndpoint
</UL>
<BR>[Calls]<UL><LI><a href="#[b3]">&gt;&gt;</a>&nbsp;&nbsp;&nbsp;USB_DeactivateEndpoint
</UL>
<BR>[Called By]<UL><LI><a href="#[156]">&gt;&gt;</a>&nbsp;&nbsp;&nbsp;USBD_LL_CloseEP
</UL>

<P><STRONG><a name="[b4]"></a>HAL_PCD_EP_ClrStall</STRONG> (Thumb, 200 bytes, Stack size 24 bytes, stm32wbxx_hal_pcd.o(.text.HAL_PCD_EP_ClrStall))
<BR><BR>[Stack]<UL><LI>Max Depth = 44<LI>Call Chain = HAL_PCD_EP_ClrStall &rArr; USB_EPClearStall
</UL>
<BR>[Calls]<UL><LI><a href="#[b5]">&gt;&gt;</a>&nbsp;&nbsp;&nbsp;USB_EPClearStall
</UL>
<BR>[Called By]<UL><LI><a href="#[16b]">&gt;&gt;</a>&nbsp;&nbsp;&nbsp;USBD_LL_ClearStallEP
</UL>

<P><STRONG><a name="[170]"></a>HAL_PCD_EP_GetRxCount</STRONG> (Thumb, 34 bytes, Stack size 8 bytes, stm32wbxx_hal_pcd.o(.text.HAL_PCD_EP_GetRxCount))
<BR><BR>[Stack]<UL><LI>Max Depth = 8<LI>Call Chain = HAL_PCD_EP_GetRxCount
</UL>
<BR>[Called By]<UL><LI><a href="#[155]">&gt;&gt;</a>&nbsp;&nbsp;&nbsp;USBD_LL_GetRxDataSize
</UL>

<P><STRONG><a name="[ba]"></a>HAL_PCD_EP_Open</STRONG> (Thumb, 218 bytes, Stack size 32 bytes, stm32wbxx_hal_pcd.o(.text.HAL_PCD_EP_Open))
<BR><BR>[Stack]<UL><LI>Max Depth = 144<LI>Call Chain = HAL_PCD_EP_Open &rArr; USB_ActivateEndpoint
</UL>
<BR>[Calls]<UL><LI><a href="#[bb]">&gt;&gt;</a>&nbsp;&nbsp;&nbsp;USB_ActivateEndpoint
</UL>
<BR>[Called By]<UL><LI><a href="#[15a]">&gt;&gt;</a>&nbsp;&nbsp;&nbsp;USBD_LL_OpenEP
</UL>

<P><STRONG><a name="[bc]"></a>HAL_PCD_EP_Receive</STRONG> (Thumb, 90 bytes, Stack size 32 bytes, stm32wbxx_hal_pcd.o(.text.HAL_PCD_EP_Receive))
<BR><BR>[Stack]<UL><LI>Max Depth = 348<LI>Call Chain = HAL_PCD_EP_Receive &rArr; USB_EPStartXfer &rArr; USB_WritePMA
</UL>
<BR>[Calls]<UL><LI><a href="#[bd]">&gt;&gt;</a>&nbsp;&nbsp;&nbsp;USB_EPStartXfer
</UL>
<BR>[Called By]<UL><LI><a href="#[15b]">&gt;&gt;</a>&nbsp;&nbsp;&nbsp;USBD_LL_PrepareReceive
</UL>

<P><STRONG><a name="[be]"></a>HAL_PCD_EP_SetStall</STRONG> (Thumb, 196 bytes, Stack size 24 bytes, stm32wbxx_hal_pcd.o(.text.HAL_PCD_EP_SetStall))
<BR><BR>[Stack]<UL><LI>Max Depth = 36<LI>Call Chain = HAL_PCD_EP_SetStall &rArr; USB_EPSetStall
</UL>
<BR>[Calls]<UL><LI><a href="#[bf]">&gt;&gt;</a>&nbsp;&nbsp;&nbsp;USB_EPSetStall
</UL>
<BR>[Called By]<UL><LI><a href="#[163]">&gt;&gt;</a>&nbsp;&nbsp;&nbsp;USBD_LL_StallEP
</UL>

<P><STRONG><a name="[c0]"></a>HAL_PCD_EP_Transmit</STRONG> (Thumb, 102 bytes, Stack size 32 bytes, stm32wbxx_hal_pcd.o(.text.HAL_PCD_EP_Transmit))
<BR><BR>[Stack]<UL><LI>Max Depth = 348<LI>Call Chain = HAL_PCD_EP_Transmit &rArr; USB_EPStartXfer &rArr; USB_WritePMA
</UL>
<BR>[Calls]<UL><LI><a href="#[bd]">&gt;&gt;</a>&nbsp;&nbsp;&nbsp;USB_EPStartXfer
</UL>
<BR>[Called By]<UL><LI><a href="#[154]">&gt;&gt;</a>&nbsp;&nbsp;&nbsp;USBD_LL_Transmit
</UL>

<P><STRONG><a name="[c1]"></a>HAL_PCD_IRQHandler</STRONG> (Thumb, 488 bytes, Stack size 16 bytes, stm32wbxx_hal_pcd.o(.text.HAL_PCD_IRQHandler))
<BR><BR>[Stack]<UL><LI>Max Depth = 732 + Unknown Stack Size
<LI>Call Chain = HAL_PCD_IRQHandler &rArr; PCD_EP_ISR_Handler &rArr; HAL_PCD_EP_DB_Transmit &rArr; HAL_PCD_DataInStageCallback &rArr; USBD_LL_DataInStage &rArr; USBD_CtlContinueSendData &rArr; USBD_LL_Transmit &rArr; HAL_PCD_EP_Transmit &rArr; USB_EPStartXfer &rArr; USB_WritePMA
</UL>
<BR>[Calls]<UL><LI><a href="#[c5]">&gt;&gt;</a>&nbsp;&nbsp;&nbsp;HAL_PCD_SetAddress
<LI><a href="#[c2]">&gt;&gt;</a>&nbsp;&nbsp;&nbsp;USB_ReadInterrupts
<LI><a href="#[c3]">&gt;&gt;</a>&nbsp;&nbsp;&nbsp;PCD_EP_ISR_Handler
<LI><a href="#[aa]">&gt;&gt;</a>&nbsp;&nbsp;&nbsp;HAL_PCDEx_LPM_Callback
<LI><a href="#[c6]">&gt;&gt;</a>&nbsp;&nbsp;&nbsp;HAL_PCD_ResumeCallback
<LI><a href="#[c7]">&gt;&gt;</a>&nbsp;&nbsp;&nbsp;HAL_PCD_SuspendCallback
<LI><a href="#[c4]">&gt;&gt;</a>&nbsp;&nbsp;&nbsp;HAL_PCD_ResetCallback
<LI><a href="#[c8]">&gt;&gt;</a>&nbsp;&nbsp;&nbsp;HAL_PCD_SOFCallback
</UL>
<BR>[Called By]<UL><LI><a href="#[1e]">&gt;&gt;</a>&nbsp;&nbsp;&nbsp;USB_LP_IRQHandler
</UL>

<P><STRONG><a name="[c9]"></a>HAL_PCD_Init</STRONG> (Thumb, 470 bytes, Stack size 56 bytes, stm32wbxx_hal_pcd.o(.text.HAL_PCD_Init))
<BR><BR>[Stack]<UL><LI>Max Depth = 240 + Unknown Stack Size
<LI>Call Chain = HAL_PCD_Init &rArr; HAL_PCD_MspInit &rArr; HAL_NVIC_SetPriority &rArr; NVIC_EncodePriority
</UL>
<BR>[Calls]<UL><LI><a href="#[cd]">&gt;&gt;</a>&nbsp;&nbsp;&nbsp;HAL_PCDEx_ActivateLPM
<LI><a href="#[cc]">&gt;&gt;</a>&nbsp;&nbsp;&nbsp;USB_DevInit
<LI><a href="#[cb]">&gt;&gt;</a>&nbsp;&nbsp;&nbsp;USB_DisableGlobalInt
<LI><a href="#[ca]">&gt;&gt;</a>&nbsp;&nbsp;&nbsp;HAL_PCD_MspInit
</UL>
<BR>[Called By]<UL><LI><a href="#[16a]">&gt;&gt;</a>&nbsp;&nbsp;&nbsp;USBD_LL_Init
</UL>

<P><STRONG><a name="[ca]"></a>HAL_PCD_MspInit</STRONG> (Thumb, 170 bytes, Stack size 120 bytes, usbd_conf.o(.text.HAL_PCD_MspInit))
<BR><BR>[Stack]<UL><LI>Max Depth = 184 + Unknown Stack Size
<LI>Call Chain = HAL_PCD_MspInit &rArr; HAL_NVIC_SetPriority &rArr; NVIC_EncodePriority
</UL>
<BR>[Calls]<UL><LI><a href="#[a4]">&gt;&gt;</a>&nbsp;&nbsp;&nbsp;HAL_NVIC_EnableIRQ
<LI><a href="#[a3]">&gt;&gt;</a>&nbsp;&nbsp;&nbsp;HAL_NVIC_SetPriority
<LI><a href="#[d2]">&gt;&gt;</a>&nbsp;&nbsp;&nbsp;HAL_GPIO_Init
<LI><a href="#[cf]">&gt;&gt;</a>&nbsp;&nbsp;&nbsp;HAL_RCCEx_PeriphCLKConfig
<LI><a href="#[d0]">&gt;&gt;</a>&nbsp;&nbsp;&nbsp;Error_Handler
<LI><a href="#[d3]">&gt;&gt;</a>&nbsp;&nbsp;&nbsp;LL_APB1_GRP1_EnableClock
<LI><a href="#[d1]">&gt;&gt;</a>&nbsp;&nbsp;&nbsp;LL_AHB2_GRP1_EnableClock
<LI><a href="#[ce]">&gt;&gt;</a>&nbsp;&nbsp;&nbsp;__aeabi_memclr4
</UL>
<BR>[Called By]<UL><LI><a href="#[c9]">&gt;&gt;</a>&nbsp;&nbsp;&nbsp;HAL_PCD_Init
</UL>

<P><STRONG><a name="[c4]"></a>HAL_PCD_ResetCallback</STRONG> (Thumb, 56 bytes, Stack size 16 bytes, usbd_conf.o(.text.HAL_PCD_ResetCallback))
<BR><BR>[Stack]<UL><LI>Max Depth = 216<LI>Call Chain = HAL_PCD_ResetCallback &rArr; USBD_LL_Reset &rArr; USBD_LL_OpenEP &rArr; HAL_PCD_EP_Open &rArr; USB_ActivateEndpoint
</UL>
<BR>[Calls]<UL><LI><a href="#[d0]">&gt;&gt;</a>&nbsp;&nbsp;&nbsp;Error_Handler
<LI><a href="#[d5]">&gt;&gt;</a>&nbsp;&nbsp;&nbsp;USBD_LL_Reset
<LI><a href="#[d4]">&gt;&gt;</a>&nbsp;&nbsp;&nbsp;USBD_LL_SetSpeed
</UL>
<BR>[Called By]<UL><LI><a href="#[c1]">&gt;&gt;</a>&nbsp;&nbsp;&nbsp;HAL_PCD_IRQHandler
</UL>

<P><STRONG><a name="[c6]"></a>HAL_PCD_ResumeCallback</STRONG> (Thumb, 50 bytes, Stack size 16 bytes, usbd_conf.o(.text.HAL_PCD_ResumeCallback))
<BR><BR>[Stack]<UL><LI>Max Depth = 312 + Unknown Stack Size
<LI>Call Chain = HAL_PCD_ResumeCallback &rArr; SystemClockConfig_Resume &rArr; SystemClock_Config &rArr; HAL_RCC_OscConfig &rArr; RCC_SetFlashLatencyFromMSIRange &rArr; RCC_SetFlashLatency
</UL>
<BR>[Calls]<UL><LI><a href="#[ac]">&gt;&gt;</a>&nbsp;&nbsp;&nbsp;USBD_LL_Resume
<LI><a href="#[ab]">&gt;&gt;</a>&nbsp;&nbsp;&nbsp;SystemClockConfig_Resume
</UL>
<BR>[Called By]<UL><LI><a href="#[c1]">&gt;&gt;</a>&nbsp;&nbsp;&nbsp;HAL_PCD_IRQHandler
</UL>

<P><STRONG><a name="[c8]"></a>HAL_PCD_SOFCallback</STRONG> (Thumb, 20 bytes, Stack size 16 bytes, usbd_conf.o(.text.HAL_PCD_SOFCallback))
<BR><BR>[Stack]<UL><LI>Max Depth = 32<LI>Call Chain = HAL_PCD_SOFCallback &rArr; USBD_LL_SOF
</UL>
<BR>[Calls]<UL><LI><a href="#[d6]">&gt;&gt;</a>&nbsp;&nbsp;&nbsp;USBD_LL_SOF
</UL>
<BR>[Called By]<UL><LI><a href="#[c1]">&gt;&gt;</a>&nbsp;&nbsp;&nbsp;HAL_PCD_IRQHandler
</UL>

<P><STRONG><a name="[c5]"></a>HAL_PCD_SetAddress</STRONG> (Thumb, 94 bytes, Stack size 24 bytes, stm32wbxx_hal_pcd.o(.text.HAL_PCD_SetAddress))
<BR><BR>[Stack]<UL><LI>Max Depth = 32<LI>Call Chain = HAL_PCD_SetAddress &rArr; USB_SetDevAddress
</UL>
<BR>[Calls]<UL><LI><a href="#[d7]">&gt;&gt;</a>&nbsp;&nbsp;&nbsp;USB_SetDevAddress
</UL>
<BR>[Called By]<UL><LI><a href="#[c1]">&gt;&gt;</a>&nbsp;&nbsp;&nbsp;HAL_PCD_IRQHandler
<LI><a href="#[173]">&gt;&gt;</a>&nbsp;&nbsp;&nbsp;USBD_LL_SetUSBAddress
</UL>

<P><STRONG><a name="[d8]"></a>HAL_PCD_SetupStageCallback</STRONG> (Thumb, 24 bytes, Stack size 16 bytes, usbd_conf.o(.text.HAL_PCD_SetupStageCallback))
<BR><BR>[Stack]<UL><LI>Max Depth = 516<LI>Call Chain = HAL_PCD_SetupStageCallback &rArr; USBD_LL_SetupStage &rArr; USBD_StdDevReq &rArr; USBD_GetDescriptor &rArr; USBD_CtlSendData &rArr; USBD_LL_Transmit &rArr; HAL_PCD_EP_Transmit &rArr; USB_EPStartXfer &rArr; USB_WritePMA
</UL>
<BR>[Calls]<UL><LI><a href="#[d9]">&gt;&gt;</a>&nbsp;&nbsp;&nbsp;USBD_LL_SetupStage
</UL>
<BR>[Called By]<UL><LI><a href="#[c3]">&gt;&gt;</a>&nbsp;&nbsp;&nbsp;PCD_EP_ISR_Handler
</UL>

<P><STRONG><a name="[da]"></a>HAL_PCD_Start</STRONG> (Thumb, 84 bytes, Stack size 16 bytes, stm32wbxx_hal_pcd.o(.text.HAL_PCD_Start))
<BR><BR>[Stack]<UL><LI>Max Depth = 24<LI>Call Chain = HAL_PCD_Start &rArr; USB_EnableGlobalInt
</UL>
<BR>[Calls]<UL><LI><a href="#[dc]">&gt;&gt;</a>&nbsp;&nbsp;&nbsp;USB_DevConnect
<LI><a href="#[db]">&gt;&gt;</a>&nbsp;&nbsp;&nbsp;USB_EnableGlobalInt
</UL>
<BR>[Called By]<UL><LI><a href="#[178]">&gt;&gt;</a>&nbsp;&nbsp;&nbsp;USBD_LL_Start
</UL>

<P><STRONG><a name="[c7]"></a>HAL_PCD_SuspendCallback</STRONG> (Thumb, 46 bytes, Stack size 16 bytes, usbd_conf.o(.text.HAL_PCD_SuspendCallback))
<BR><BR>[Stack]<UL><LI>Max Depth = 20<LI>Call Chain = HAL_PCD_SuspendCallback &rArr; USBD_LL_Suspend
</UL>
<BR>[Calls]<UL><LI><a href="#[ad]">&gt;&gt;</a>&nbsp;&nbsp;&nbsp;USBD_LL_Suspend
</UL>
<BR>[Called By]<UL><LI><a href="#[c1]">&gt;&gt;</a>&nbsp;&nbsp;&nbsp;HAL_PCD_IRQHandler
</UL>

<P><STRONG><a name="[171]"></a>HAL_PWREx_EnableVddUSB</STRONG> (Thumb, 18 bytes, Stack size 0 bytes, stm32wbxx_hal_pwr_ex.o(.text.HAL_PWREx_EnableVddUSB))
<BR><BR>[Called By]<UL><LI><a href="#[16a]">&gt;&gt;</a>&nbsp;&nbsp;&nbsp;USBD_LL_Init
</UL>

<P><STRONG><a name="[146]"></a>HAL_PWREx_GetVoltageRange</STRONG> (Thumb, 16 bytes, Stack size 0 bytes, stm32wbxx_hal_pwr_ex.o(.text.HAL_PWREx_GetVoltageRange))
<BR><BR>[Called By]<UL><LI><a href="#[110]">&gt;&gt;</a>&nbsp;&nbsp;&nbsp;RCC_SetFlashLatencyFromMSIRange
</UL>

<P><STRONG><a name="[e2]"></a>HAL_PWR_EnableBkUpAccess</STRONG> (Thumb, 18 bytes, Stack size 0 bytes, stm32wbxx_hal_pwr.o(.text.HAL_PWR_EnableBkUpAccess))
<BR><BR>[Called By]<UL><LI><a href="#[cf]">&gt;&gt;</a>&nbsp;&nbsp;&nbsp;HAL_RCCEx_PeriphCLKConfig
<LI><a href="#[10f]">&gt;&gt;</a>&nbsp;&nbsp;&nbsp;HAL_RCC_OscConfig
<LI><a href="#[151]">&gt;&gt;</a>&nbsp;&nbsp;&nbsp;SystemClock_Config
</UL>

<P><STRONG><a name="[dd]"></a>HAL_RCCEx_EnableMSIPLLMode</STRONG> (Thumb, 8 bytes, Stack size 8 bytes, stm32wbxx_hal_rcc_ex.o(.text.HAL_RCCEx_EnableMSIPLLMode))
<BR><BR>[Stack]<UL><LI>Max Depth = 8<LI>Call Chain = HAL_RCCEx_EnableMSIPLLMode
</UL>
<BR>[Calls]<UL><LI><a href="#[de]">&gt;&gt;</a>&nbsp;&nbsp;&nbsp;LL_RCC_MSI_EnablePLLMode
</UL>
<BR>[Called By]<UL><LI><a href="#[151]">&gt;&gt;</a>&nbsp;&nbsp;&nbsp;SystemClock_Config
</UL>

<P><STRONG><a name="[cf]"></a>HAL_RCCEx_PeriphCLKConfig</STRONG> (Thumb, 800 bytes, Stack size 40 bytes, stm32wbxx_hal_rcc_ex.o(.text.HAL_RCCEx_PeriphCLKConfig))
<BR><BR>[Stack]<UL><LI>Max Depth = 64<LI>Call Chain = HAL_RCCEx_PeriphCLKConfig &rArr; RCCEx_PLLSAI1_ConfigNR
</UL>
<BR>[Calls]<UL><LI><a href="#[f4]">&gt;&gt;</a>&nbsp;&nbsp;&nbsp;LL_RCC_SetSMPSClockSource
<LI><a href="#[f3]">&gt;&gt;</a>&nbsp;&nbsp;&nbsp;LL_RCC_SetSMPSPrescaler
<LI><a href="#[f2]">&gt;&gt;</a>&nbsp;&nbsp;&nbsp;LL_RCC_SetRFWKPClockSource
<LI><a href="#[f1]">&gt;&gt;</a>&nbsp;&nbsp;&nbsp;RCCEx_PLLSAI1_ConfigNR
<LI><a href="#[f0]">&gt;&gt;</a>&nbsp;&nbsp;&nbsp;LL_RCC_SetADCClockSource
<LI><a href="#[ef]">&gt;&gt;</a>&nbsp;&nbsp;&nbsp;LL_RCC_SetCLK48ClockSource
<LI><a href="#[ee]">&gt;&gt;</a>&nbsp;&nbsp;&nbsp;LL_RCC_SetRNGClockSource
<LI><a href="#[ed]">&gt;&gt;</a>&nbsp;&nbsp;&nbsp;RCCEx_PLLSAI1_ConfigNQ
<LI><a href="#[ec]">&gt;&gt;</a>&nbsp;&nbsp;&nbsp;LL_RCC_SetUSBClockSource
<LI><a href="#[eb]">&gt;&gt;</a>&nbsp;&nbsp;&nbsp;LL_RCC_SetI2CClockSource
<LI><a href="#[ea]">&gt;&gt;</a>&nbsp;&nbsp;&nbsp;LL_RCC_SetLPTIMClockSource
<LI><a href="#[e9]">&gt;&gt;</a>&nbsp;&nbsp;&nbsp;LL_RCC_SetLPUARTClockSource
<LI><a href="#[e8]">&gt;&gt;</a>&nbsp;&nbsp;&nbsp;LL_RCC_SetUSARTClockSource
<LI><a href="#[e7]">&gt;&gt;</a>&nbsp;&nbsp;&nbsp;LL_RCC_LSE_IsReady
<LI><a href="#[e6]">&gt;&gt;</a>&nbsp;&nbsp;&nbsp;LL_RCC_LSE_IsEnabled
<LI><a href="#[e5]">&gt;&gt;</a>&nbsp;&nbsp;&nbsp;LL_RCC_ReleaseBackupDomainReset
<LI><a href="#[e4]">&gt;&gt;</a>&nbsp;&nbsp;&nbsp;LL_RCC_ForceBackupDomainReset
<LI><a href="#[e3]">&gt;&gt;</a>&nbsp;&nbsp;&nbsp;LL_RCC_SetRTCClockSource
<LI><a href="#[e1]">&gt;&gt;</a>&nbsp;&nbsp;&nbsp;LL_RCC_GetRTCClockSource
<LI><a href="#[e0]">&gt;&gt;</a>&nbsp;&nbsp;&nbsp;LL_RCC_SetSAIClockSource
<LI><a href="#[df]">&gt;&gt;</a>&nbsp;&nbsp;&nbsp;RCCEx_PLLSAI1_ConfigNP
<LI><a href="#[9a]">&gt;&gt;</a>&nbsp;&nbsp;&nbsp;HAL_GetTick
<LI><a href="#[e2]">&gt;&gt;</a>&nbsp;&nbsp;&nbsp;HAL_PWR_EnableBkUpAccess
</UL>
<BR>[Called By]<UL><LI><a href="#[140]">&gt;&gt;</a>&nbsp;&nbsp;&nbsp;PeriphCommonClock_Config
<LI><a href="#[ca]">&gt;&gt;</a>&nbsp;&nbsp;&nbsp;HAL_PCD_MspInit
</UL>

<P><STRONG><a name="[f5]"></a>HAL_RCC_ClockConfig</STRONG> (Thumb, 744 bytes, Stack size 24 bytes, stm32wbxx_hal_rcc.o(.text.HAL_RCC_ClockConfig))
<BR><BR>[Stack]<UL><LI>Max Depth = 108<LI>Call Chain = HAL_RCC_ClockConfig &rArr; HAL_InitTick &rArr; HAL_RCC_GetHCLKFreq &rArr; HAL_RCC_GetSysClockFreq &rArr; LL_RCC_MSI_GetRange
</UL>
<BR>[Calls]<UL><LI><a href="#[106]">&gt;&gt;</a>&nbsp;&nbsp;&nbsp;HAL_GetTickPrio
<LI><a href="#[a1]">&gt;&gt;</a>&nbsp;&nbsp;&nbsp;HAL_RCC_GetHCLKFreq
<LI><a href="#[9f]">&gt;&gt;</a>&nbsp;&nbsp;&nbsp;HAL_InitTick
<LI><a href="#[104]">&gt;&gt;</a>&nbsp;&nbsp;&nbsp;LL_RCC_SetSysClkSource
<LI><a href="#[ff]">&gt;&gt;</a>&nbsp;&nbsp;&nbsp;LL_RCC_IsActiveFlag_PPRE2
<LI><a href="#[fe]">&gt;&gt;</a>&nbsp;&nbsp;&nbsp;LL_RCC_SetAPB2Prescaler
<LI><a href="#[fd]">&gt;&gt;</a>&nbsp;&nbsp;&nbsp;LL_RCC_IsActiveFlag_PPRE1
<LI><a href="#[fc]">&gt;&gt;</a>&nbsp;&nbsp;&nbsp;LL_RCC_SetAPB1Prescaler
<LI><a href="#[fb]">&gt;&gt;</a>&nbsp;&nbsp;&nbsp;LL_RCC_IsActiveFlag_SHDHPRE
<LI><a href="#[fa]">&gt;&gt;</a>&nbsp;&nbsp;&nbsp;LL_RCC_SetAHB4Prescaler
<LI><a href="#[f9]">&gt;&gt;</a>&nbsp;&nbsp;&nbsp;LL_RCC_IsActiveFlag_C2HPRE
<LI><a href="#[f8]">&gt;&gt;</a>&nbsp;&nbsp;&nbsp;LL_C2_RCC_SetAHBPrescaler
<LI><a href="#[f7]">&gt;&gt;</a>&nbsp;&nbsp;&nbsp;LL_RCC_IsActiveFlag_HPRE
<LI><a href="#[f6]">&gt;&gt;</a>&nbsp;&nbsp;&nbsp;LL_RCC_SetAHBPrescaler
<LI><a href="#[103]">&gt;&gt;</a>&nbsp;&nbsp;&nbsp;LL_RCC_HSI_IsReady
<LI><a href="#[100]">&gt;&gt;</a>&nbsp;&nbsp;&nbsp;LL_RCC_HSE_IsReady
<LI><a href="#[105]">&gt;&gt;</a>&nbsp;&nbsp;&nbsp;LL_RCC_GetSysClkSource
<LI><a href="#[101]">&gt;&gt;</a>&nbsp;&nbsp;&nbsp;LL_RCC_PLL_IsReady
<LI><a href="#[102]">&gt;&gt;</a>&nbsp;&nbsp;&nbsp;LL_RCC_MSI_IsReady
<LI><a href="#[9a]">&gt;&gt;</a>&nbsp;&nbsp;&nbsp;HAL_GetTick
</UL>
<BR>[Called By]<UL><LI><a href="#[151]">&gt;&gt;</a>&nbsp;&nbsp;&nbsp;SystemClock_Config
</UL>

<P><STRONG><a name="[a1]"></a>HAL_RCC_GetHCLKFreq</STRONG> (Thumb, 42 bytes, Stack size 16 bytes, stm32wbxx_hal_rcc.o(.text.HAL_RCC_GetHCLKFreq))
<BR><BR>[Stack]<UL><LI>Max Depth = 68<LI>Call Chain = HAL_RCC_GetHCLKFreq &rArr; HAL_RCC_GetSysClockFreq &rArr; LL_RCC_MSI_GetRange
</UL>
<BR>[Calls]<UL><LI><a href="#[107]">&gt;&gt;</a>&nbsp;&nbsp;&nbsp;HAL_RCC_GetSysClockFreq
<LI><a href="#[108]">&gt;&gt;</a>&nbsp;&nbsp;&nbsp;LL_RCC_GetAHBPrescaler
</UL>
<BR>[Called By]<UL><LI><a href="#[9f]">&gt;&gt;</a>&nbsp;&nbsp;&nbsp;HAL_InitTick
<LI><a href="#[f5]">&gt;&gt;</a>&nbsp;&nbsp;&nbsp;HAL_RCC_ClockConfig
<LI><a href="#[10f]">&gt;&gt;</a>&nbsp;&nbsp;&nbsp;HAL_RCC_OscConfig
</UL>

<P><STRONG><a name="[107]"></a>HAL_RCC_GetSysClockFreq</STRONG> (Thumb, 280 bytes, Stack size 48 bytes, stm32wbxx_hal_rcc.o(.text.HAL_RCC_GetSysClockFreq))
<BR><BR>[Stack]<UL><LI>Max Depth = 52<LI>Call Chain = HAL_RCC_GetSysClockFreq &rArr; LL_RCC_MSI_GetRange
</UL>
<BR>[Calls]<UL><LI><a href="#[10e]">&gt;&gt;</a>&nbsp;&nbsp;&nbsp;LL_RCC_PLL_GetR
<LI><a href="#[10d]">&gt;&gt;</a>&nbsp;&nbsp;&nbsp;LL_RCC_PLL_GetDivider
<LI><a href="#[10c]">&gt;&gt;</a>&nbsp;&nbsp;&nbsp;LL_RCC_PLL_GetN
<LI><a href="#[10a]">&gt;&gt;</a>&nbsp;&nbsp;&nbsp;LL_RCC_HSE_IsEnabledDiv2
<LI><a href="#[109]">&gt;&gt;</a>&nbsp;&nbsp;&nbsp;LL_RCC_MSI_GetRange
<LI><a href="#[10b]">&gt;&gt;</a>&nbsp;&nbsp;&nbsp;LL_RCC_PLL_GetMainSource
<LI><a href="#[105]">&gt;&gt;</a>&nbsp;&nbsp;&nbsp;LL_RCC_GetSysClkSource
</UL>
<BR>[Called By]<UL><LI><a href="#[a1]">&gt;&gt;</a>&nbsp;&nbsp;&nbsp;HAL_RCC_GetHCLKFreq
</UL>

<P><STRONG><a name="[10f]"></a>HAL_RCC_OscConfig</STRONG> (Thumb, 2000 bytes, Stack size 64 bytes, stm32wbxx_hal_rcc.o(.text.HAL_RCC_OscConfig))
<BR><BR>[Stack]<UL><LI>Max Depth = 176<LI>Call Chain = HAL_RCC_OscConfig &rArr; RCC_SetFlashLatencyFromMSIRange &rArr; RCC_SetFlashLatency
</UL>
<BR>[Calls]<UL><LI><a href="#[a1]">&gt;&gt;</a>&nbsp;&nbsp;&nbsp;HAL_RCC_GetHCLKFreq
<LI><a href="#[9f]">&gt;&gt;</a>&nbsp;&nbsp;&nbsp;HAL_InitTick
<LI><a href="#[12a]">&gt;&gt;</a>&nbsp;&nbsp;&nbsp;LL_RCC_PLL_Enable
<LI><a href="#[129]">&gt;&gt;</a>&nbsp;&nbsp;&nbsp;LL_RCC_PLL_Disable
<LI><a href="#[128]">&gt;&gt;</a>&nbsp;&nbsp;&nbsp;LL_RCC_HSI48_Disable
<LI><a href="#[127]">&gt;&gt;</a>&nbsp;&nbsp;&nbsp;LL_RCC_HSI48_IsReady
<LI><a href="#[126]">&gt;&gt;</a>&nbsp;&nbsp;&nbsp;LL_RCC_HSI48_Enable
<LI><a href="#[125]">&gt;&gt;</a>&nbsp;&nbsp;&nbsp;LL_RCC_LSE_IsReady
<LI><a href="#[124]">&gt;&gt;</a>&nbsp;&nbsp;&nbsp;LL_RCC_LSE_DisableBypass
[...]
</UL>
<BR>[Calls]<UL><LI><a href="#[14e]">&gt;&gt;</a>&nbsp;&nbsp;&nbsp;SPI_WaitFlagStateUntilTimeout
<LI><a href="#[14f]">&gt;&gt;</a>&nbsp;&nbsp;&nbsp;SPI_WaitFifoStateUntilTimeout
</UL>
<BR>[Called By]<UL><LI><a href="#[4e]">&gt;&gt;</a>&nbsp;&nbsp;&nbsp;SPI_DMATransmitReceiveCplt
<LI><a href="#[51]">&gt;&gt;</a>&nbsp;&nbsp;&nbsp;SPI_DMATransmitCplt
</UL>

<P><STRONG><a name="[14f]"></a>SPI_WaitFifoStateUntilTimeout</STRONG> (Thumb, 332 bytes, Stack size 56 bytes, stm32wbxx_hal_spi.o(.text.SPI_WaitFifoStateUntilTimeout))
<BR><BR>[Stack]<UL><LI>Max Depth = 56<LI>Call Chain = SPI_WaitFifoStateUntilTimeout
</UL>
<BR>[Calls]<UL><LI><a href="#[9a]">&gt;&gt;</a>&nbsp;&nbsp;&nbsp;HAL_GetTick
</UL>
<BR>[Called By]<UL><LI><a href="#[14b]">&gt;&gt;</a>&nbsp;&nbsp;&nbsp;SPI_EndRxTransaction
<LI><a href="#[14d]">&gt;&gt;</a>&nbsp;&nbsp;&nbsp;SPI_EndRxTxTransaction
</UL>

<P><STRONG><a name="[14e]"></a>SPI_WaitFlagStateUntilTimeout</STRONG> (Thumb, 298 bytes, Stack size 48 bytes, stm32wbxx_hal_spi.o(.text.SPI_WaitFlagStateUntilTimeout))
<BR><BR>[Stack]<UL><LI>Max Depth = 48<LI>Call Chain = SPI_WaitFlagStateUntilTimeout
</UL>
<BR>[Calls]<UL><LI><a href="#[9a]">&gt;&gt;</a>&nbsp;&nbsp;&nbsp;HAL_GetTick
</UL>
<BR>[Called By]<UL><LI><a href="#[14b]">&gt;&gt;</a>&nbsp;&nbsp;&nbsp;SPI_EndRxTransaction
<LI><a href="#[14d]">&gt;&gt;</a>&nbsp;&nbsp;&nbsp;SPI_EndRxTxTransaction
</UL>

<P><STRONG><a name="[14b]"></a>SPI_EndRxTransaction</STRONG> (Thumb, 196 bytes, Stack size 32 bytes, stm32wbxx_hal_spi.o(.text.SPI_EndRxTransaction))
<BR><BR>[Stack]<UL><LI>Max Depth = 88<LI>Call Chain = SPI_EndRxTransaction &rArr; SPI_WaitFifoStateUntilTimeout
</UL>
<BR>[Calls]<UL><LI><a href="#[14e]">&gt;&gt;</a>&nbsp;&nbsp;&nbsp;SPI_WaitFlagStateUntilTimeout
<LI><a href="#[14f]">&gt;&gt;</a>&nbsp;&nbsp;&nbsp;SPI_WaitFifoStateUntilTimeout
</UL>
<BR>[Called By]<UL><LI><a href="#[4c]">&gt;&gt;</a>&nbsp;&nbsp;&nbsp;SPI_DMAReceiveCplt
</UL>

<P><STRONG><a name="[50]"></a>SPI_DMAHalfTransmitCplt</STRONG> (Thumb, 22 bytes, Stack size 16 bytes, stm32wbxx_hal_spi.o(.text.SPI_DMAHalfTransmitCplt))
<BR><BR>[Stack]<UL><LI>Max Depth = 20<LI>Call Chain = SPI_DMAHalfTransmitCplt &rArr; HAL_SPI_TxHalfCpltCallback
</UL>
<BR>[Calls]<UL><LI><a href="#[149]">&gt;&gt;</a>&nbsp;&nbsp;&nbsp;HAL_SPI_TxHalfCpltCallback
</UL>
<BR>[Address Reference Count : 1]<UL><LI> stm32wbxx_hal_spi.o(.text.HAL_SPI_Transmit_DMA)
</UL>
<P><STRONG><a name="[51]"></a>SPI_DMATransmitCplt</STRONG> (Thumb, 164 bytes, Stack size 24 bytes, stm32wbxx_hal_spi.o(.text.SPI_DMATransmitCplt))
<BR><BR>[Stack]<UL><LI>Max Depth = 112<LI>Call Chain = SPI_DMATransmitCplt &rArr; SPI_EndRxTxTransaction &rArr; SPI_WaitFifoStateUntilTimeout
</UL>
<BR>[Calls]<UL><LI><a href="#[9a]">&gt;&gt;</a>&nbsp;&nbsp;&nbsp;HAL_GetTick
<LI><a href="#[131]">&gt;&gt;</a>&nbsp;&nbsp;&nbsp;HAL_SPI_TxCpltCallback
<LI><a href="#[147]">&gt;&gt;</a>&nbsp;&nbsp;&nbsp;HAL_SPI_ErrorCallback
<LI><a href="#[14d]">&gt;&gt;</a>&nbsp;&nbsp;&nbsp;SPI_EndRxTxTransaction
</UL>
<BR>[Address Reference Count : 1]<UL><LI> stm32wbxx_hal_spi.o(.text.HAL_SPI_Transmit_DMA)
</UL>
<P><STRONG><a name="[4f]"></a>SPI_DMAError</STRONG> (Thumb, 52 bytes, Stack size 16 bytes, stm32wbxx_hal_spi.o(.text.SPI_DMAError))
<BR><BR>[Stack]<UL><LI>Max Depth = 20<LI>Call Chain = SPI_DMAError &rArr; HAL_SPI_ErrorCallback
</UL>
<BR>[Calls]<UL><LI><a href="#[147]">&gt;&gt;</a>&nbsp;&nbsp;&nbsp;HAL_SPI_ErrorCallback
</UL>
<BR>[Address Reference Count : 2]<UL><LI> stm32wbxx_hal_spi.o(.text.HAL_SPI_Transmit_DMA)
<LI> stm32wbxx_hal_spi.o(.text.HAL_SPI_TransmitReceive_DMA)
</UL>
<P><STRONG><a name="[4b]"></a>SPI_DMAHalfReceiveCplt</STRONG> (Thumb, 22 bytes, Stack size 16 bytes, stm32wbxx_hal_spi.o(.text.SPI_DMAHalfReceiveCplt))
<BR><BR>[Stack]<UL><LI>Max Depth = 20<LI>Call Chain = SPI_DMAHalfReceiveCplt &rArr; HAL_SPI_RxHalfCpltCallback
</UL>
<BR>[Calls]<UL><LI><a href="#[148]">&gt;&gt;</a>&nbsp;&nbsp;&nbsp;HAL_SPI_RxHalfCpltCallback
</UL>
<BR>[Address Reference Count : 1]<UL><LI> stm32wbxx_hal_spi.o(.text.HAL_SPI_TransmitReceive_DMA)
</UL>
<P><STRONG><a name="[4c]"></a>SPI_DMAReceiveCplt</STRONG> (Thumb, 162 bytes, Stack size 24 bytes, stm32wbxx_hal_spi.o(.text.SPI_DMAReceiveCplt))
<BR><BR>[Stack]<UL><LI>Max Depth = 112<LI>Call Chain = SPI_DMAReceiveCplt &rArr; SPI_EndRxTransaction &rArr; SPI_WaitFifoStateUntilTimeout
</UL>
<BR>[Calls]<UL><LI><a href="#[9a]">&gt;&gt;</a>&nbsp;&nbsp;&nbsp;HAL_GetTick
<LI><a href="#[14c]">&gt;&gt;</a>&nbsp;&nbsp;&nbsp;HAL_SPI_RxCpltCallback
<LI><a href="#[147]">&gt;&gt;</a>&nbsp;&nbsp;&nbsp;HAL_SPI_ErrorCallback
<LI><a href="#[14b]">&gt;&gt;</a>&nbsp;&nbsp;&nbsp;SPI_EndRxTransaction
</UL>
<BR>[Address Reference Count : 1]<UL><LI> stm32wbxx_hal_spi.o(.text.HAL_SPI_TransmitReceive_DMA)
</UL>
<P><STRONG><a name="[4d]"></a>SPI_DMAHalfTransmitReceiveCplt</STRONG> (Thumb, 22 bytes, Stack size 16 bytes, stm32wbxx_hal_spi.o(.text.SPI_DMAHalfTransmitReceiveCplt))
<BR><BR>[Stack]<UL><LI>Max Depth = 20<LI>Call Chain = SPI_DMAHalfTransmitReceiveCplt &rArr; HAL_SPI_TxRxHalfCpltCallback
</UL>
<BR>[Calls]<UL><LI><a href="#[14a]">&gt;&gt;</a>&nbsp;&nbsp;&nbsp;HAL_SPI_TxRxHalfCpltCallback
</UL>
<BR>[Address Reference Count : 1]<UL><LI> stm32wbxx_hal_spi.o(.text.HAL_SPI_TransmitReceive_DMA)
</UL>
<P><STRONG><a name="[4e]"></a>SPI_DMATransmitReceiveCplt</STRONG> (Thumb, 134 bytes, Stack size 24 bytes, stm32wbxx_hal_spi.o(.text.SPI_DMATransmitReceiveCplt))
<BR><BR>[Stack]<UL><LI>Max Depth = 112<LI>Call Chain = SPI_DMATransmitReceiveCplt &rArr; SPI_EndRxTxTransaction &rArr; SPI_WaitFifoStateUntilTimeout
</UL>
<BR>[Calls]<UL><LI><a href="#[9a]">&gt;&gt;</a>&nbsp;&nbsp;&nbsp;HAL_GetTick
<LI><a href="#[132]">&gt;&gt;</a>&nbsp;&nbsp;&nbsp;HAL_SPI_TxRxCpltCallback
<LI><a href="#[147]">&gt;&gt;</a>&nbsp;&nbsp;&nbsp;HAL_SPI_ErrorCallback
<LI><a href="#[14d]">&gt;&gt;</a>&nbsp;&nbsp;&nbsp;SPI_EndRxTxTransaction
</UL>
<BR>[Address Reference Count : 1]<UL><LI> stm32wbxx_hal_spi.o(.text.HAL_SPI_TransmitReceive_DMA)
</UL>
<P><STRONG><a name="[d1]"></a>LL_AHB2_GRP1_EnableClock</STRONG> (Thumb, 32 bytes, Stack size 8 bytes, usbd_conf.o(.text.LL_AHB2_GRP1_EnableClock))
<BR><BR>[Stack]<UL><LI>Max Depth = 8<LI>Call Chain = LL_AHB2_GRP1_EnableClock
</UL>
<BR>[Called By]<UL><LI><a href="#[ca]">&gt;&gt;</a>&nbsp;&nbsp;&nbsp;HAL_PCD_MspInit
</UL>

<P><STRONG><a name="[d3]"></a>LL_APB1_GRP1_EnableClock</STRONG> (Thumb, 32 bytes, Stack size 8 bytes, usbd_conf.o(.text.LL_APB1_GRP1_EnableClock))
<BR><BR>[Stack]<UL><LI>Max Depth = 8<LI>Call Chain = LL_APB1_GRP1_EnableClock
</UL>
<BR>[Called By]<UL><LI><a href="#[ca]">&gt;&gt;</a>&nbsp;&nbsp;&nbsp;HAL_PCD_MspInit
</UL>

<P><STRONG><a name="[ab]"></a>SystemClockConfig_Resume</STRONG> (Thumb, 8 bytes, Stack size 8 bytes, usbd_conf.o(.text.SystemClockConfig_Resume))
<BR><BR>[Stack]<UL><LI>Max Depth = 296 + Unknown Stack Size
<LI>Call Chain = SystemClockConfig_Resume &rArr; SystemClock_Config &rArr; HAL_RCC_OscConfig &rArr; RCC_SetFlashLatencyFromMSIRange &rArr; RCC_SetFlashLatency
</UL>
<BR>[Calls]<UL><LI><a href="#[151]">&gt;&gt;</a>&nbsp;&nbsp;&nbsp;SystemClock_Config
</UL>
<BR>[Called By]<UL><LI><a href="#[aa]">&gt;&gt;</a>&nbsp;&nbsp;&nbsp;HAL_PCDEx_LPM_Callback
<LI><a href="#[c6]">&gt;&gt;</a>&nbsp;&nbsp;&nbsp;HAL_PCD_ResumeCallback
</UL>

<P><STRONG><a name="[16c]"></a>USBD_Get_USB_Status</STRONG> (Thumb, 82 bytes, Stack size 8 bytes, usbd_conf.o(.text.USBD_Get_USB_Status))
<BR><BR>[Stack]<UL><LI>Max Depth = 8<LI>Call Chain = USBD_Get_USB_Status
</UL>
<BR>[Called By]<UL><LI><a href="#[15b]">&gt;&gt;</a>&nbsp;&nbsp;&nbsp;USBD_LL_PrepareReceive
<LI><a href="#[154]">&gt;&gt;</a>&nbsp;&nbsp;&nbsp;USBD_LL_Transmit
<LI><a href="#[173]">&gt;&gt;</a>&nbsp;&nbsp;&nbsp;USBD_LL_SetUSBAddress
<LI><a href="#[16b]">&gt;&gt;</a>&nbsp;&nbsp;&nbsp;USBD_LL_ClearStallEP
<LI><a href="#[163]">&gt;&gt;</a>&nbsp;&nbsp;&nbsp;USBD_LL_StallEP
<LI><a href="#[156]">&gt;&gt;</a>&nbsp;&nbsp;&nbsp;USBD_LL_CloseEP
<LI><a href="#[15a]">&gt;&gt;</a>&nbsp;&nbsp;&nbsp;USBD_LL_OpenEP
<LI><a href="#[178]">&gt;&gt;</a>&nbsp;&nbsp;&nbsp;USBD_LL_Start
</UL>

<P><STRONG><a name="[93]"></a>Get_SerialNum</STRONG> (Thumb, 92 bytes, Stack size 24 bytes, usbd_desc.o(.text.Get_SerialNum))
<BR><BR>[Stack]<UL><LI>Max Depth = 36<LI>Call Chain = Get_SerialNum &rArr; IntToUnicode
</UL>
<BR>[Calls]<UL><LI><a href="#[94]">&gt;&gt;</a>&nbsp;&nbsp;&nbsp;IntToUnicode
</UL>
<BR>[Called By]<UL><LI><a href="#[56]">&gt;&gt;</a>&nbsp;&nbsp;&nbsp;USBD_CDC_SerialStrDescriptor
</UL>

<P><STRONG><a name="[94]"></a>IntToUnicode</STRONG> (Thumb, 122 bytes, Stack size 12 bytes, usbd_desc.o(.text.IntToUnicode))
<BR><BR>[Stack]<UL><LI>Max Depth = 12<LI>Call Chain = IntToUnicode
</UL>
<BR>[Called By]<UL><LI><a href="#[93]">&gt;&gt;</a>&nbsp;&nbsp;&nbsp;Get_SerialNum
</UL>

<P><STRONG><a name="[63]"></a>CDC_Init_FS</STRONG> (Thumb, 50 bytes, Stack size 16 bytes, usbd_cdc_if.o(.text.CDC_Init_FS))
<BR><BR>[Stack]<UL><LI>Max Depth = 36<LI>Call Chain = CDC_Init_FS &rArr; USBD_CDC_SetTxBuffer
</UL>
<BR>[Calls]<UL><LI><a href="#[8a]">&gt;&gt;</a>&nbsp;&nbsp;&nbsp;USBD_CDC_SetRxBuffer
<LI><a href="#[89]">&gt;&gt;</a>&nbsp;&nbsp;&nbsp;USBD_CDC_SetTxBuffer
</UL>
<BR>[Address Reference Count : 1]<UL><LI> usbd_cdc_if.o(.data.USBD_Interface_fops_FS)
</UL>
<P><STRONG><a name="[64]"></a>CDC_DeInit_FS</STRONG> (Thumb, 4 bytes, Stack size 0 bytes, usbd_cdc_if.o(.text.CDC_DeInit_FS))
<BR>[Address Reference Count : 1]<UL><LI> usbd_cdc_if.o(.data.USBD_Interface_fops_FS)
</UL>
<P><STRONG><a name="[65]"></a>CDC_Control_FS</STRONG> (Thumb, 92 bytes, Stack size 16 bytes, usbd_cdc_if.o(.text.CDC_Control_FS))
<BR><BR>[Stack]<UL><LI>Max Depth = 16<LI>Call Chain = CDC_Control_FS
</UL>
<BR>[Address Reference Count : 1]<UL><LI> usbd_cdc_if.o(.data.USBD_Interface_fops_FS)
</UL>
<P><STRONG><a name="[66]"></a>CDC_Receive_FS</STRONG> (Thumb, 36 bytes, Stack size 24 bytes, usbd_cdc_if.o(.text.CDC_Receive_FS))
<BR><BR>[Stack]<UL><LI>Max Depth = 428<LI>Call Chain = CDC_Receive_FS &rArr; USBD_CDC_ReceivePacket &rArr; USBD_LL_PrepareReceive &rArr; HAL_PCD_EP_Receive &rArr; USB_EPStartXfer &rArr; USB_WritePMA
</UL>
<BR>[Calls]<UL><LI><a href="#[8b]">&gt;&gt;</a>&nbsp;&nbsp;&nbsp;USBD_CDC_ReceivePacket
<LI><a href="#[8a]">&gt;&gt;</a>&nbsp;&nbsp;&nbsp;USBD_CDC_SetRxBuffer
</UL>
<BR>[Address Reference Count : 1]<UL><LI> usbd_cdc_if.o(.data.USBD_Interface_fops_FS)
</UL>
<P><STRONG><a name="[67]"></a>CDC_TransmitCplt_FS</STRONG> (Thumb, 24 bytes, Stack size 12 bytes, usbd_cdc_if.o(.text.CDC_TransmitCplt_FS))
<BR><BR>[Stack]<UL><LI>Max Depth = 12<LI>Call Chain = CDC_TransmitCplt_FS
</UL>
<BR>[Address Reference Count : 1]<UL><LI> usbd_cdc_if.o(.data.USBD_Interface_fops_FS)
</UL>
<P><STRONG><a name="[166]"></a>USBD_GetDescriptor</STRONG> (Thumb, 798 bytes, Stack size 40 bytes, usbd_ctlreq.o(.text.USBD_GetDescriptor))
<BR><BR>[Stack]<UL><LI>Max Depth = 444<LI>Call Chain = USBD_GetDescriptor &rArr; USBD_CtlSendData &rArr; USBD_LL_Transmit &rArr; HAL_PCD_EP_Transmit &rArr; USB_EPStartXfer &rArr; USB_WritePMA
</UL>
<BR>[Calls]<UL><LI><a href="#[15c]">&gt;&gt;</a>&nbsp;&nbsp;&nbsp;USBD_CtlSendData
<LI><a href="#[15e]">&gt;&gt;</a>&nbsp;&nbsp;&nbsp;USBD_CtlError
<LI><a href="#[160]">&gt;&gt;</a>&nbsp;&nbsp;&nbsp;USBD_CtlSendStatus
</UL>
<BR>[Called By]<UL><LI><a href="#[175]">&gt;&gt;</a>&nbsp;&nbsp;&nbsp;USBD_StdDevReq
</UL>

<P><STRONG><a name="[17a]"></a>USBD_SetAddress</STRONG> (Thumb, 140 bytes, Stack size 24 bytes, usbd_ctlreq.o(.text.USBD_SetAddress))
<BR><BR>[Stack]<UL><LI>Max Depth = 420<LI>Call Chain = USBD_SetAddress &rArr; USBD_CtlSendStatus &rArr; USBD_LL_Transmit &rArr; HAL_PCD_EP_Transmit &rArr; USB_EPStartXfer &rArr; USB_WritePMA
</UL>
<BR>[Calls]<UL><LI><a href="#[15e]">&gt;&gt;</a>&nbsp;&nbsp;&nbsp;USBD_CtlError
<LI><a href="#[160]">&gt;&gt;</a>&nbsp;&nbsp;&nbsp;USBD_CtlSendStatus
<LI><a href="#[173]">&gt;&gt;</a>&nbsp;&nbsp;&nbsp;USBD_LL_SetUSBAddress
</UL>
<BR>[Called By]<UL><LI><a href="#[175]">&gt;&gt;</a>&nbsp;&nbsp;&nbsp;USBD_StdDevReq
</UL>

<P><STRONG><a name="[17b]"></a>USBD_SetConfig</STRONG> (Thumb, 382 bytes, Stack size 32 bytes, usbd_ctlreq.o(.text.USBD_SetConfig))
<BR><BR>[Stack]<UL><LI>Max Depth = 428<LI>Call Chain = USBD_SetConfig &rArr; USBD_CtlSendStatus &rArr; USBD_LL_Transmit &rArr; HAL_PCD_EP_Transmit &rArr; USB_EPStartXfer &rArr; USB_WritePMA
</UL>
<BR>[Calls]<UL><LI><a href="#[15e]">&gt;&gt;</a>&nbsp;&nbsp;&nbsp;USBD_CtlError
<LI><a href="#[160]">&gt;&gt;</a>&nbsp;&nbsp;&nbsp;USBD_CtlSendStatus
<LI><a href="#[17d]">&gt;&gt;</a>&nbsp;&nbsp;&nbsp;USBD_ClrClassConfig
<LI><a href="#[17c]">&gt;&gt;</a>&nbsp;&nbsp;&nbsp;USBD_SetClassConfig
</UL>
<BR>[Called By]<UL><LI><a href="#[175]">&gt;&gt;</a>&nbsp;&nbsp;&nbsp;USBD_StdDevReq
</UL>

<P><STRONG><a name="[165]"></a>USBD_GetConfig</STRONG> (Thumb, 100 bytes, Stack size 24 bytes, usbd_ctlreq.o(.text.USBD_GetConfig))
<BR><BR>[Stack]<UL><LI>Max Depth = 428<LI>Call Chain = USBD_GetConfig &rArr; USBD_CtlSendData &rArr; USBD_LL_Transmit &rArr; HAL_PCD_EP_Transmit &rArr; USB_EPStartXfer &rArr; USB_WritePMA
</UL>
<BR>[Calls]<UL><LI><a href="#[15c]">&gt;&gt;</a>&nbsp;&nbsp;&nbsp;USBD_CtlSendData
<LI><a href="#[15e]">&gt;&gt;</a>&nbsp;&nbsp;&nbsp;USBD_CtlError
</UL>
<BR>[Called By]<UL><LI><a href="#[175]">&gt;&gt;</a>&nbsp;&nbsp;&nbsp;USBD_StdDevReq
</UL>

<P><STRONG><a name="[168]"></a>USBD_GetStatus</STRONG> (Thumb, 98 bytes, Stack size 16 bytes, usbd_ctlreq.o(.text.USBD_GetStatus))
<BR><BR>[Stack]<UL><LI>Max Depth = 420<LI>Call Chain = USBD_GetStatus &rArr; USBD_CtlSendData &rArr; USBD_LL_Transmit &rArr; HAL_PCD_EP_Transmit &rArr; USB_EPStartXfer &rArr; USB_WritePMA
</UL>
<BR>[Calls]<UL><LI><a href="#[15c]">&gt;&gt;</a>&nbsp;&nbsp;&nbsp;USBD_CtlSendData
<LI><a href="#[15e]">&gt;&gt;</a>&nbsp;&nbsp;&nbsp;USBD_CtlError
</UL>
<BR>[Called By]<UL><LI><a href="#[175]">&gt;&gt;</a>&nbsp;&nbsp;&nbsp;USBD_StdDevReq
</UL>

<P><STRONG><a name="[17e]"></a>USBD_SetFeature</STRONG> (Thumb, 78 bytes, Stack size 16 bytes, usbd_ctlreq.o(.text.USBD_SetFeature))
<BR><BR>[Stack]<UL><LI>Max Depth = 412<LI>Call Chain = USBD_SetFeature &rArr; USBD_CtlSendStatus &rArr; USBD_LL_Transmit &rArr; HAL_PCD_EP_Transmit &rArr; USB_EPStartXfer &rArr; USB_WritePMA
</UL>
<BR>[Calls]<UL><LI><a href="#[15e]">&gt;&gt;</a>&nbsp;&nbsp;&nbsp;USBD_CtlError
<LI><a href="#[160]">&gt;&gt;</a>&nbsp;&nbsp;&nbsp;USBD_CtlSendStatus
</UL>
<BR>[Called By]<UL><LI><a href="#[175]">&gt;&gt;</a>&nbsp;&nbsp;&nbsp;USBD_StdDevReq
</UL>

<P><STRONG><a name="[15f]"></a>USBD_ClrFeature</STRONG> (Thumb, 64 bytes, Stack size 16 bytes, usbd_ctlreq.o(.text.USBD_ClrFeature))
<BR><BR>[Stack]<UL><LI>Max Depth = 412<LI>Call Chain = USBD_ClrFeature &rArr; USBD_CtlSendStatus &rArr; USBD_LL_Transmit &rArr; HAL_PCD_EP_Transmit &rArr; USB_EPStartXfer &rArr; USB_WritePMA
</UL>
<BR>[Calls]<UL><LI><a href="#[15e]">&gt;&gt;</a>&nbsp;&nbsp;&nbsp;USBD_CtlError
<LI><a href="#[160]">&gt;&gt;</a>&nbsp;&nbsp;&nbsp;USBD_CtlSendStatus
</UL>
<BR>[Called By]<UL><LI><a href="#[175]">&gt;&gt;</a>&nbsp;&nbsp;&nbsp;USBD_StdDevReq
</UL>

<P><STRONG><a name="[179]"></a>SWAPBYTE</STRONG> (Thumb, 54 bytes, Stack size 16 bytes, usbd_ctlreq.o(.text.SWAPBYTE))
<BR><BR>[Stack]<UL><LI>Max Depth = 16<LI>Call Chain = SWAPBYTE
</UL>
<BR>[Called By]<UL><LI><a href="#[174]">&gt;&gt;</a>&nbsp;&nbsp;&nbsp;USBD_ParseSetupRequest
</UL>

<P><STRONG><a name="[169]"></a>USBD_GetLen</STRONG> (Thumb, 50 bytes, Stack size 12 bytes, usbd_ctlreq.o(.text.USBD_GetLen))
<BR><BR>[Stack]<UL><LI>Max Depth = 12<LI>Call Chain = USBD_GetLen
</UL>
<BR>[Called By]<UL><LI><a href="#[153]">&gt;&gt;</a>&nbsp;&nbsp;&nbsp;USBD_GetString
</UL>

<P><STRONG><a name="[59]"></a>USBD_CDC_Init</STRONG> (Thumb, 540 bytes, Stack size 72 bytes, usbd_cdc.o(.text.USBD_CDC_Init))
<BR><BR>[Stack]<UL><LI>Max Depth = 452 + Unknown Stack Size
<LI>Call Chain = USBD_CDC_Init &rArr; USBD_LL_PrepareReceive &rArr; HAL_PCD_EP_Receive &rArr; USB_EPStartXfer &rArr; USB_WritePMA
</UL>
<BR>[Calls]<UL><LI><a href="#[159]">&gt;&gt;</a>&nbsp;&nbsp;&nbsp;USBD_static_malloc
<LI><a href="#[15b]">&gt;&gt;</a>&nbsp;&nbsp;&nbsp;USBD_LL_PrepareReceive
<LI><a href="#[15a]">&gt;&gt;</a>&nbsp;&nbsp;&nbsp;USBD_LL_OpenEP
<LI><a href="#[ce]">&gt;&gt;</a>&nbsp;&nbsp;&nbsp;__aeabi_memclr4
</UL>
<BR>[Address Reference Count : 1]<UL><LI> usbd_cdc.o(.data.USBD_CDC)
</UL>
<P><STRONG><a name="[5a]"></a>USBD_CDC_DeInit</STRONG> (Thumb, 236 bytes, Stack size 32 bytes, usbd_cdc.o(.text.USBD_CDC_DeInit))
<BR><BR>[Stack]<UL><LI>Max Depth = 120<LI>Call Chain = USBD_CDC_DeInit &rArr; USBD_LL_CloseEP &rArr; HAL_PCD_EP_Close &rArr; USB_DeactivateEndpoint
</UL>
<BR>[Calls]<UL><LI><a href="#[157]">&gt;&gt;</a>&nbsp;&nbsp;&nbsp;USBD_static_free
<LI><a href="#[156]">&gt;&gt;</a>&nbsp;&nbsp;&nbsp;USBD_LL_CloseEP
</UL>
<BR>[Address Reference Count : 1]<UL><LI> usbd_cdc.o(.data.USBD_CDC)
</UL>
<P><STRONG><a name="[5b]"></a>USBD_CDC_Setup</STRONG> (Thumb, 460 bytes, Stack size 48 bytes, usbd_cdc.o(.text.USBD_CDC_Setup))
<BR><BR>[Stack]<UL><LI>Max Depth = 452<LI>Call Chain = USBD_CDC_Setup &rArr; USBD_CtlSendData &rArr; USBD_LL_Transmit &rArr; HAL_PCD_EP_Transmit &rArr; USB_EPStartXfer &rArr; USB_WritePMA
</UL>
<BR>[Calls]<UL><LI><a href="#[15c]">&gt;&gt;</a>&nbsp;&nbsp;&nbsp;USBD_CtlSendData
<LI><a href="#[15e]">&gt;&gt;</a>&nbsp;&nbsp;&nbsp;USBD_CtlError
<LI><a href="#[15d]">&gt;&gt;</a>&nbsp;&nbsp;&nbsp;USBD_CtlPrepareRx
</UL>
<BR>[Address Reference Count : 1]<UL><LI> usbd_cdc.o(.data.USBD_CDC)
</UL>
<P><STRONG><a name="[5c]"></a>USBD_CDC_EP0_RxReady</STRONG> (Thumb, 120 bytes, Stack size 24 bytes, usbd_cdc.o(.text.USBD_CDC_EP0_RxReady))
<BR><BR>[Stack]<UL><LI>Max Depth = 24<LI>Call Chain = USBD_CDC_EP0_RxReady
</UL>
<BR>[Address Reference Count : 1]<UL><LI> usbd_cdc.o(.data.USBD_CDC)
</UL>
<P><STRONG><a name="[5d]"></a>USBD_CDC_DataIn</STRONG> (Thumb, 240 bytes, Stack size 32 bytes, usbd_cdc.o(.text.USBD_CDC_DataIn))
<BR><BR>[Stack]<UL><LI>Max Depth = 412<LI>Call Chain = USBD_CDC_DataIn &rArr; USBD_LL_Transmit &rArr; HAL_PCD_EP_Transmit &rArr; USB_EPStartXfer &rArr; USB_WritePMA
</UL>
<BR>[Calls]<UL><LI><a href="#[154]">&gt;&gt;</a>&nbsp;&nbsp;&nbsp;USBD_LL_Transmit
</UL>
<BR>[Address Reference Count : 1]<UL><LI> usbd_cdc.o(.data.USBD_CDC)
</UL>
<P><STRONG><a name="[5e]"></a>USBD_CDC_DataOut</STRONG> (Thumb, 112 bytes, Stack size 24 bytes, usbd_cdc.o(.text.USBD_CDC_DataOut))
<BR><BR>[Stack]<UL><LI>Max Depth = 48<LI>Call Chain = USBD_CDC_DataOut &rArr; USBD_LL_GetRxDataSize &rArr; HAL_PCD_EP_GetRxCount
</UL>
<BR>[Calls]<UL><LI><a href="#[155]">&gt;&gt;</a>&nbsp;&nbsp;&nbsp;USBD_LL_GetRxDataSize
</UL>
<BR>[Address Reference Count : 1]<UL><LI> usbd_cdc.o(.data.USBD_CDC)
</UL>
<P><STRONG><a name="[5f]"></a>USBD_CDC_GetHSCfgDesc</STRONG> (Thumb, 112 bytes, Stack size 32 bytes, usbd_cdc.o(.text.USBD_CDC_GetHSCfgDesc))
<BR><BR>[Stack]<UL><LI>Max Depth = 76<LI>Call Chain = USBD_CDC_GetHSCfgDesc &rArr; USBD_GetEpDesc &rArr; USBD_GetNextDesc
</UL>
<BR>[Calls]<UL><LI><a href="#[158]">&gt;&gt;</a>&nbsp;&nbsp;&nbsp;USBD_GetEpDesc
</UL>
<BR>[Address Reference Count : 1]<UL><LI> usbd_cdc.o(.data.USBD_CDC)
</UL>
<P><STRONG><a name="[60]"></a>USBD_CDC_GetFSCfgDesc</STRONG> (Thumb, 108 bytes, Stack size 32 bytes, usbd_cdc.o(.text.USBD_CDC_GetFSCfgDesc))
<BR><BR>[Stack]<UL><LI>Max Depth = 76<LI>Call Chain = USBD_CDC_GetFSCfgDesc &rArr; USBD_GetEpDesc &rArr; USBD_GetNextDesc
</UL>
<BR>[Calls]<UL><LI><a href="#[158]">&gt;&gt;</a>&nbsp;&nbsp;&nbsp;USBD_GetEpDesc
</UL>
<BR>[Address Reference Count : 1]<UL><LI> usbd_cdc.o(.data.USBD_CDC)
</UL>
<P><STRONG><a name="[61]"></a>USBD_CDC_GetOtherSpeedCfgDesc</STRONG> (Thumb, 108 bytes, Stack size 32 bytes, usbd_cdc.o(.text.USBD_CDC_GetOtherSpeedCfgDesc))
<BR><BR>[Stack]<UL><LI>Max Depth = 76<LI>Call Chain = USBD_CDC_GetOtherSpeedCfgDesc &rArr; USBD_GetEpDesc &rArr; USBD_GetNextDesc
</UL>
<BR>[Calls]<UL><LI><a href="#[158]">&gt;&gt;</a>&nbsp;&nbsp;&nbsp;USBD_GetEpDesc
</UL>
<BR>[Address Reference Count : 1]<UL><LI> usbd_cdc.o(.data.USBD_CDC)
</UL><P>
<H3>
Undefined Global Symbols
</H3><HR></body></html>
