<html>
<body>
<pre>
<h1>µVision Build Log</h1>
<h2>Tool Versions:</h2>
IDE-Version: µVision V5.38.0.0
Copyright (C) 2022 ARM Ltd and ARM Germany GmbH. All rights reserved.
License Information: gfsdgsd dsfsdf, emft, LIC=UE73W-9BE0Q-CMD9B-F5ZJ9-YXSRG-4KU7E
 
Tool Versions:
Toolchain:       MDK-ARM Community  Version: 5.38.0.0
Toolchain Path:  C:\Keil_v5\ARM\ARMCLANG\Bin
C Compiler:      ArmClang.exe V6.19
Assembler:       Armasm.exe V6.19
Linker/Locator:  ArmLink.exe V6.19
Library Manager: ArmAr.exe V6.19
Hex Converter:   FromElf.exe V6.19
CPU DLL:         SARMCM3.DLL V5.38.0.0
Dialog DLL:      DCM.DLL V1.17.5.0
Target DLL:      STLink\ST-LINKIII-KEIL_SWO.dll V3.1.0.0
Dialog DLL:      TCM.DLL V1.56.4.0
 
<h2>Project:</h2>
C:\Projects\emg-sensor_board\Software\MDK-ARM\Software.uvprojx
Project File Date:  05/21/2024

<h2>Output:</h2>
*** Using Compiler 'V6.19', folder: 'C:\Keil_v5\ARM\ARMCLANG\Bin'
Build target 'Software'
../Core/Src/main.c(477): warning: incompatible pointer types passing 'uint32_t[8]' (aka 'unsigned int[8]') to parameter of type 'uint8_t *' (aka 'unsigned char *') [-Wincompatible-pointer-types]
                                CDC_Transmit_FS(dataReading,32);
                                                ^~~~~~~~~~~
../USB_Device/App\usbd_cdc_if.h(108): note: passing argument to parameter 'Buf' here
uint8_t CDC_Transmit_FS(uint8_t* Buf, uint16_t Len);
                                 ^
1 warning generated.
compiling main.c...
linking...
Program Size: Code=23720 RO-data=476 RW-data=276 ZI-data=9828  
FromELF: creating hex file...
"Software\Software.axf" - 0 Error(s), 1 Warning(s).

<h2>Software Packages used:</h2>

Package Vendor: ARM
                http://www.keil.com/pack/ARM.CMSIS.5.9.0.pack
                ARM.CMSIS.5.9.0
                CMSIS (Common Microcontroller Software Interface Standard)
   * Component: CORE Version: 5.6.0

Package Vendor: Keil
                https://www.keil.com/pack/Keil.STM32WBxx_DFP.1.4.0.pack
                Keil.STM32WBxx_DFP.1.4.0
                STMicroelectronics STM32WB Series Device Support

<h2>Collection of Component include folders:</h2>
  ./RTE/_Software
  C:/Keil_v5/ARM/PACK/ARM/CMSIS/5.9.0/CMSIS/Core/Include
  C:/Keil_v5/ARM/PACK/Keil/STM32WBxx_DFP/1.4.0/Drivers/CMSIS/Device/ST/STM32WBxx/Include

<h2>Collection of Component Files used:</h2>

   * Component: ARM::CMSIS:CORE:5.6.0
      Include file:  CMSIS/Core/Include/tz_context.h
Build Time Elapsed:  00:00:03
</pre>
</body>
</html>
